###############################################################################
#
# IAR ELF Linker V9.10.1.308/W64 for ARM                  08/Aug/2021  19:06:33
# Copyright 2007-2021 IAR Systems AB.
#
#    Output file  =
#        D:\GitHub\NRF52840_WS2812B_BLE\nRF5_SDK_17.0.2_d674dde\examples\ble_peripheral\ble_app_ws2812b\pca10056\s140\iar\_build\ble_app_template_pca10056_s140.out
#    Map file     =
#        D:\GitHub\NRF52840_WS2812B_BLE\nRF5_SDK_17.0.2_d674dde\examples\ble_peripheral\ble_app_ws2812b\pca10056\s140\iar\_build\ble_app_template_pca10056_s140.map
#    Command line =
#        -f
#        D:\GitHub\NRF52840_WS2812B_BLE\nRF5_SDK_17.0.2_d674dde\examples\ble_peripheral\ble_app_ws2812b\pca10056\s140\iar\_build\ble_app_template_pca10056_s140.out.rsp
#        (D:\GitHub\NRF52840_WS2812B_BLE\nRF5_SDK_17.0.2_d674dde\examples\ble_peripheral\ble_app_ws2812b\pca10056\s140\iar\_build\nRF_Libraries\app_button.o
#        D:\GitHub\NRF52840_WS2812B_BLE\nRF5_SDK_17.0.2_d674dde\examples\ble_peripheral\ble_app_ws2812b\pca10056\s140\iar\_build\nRF_Libraries\app_error.o
#        D:\GitHub\NRF52840_WS2812B_BLE\nRF5_SDK_17.0.2_d674dde\examples\ble_peripheral\ble_app_ws2812b\pca10056\s140\iar\_build\nRF_Libraries\app_error_handler_iar.o
#        D:\GitHub\NRF52840_WS2812B_BLE\nRF5_SDK_17.0.2_d674dde\examples\ble_peripheral\ble_app_ws2812b\pca10056\s140\iar\_build\nRF_Libraries\app_error_weak.o
#        D:\GitHub\NRF52840_WS2812B_BLE\nRF5_SDK_17.0.2_d674dde\examples\ble_peripheral\ble_app_ws2812b\pca10056\s140\iar\_build\nRF_Libraries\app_scheduler.o
#        D:\GitHub\NRF52840_WS2812B_BLE\nRF5_SDK_17.0.2_d674dde\examples\ble_peripheral\ble_app_ws2812b\pca10056\s140\iar\_build\nRF_Libraries\app_timer2.o
#        D:\GitHub\NRF52840_WS2812B_BLE\nRF5_SDK_17.0.2_d674dde\examples\ble_peripheral\ble_app_ws2812b\pca10056\s140\iar\_build\nRF_Libraries\app_util_platform.o
#        D:\GitHub\NRF52840_WS2812B_BLE\nRF5_SDK_17.0.2_d674dde\examples\ble_peripheral\ble_app_ws2812b\pca10056\s140\iar\_build\nRF_BLE\auth_status_tracker.o
#        D:\GitHub\NRF52840_WS2812B_BLE\nRF5_SDK_17.0.2_d674dde\examples\ble_peripheral\ble_app_ws2812b\pca10056\s140\iar\_build\nRF_BLE\ble_advdata.o
#        D:\GitHub\NRF52840_WS2812B_BLE\nRF5_SDK_17.0.2_d674dde\examples\ble_peripheral\ble_app_ws2812b\pca10056\s140\iar\_build\nRF_BLE\ble_advertising.o
#        D:\GitHub\NRF52840_WS2812B_BLE\nRF5_SDK_17.0.2_d674dde\examples\ble_peripheral\ble_app_ws2812b\pca10056\s140\iar\_build\nRF_BLE\ble_conn_params.o
#        D:\GitHub\NRF52840_WS2812B_BLE\nRF5_SDK_17.0.2_d674dde\examples\ble_peripheral\ble_app_ws2812b\pca10056\s140\iar\_build\nRF_BLE\ble_conn_state.o
#        D:\GitHub\NRF52840_WS2812B_BLE\nRF5_SDK_17.0.2_d674dde\examples\ble_peripheral\ble_app_ws2812b\pca10056\s140\iar\_build\nRF_BLE\ble_srv_common.o
#        D:\GitHub\NRF52840_WS2812B_BLE\nRF5_SDK_17.0.2_d674dde\examples\ble_peripheral\ble_app_ws2812b\pca10056\s140\iar\_build\Application\Src\bleapp.o
#        D:\GitHub\NRF52840_WS2812B_BLE\nRF5_SDK_17.0.2_d674dde\examples\ble_peripheral\ble_app_ws2812b\pca10056\s140\iar\_build\Application\Src\bleapp_services.o
#        "D:\GitHub\NRF52840_WS2812B_BLE\nRF5_SDK_17.0.2_d674dde\examples\ble_peripheral\ble_app_ws2812b\pca10056\s140\iar\_build\Board
#        Definition\boards.o"
#        "D:\GitHub\NRF52840_WS2812B_BLE\nRF5_SDK_17.0.2_d674dde\examples\ble_peripheral\ble_app_ws2812b\pca10056\s140\iar\_build\Board
#        Support\bsp.o"
#        "D:\GitHub\NRF52840_WS2812B_BLE\nRF5_SDK_17.0.2_d674dde\examples\ble_peripheral\ble_app_ws2812b\pca10056\s140\iar\_build\Board
#        Support\bsp_btn_ble.o"
#        D:\GitHub\NRF52840_WS2812B_BLE\nRF5_SDK_17.0.2_d674dde\examples\ble_peripheral\ble_app_ws2812b\pca10056\s140\iar\_build\nRF_Libraries\crc16.o
#        D:\GitHub\NRF52840_WS2812B_BLE\nRF5_SDK_17.0.2_d674dde\examples\ble_peripheral\ble_app_ws2812b\pca10056\s140\iar\_build\nRF_Libraries\drv_rtc.o
#        D:\GitHub\NRF52840_WS2812B_BLE\nRF5_SDK_17.0.2_d674dde\examples\ble_peripheral\ble_app_ws2812b\pca10056\s140\iar\_build\nRF_Libraries\fds.o
#        D:\GitHub\NRF52840_WS2812B_BLE\nRF5_SDK_17.0.2_d674dde\examples\ble_peripheral\ble_app_ws2812b\pca10056\s140\iar\_build\Application\Src\frame.o
#        D:\GitHub\NRF52840_WS2812B_BLE\nRF5_SDK_17.0.2_d674dde\examples\ble_peripheral\ble_app_ws2812b\pca10056\s140\iar\_build\nRF_BLE\gatt_cache_manager.o
#        D:\GitHub\NRF52840_WS2812B_BLE\nRF5_SDK_17.0.2_d674dde\examples\ble_peripheral\ble_app_ws2812b\pca10056\s140\iar\_build\nRF_BLE\gatts_cache_manager.o
#        D:\GitHub\NRF52840_WS2812B_BLE\nRF5_SDK_17.0.2_d674dde\examples\ble_peripheral\ble_app_ws2812b\pca10056\s140\iar\_build\nRF_Libraries\hardfault_implementation.o
#        D:\GitHub\NRF52840_WS2812B_BLE\nRF5_SDK_17.0.2_d674dde\examples\ble_peripheral\ble_app_ws2812b\pca10056\s140\iar\_build\None\iar_startup_nrf52840.o
#        D:\GitHub\NRF52840_WS2812B_BLE\nRF5_SDK_17.0.2_d674dde\examples\ble_peripheral\ble_app_ws2812b\pca10056\s140\iar\_build\nRF_BLE\id_manager.o
#        D:\GitHub\NRF52840_WS2812B_BLE\nRF5_SDK_17.0.2_d674dde\examples\ble_peripheral\ble_app_ws2812b\pca10056\s140\iar\_build\Application\Src\main.o
#        D:\GitHub\NRF52840_WS2812B_BLE\nRF5_SDK_17.0.2_d674dde\examples\ble_peripheral\ble_app_ws2812b\pca10056\s140\iar\_build\nRF_Libraries\nrf_assert.o
#        D:\GitHub\NRF52840_WS2812B_BLE\nRF5_SDK_17.0.2_d674dde\examples\ble_peripheral\ble_app_ws2812b\pca10056\s140\iar\_build\nRF_Libraries\nrf_atfifo.o
#        D:\GitHub\NRF52840_WS2812B_BLE\nRF5_SDK_17.0.2_d674dde\examples\ble_peripheral\ble_app_ws2812b\pca10056\s140\iar\_build\nRF_Libraries\nrf_atflags.o
#        D:\GitHub\NRF52840_WS2812B_BLE\nRF5_SDK_17.0.2_d674dde\examples\ble_peripheral\ble_app_ws2812b\pca10056\s140\iar\_build\nRF_Libraries\nrf_atomic.o
#        D:\GitHub\NRF52840_WS2812B_BLE\nRF5_SDK_17.0.2_d674dde\examples\ble_peripheral\ble_app_ws2812b\pca10056\s140\iar\_build\nRF_Libraries\nrf_balloc.o
#        D:\GitHub\NRF52840_WS2812B_BLE\nRF5_SDK_17.0.2_d674dde\examples\ble_peripheral\ble_app_ws2812b\pca10056\s140\iar\_build\nRF_BLE\nrf_ble_gatt.o
#        D:\GitHub\NRF52840_WS2812B_BLE\nRF5_SDK_17.0.2_d674dde\examples\ble_peripheral\ble_app_ws2812b\pca10056\s140\iar\_build\nRF_BLE\nrf_ble_qwr.o
#        D:\GitHub\NRF52840_WS2812B_BLE\nRF5_SDK_17.0.2_d674dde\examples\ble_peripheral\ble_app_ws2812b\pca10056\s140\iar\_build\nRF_Drivers\nrf_drv_clock.o
#        D:\GitHub\NRF52840_WS2812B_BLE\nRF5_SDK_17.0.2_d674dde\examples\ble_peripheral\ble_app_ws2812b\pca10056\s140\iar\_build\nRF_Drivers\nrf_drv_uart.o
#        D:\GitHub\NRF52840_WS2812B_BLE\nRF5_SDK_17.0.2_d674dde\examples\ble_peripheral\ble_app_ws2812b\pca10056\s140\iar\_build\nRF_Libraries\nrf_fprintf.o
#        D:\GitHub\NRF52840_WS2812B_BLE\nRF5_SDK_17.0.2_d674dde\examples\ble_peripheral\ble_app_ws2812b\pca10056\s140\iar\_build\nRF_Libraries\nrf_fprintf_format.o
#        D:\GitHub\NRF52840_WS2812B_BLE\nRF5_SDK_17.0.2_d674dde\examples\ble_peripheral\ble_app_ws2812b\pca10056\s140\iar\_build\nRF_Libraries\nrf_fstorage.o
#        D:\GitHub\NRF52840_WS2812B_BLE\nRF5_SDK_17.0.2_d674dde\examples\ble_peripheral\ble_app_ws2812b\pca10056\s140\iar\_build\nRF_Libraries\nrf_fstorage_sd.o
#        D:\GitHub\NRF52840_WS2812B_BLE\nRF5_SDK_17.0.2_d674dde\examples\ble_peripheral\ble_app_ws2812b\pca10056\s140\iar\_build\nRF_Log\nrf_log_backend_rtt.o
#        D:\GitHub\NRF52840_WS2812B_BLE\nRF5_SDK_17.0.2_d674dde\examples\ble_peripheral\ble_app_ws2812b\pca10056\s140\iar\_build\nRF_Log\nrf_log_backend_serial.o
#        D:\GitHub\NRF52840_WS2812B_BLE\nRF5_SDK_17.0.2_d674dde\examples\ble_peripheral\ble_app_ws2812b\pca10056\s140\iar\_build\nRF_Log\nrf_log_backend_uart.o
#        D:\GitHub\NRF52840_WS2812B_BLE\nRF5_SDK_17.0.2_d674dde\examples\ble_peripheral\ble_app_ws2812b\pca10056\s140\iar\_build\nRF_Log\nrf_log_default_backends.o
#        D:\GitHub\NRF52840_WS2812B_BLE\nRF5_SDK_17.0.2_d674dde\examples\ble_peripheral\ble_app_ws2812b\pca10056\s140\iar\_build\nRF_Log\nrf_log_frontend.o
#        D:\GitHub\NRF52840_WS2812B_BLE\nRF5_SDK_17.0.2_d674dde\examples\ble_peripheral\ble_app_ws2812b\pca10056\s140\iar\_build\nRF_Log\nrf_log_str_formatter.o
#        D:\GitHub\NRF52840_WS2812B_BLE\nRF5_SDK_17.0.2_d674dde\examples\ble_peripheral\ble_app_ws2812b\pca10056\s140\iar\_build\nRF_Libraries\nrf_memobj.o
#        D:\GitHub\NRF52840_WS2812B_BLE\nRF5_SDK_17.0.2_d674dde\examples\ble_peripheral\ble_app_ws2812b\pca10056\s140\iar\_build\nRF_Libraries\nrf_pwr_mgmt.o
#        D:\GitHub\NRF52840_WS2812B_BLE\nRF5_SDK_17.0.2_d674dde\examples\ble_peripheral\ble_app_ws2812b\pca10056\s140\iar\_build\nRF_Libraries\nrf_ringbuf.o
#        D:\GitHub\NRF52840_WS2812B_BLE\nRF5_SDK_17.0.2_d674dde\examples\ble_peripheral\ble_app_ws2812b\pca10056\s140\iar\_build\nRF_SoftDevice\nrf_sdh.o
#        D:\GitHub\NRF52840_WS2812B_BLE\nRF5_SDK_17.0.2_d674dde\examples\ble_peripheral\ble_app_ws2812b\pca10056\s140\iar\_build\nRF_SoftDevice\nrf_sdh_ble.o
#        D:\GitHub\NRF52840_WS2812B_BLE\nRF5_SDK_17.0.2_d674dde\examples\ble_peripheral\ble_app_ws2812b\pca10056\s140\iar\_build\nRF_SoftDevice\nrf_sdh_soc.o
#        D:\GitHub\NRF52840_WS2812B_BLE\nRF5_SDK_17.0.2_d674dde\examples\ble_peripheral\ble_app_ws2812b\pca10056\s140\iar\_build\nRF_Libraries\nrf_section_iter.o
#        D:\GitHub\NRF52840_WS2812B_BLE\nRF5_SDK_17.0.2_d674dde\examples\ble_peripheral\ble_app_ws2812b\pca10056\s140\iar\_build\nRF_Libraries\nrf_sortlist.o
#        D:\GitHub\NRF52840_WS2812B_BLE\nRF5_SDK_17.0.2_d674dde\examples\ble_peripheral\ble_app_ws2812b\pca10056\s140\iar\_build\nRF_Libraries\nrf_strerror.o
#        D:\GitHub\NRF52840_WS2812B_BLE\nRF5_SDK_17.0.2_d674dde\examples\ble_peripheral\ble_app_ws2812b\pca10056\s140\iar\_build\nRF_Drivers\nrfx_atomic.o
#        D:\GitHub\NRF52840_WS2812B_BLE\nRF5_SDK_17.0.2_d674dde\examples\ble_peripheral\ble_app_ws2812b\pca10056\s140\iar\_build\nRF_Drivers\nrfx_clock.o
#        D:\GitHub\NRF52840_WS2812B_BLE\nRF5_SDK_17.0.2_d674dde\examples\ble_peripheral\ble_app_ws2812b\pca10056\s140\iar\_build\nRF_Drivers\nrfx_gpiote.o
#        D:\GitHub\NRF52840_WS2812B_BLE\nRF5_SDK_17.0.2_d674dde\examples\ble_peripheral\ble_app_ws2812b\pca10056\s140\iar\_build\nRF_Drivers\nrfx_prs.o
#        D:\GitHub\NRF52840_WS2812B_BLE\nRF5_SDK_17.0.2_d674dde\examples\ble_peripheral\ble_app_ws2812b\pca10056\s140\iar\_build\nRF_Drivers\nrfx_pwm.o
#        D:\GitHub\NRF52840_WS2812B_BLE\nRF5_SDK_17.0.2_d674dde\examples\ble_peripheral\ble_app_ws2812b\pca10056\s140\iar\_build\nRF_Drivers\nrfx_uart.o
#        D:\GitHub\NRF52840_WS2812B_BLE\nRF5_SDK_17.0.2_d674dde\examples\ble_peripheral\ble_app_ws2812b\pca10056\s140\iar\_build\nRF_Drivers\nrfx_uarte.o
#        D:\GitHub\NRF52840_WS2812B_BLE\nRF5_SDK_17.0.2_d674dde\examples\ble_peripheral\ble_app_ws2812b\pca10056\s140\iar\_build\nRF_BLE\peer_data_storage.o
#        D:\GitHub\NRF52840_WS2812B_BLE\nRF5_SDK_17.0.2_d674dde\examples\ble_peripheral\ble_app_ws2812b\pca10056\s140\iar\_build\nRF_BLE\peer_database.o
#        D:\GitHub\NRF52840_WS2812B_BLE\nRF5_SDK_17.0.2_d674dde\examples\ble_peripheral\ble_app_ws2812b\pca10056\s140\iar\_build\nRF_BLE\peer_id.o
#        D:\GitHub\NRF52840_WS2812B_BLE\nRF5_SDK_17.0.2_d674dde\examples\ble_peripheral\ble_app_ws2812b\pca10056\s140\iar\_build\nRF_BLE\peer_manager.o
#        D:\GitHub\NRF52840_WS2812B_BLE\nRF5_SDK_17.0.2_d674dde\examples\ble_peripheral\ble_app_ws2812b\pca10056\s140\iar\_build\nRF_BLE\peer_manager_handler.o
#        D:\GitHub\NRF52840_WS2812B_BLE\nRF5_SDK_17.0.2_d674dde\examples\ble_peripheral\ble_app_ws2812b\pca10056\s140\iar\_build\nRF_BLE\pm_buffer.o
#        D:\GitHub\NRF52840_WS2812B_BLE\nRF5_SDK_17.0.2_d674dde\examples\ble_peripheral\ble_app_ws2812b\pca10056\s140\iar\_build\nRF_BLE\security_dispatcher.o
#        D:\GitHub\NRF52840_WS2812B_BLE\nRF5_SDK_17.0.2_d674dde\examples\ble_peripheral\ble_app_ws2812b\pca10056\s140\iar\_build\nRF_BLE\security_manager.o
#        D:\GitHub\NRF52840_WS2812B_BLE\nRF5_SDK_17.0.2_d674dde\examples\ble_peripheral\ble_app_ws2812b\pca10056\s140\iar\_build\nRF_Segger_RTT\SEGGER_RTT.o
#        D:\GitHub\NRF52840_WS2812B_BLE\nRF5_SDK_17.0.2_d674dde\examples\ble_peripheral\ble_app_ws2812b\pca10056\s140\iar\_build\nRF_Segger_RTT\SEGGER_RTT_printf.o
#        D:\GitHub\NRF52840_WS2812B_BLE\nRF5_SDK_17.0.2_d674dde\examples\ble_peripheral\ble_app_ws2812b\pca10056\s140\iar\_build\nRF_Segger_RTT\SEGGER_RTT_Syscalls_IAR.o
#        D:\GitHub\NRF52840_WS2812B_BLE\nRF5_SDK_17.0.2_d674dde\examples\ble_peripheral\ble_app_ws2812b\pca10056\s140\iar\_build\nRF_Libraries\sensorsim.o
#        D:\GitHub\NRF52840_WS2812B_BLE\nRF5_SDK_17.0.2_d674dde\examples\ble_peripheral\ble_app_ws2812b\pca10056\s140\iar\_build\Application\Src\storage.o
#        D:\GitHub\NRF52840_WS2812B_BLE\nRF5_SDK_17.0.2_d674dde\examples\ble_peripheral\ble_app_ws2812b\pca10056\s140\iar\_build\None\system_nrf52840.o
#        "D:\GitHub\NRF52840_WS2812B_BLE\nRF5_SDK_17.0.2_d674dde\examples\ble_peripheral\ble_app_ws2812b\pca10056\s140\iar\_build\UTF8\UTF16
#        converter\utf.o"
#        D:\GitHub\NRF52840_WS2812B_BLE\nRF5_SDK_17.0.2_d674dde\examples\ble_peripheral\ble_app_ws2812b\pca10056\s140\iar\_build\Application\Src\ws2812b.o
#        --redirect _Printf=_PrintfFull --redirect _Scanf=_ScanfFull
#        --no_out_extension -o
#        D:\GitHub\NRF52840_WS2812B_BLE\nRF5_SDK_17.0.2_d674dde\examples\ble_peripheral\ble_app_ws2812b\pca10056\s140\iar\_build\ble_app_template_pca10056_s140.out
#        --map
#        D:\GitHub\NRF52840_WS2812B_BLE\nRF5_SDK_17.0.2_d674dde\examples\ble_peripheral\ble_app_ws2812b\pca10056\s140\iar\_build\ble_app_template_pca10056_s140.map
#        --config
#        D:\GitHub\NRF52840_WS2812B_BLE\nRF5_SDK_17.0.2_d674dde\examples\ble_peripheral\ble_app_ws2812b\pca10056\s140\iar\ble_app_template_iar_nRF5x.icf
#        --warnings_are_errors --entry __iar_program_start --inline --vfe
#        --text_out locale)
#
###############################################################################

*******************************************************************************
*** RUNTIME MODEL ATTRIBUTES
***

CppFlavor       = *
__SystemLibrary = DLib
__dlib_version  = 6


*******************************************************************************
*** HEAP SELECTION
***

The basic heap was selected because no calls to memory allocation
functions were found in the application outside of system library
functions, and there are calls to deallocation functions in the
application.


*******************************************************************************
*** PLACEMENT SUMMARY
***

"A0":  place at address 0x2'7000 { ro section .intvec };
define block RO_END with size = 0, alignment = 8 { };
"P1":  place in [from 0x2'7000 to 0xf'ffff] { ro, block RO_END };
define block CSTACK with size = 8K, alignment = 8 { };
define block HEAP with size = 8K, alignment = 8 { };
"P2":  place in [from 0x2002'2300 to 0x2004'02a2] {
          rw, block CSTACK, block HEAP };
initialize by copy { rw };
keep { section .intvec };

  Section                 Kind         Address      Size  Object
  -------                 ----         -------      ----  ------
"A0":                                              0x200
  .intvec                 ro code     0x2'7000     0x200  iar_startup_nrf52840.o [4]
                                    - 0x2'7200     0x200

"P1":                                           0x1'2840
  .text                   ro code     0x2'7200    0x1658  fds.o [8]
  .text                   ro code     0x2'8858     0x34e  nrf_fstorage.o [8]
  .text                   ro code     0x2'8ba6      0x76  lz77_init_single.o [14]
  .text                   ro code     0x2'8c1c     0x104  nrf_atomic.o [8]
  .text                   ro code     0x2'8d20     0x1ba  nrf_atfifo.o [8]
  .rodata                 const       0x2'8eda       0x2  bleapp.o [1]
  .text                   ro code     0x2'8edc      0x66  ABImemset.o [14]
  .rodata                 const       0x2'8f42       0x2  xlocale_c.o [12]
  .text                   ro code     0x2'8f44       0x6  ABImemclr4.o [14]
  .text                   ro code     0x2'8f4a       0x2  iar_startup_nrf52840.o [4]
  .text                   ro code     0x2'8f4c     0x8d4  nrf_log_frontend.o [9]
  .text                   ro code     0x2'9820      0x32  ABImemset48.o [14]
  .text                   ro code     0x2'9852     0x226  nrf_memobj.o [8]
  .text                   ro code     0x2'9a78      0x26  nrf_ringbuf.o [8]
  .text                   ro code     0x2'9a9e       0x2  iar_startup_nrf52840.o [4]
  .text                   ro code     0x2'9aa0      0xca  app_util_platform.o [8]
  .text                   ro code     0x2'9b6a      0xe2  nrf_balloc.o [8]
  .text                   ro code     0x2'9c4c      0xa6  ABImemcpy.o [14]
  .text                   ro code     0x2'9cf2       0x2  iar_startup_nrf52840.o [4]
  .text                   ro code     0x2'9cf4     0x9e2  security_dispatcher.o [6]
  .text                   ro code     0x2'a6d6       0x2  iar_startup_nrf52840.o [4]
  .text                   ro code     0x2'a6d8     0x3cc  ble_conn_state.o [6]
  .text                   ro code     0x2'aaa4     0x500  id_manager.o [6]
  .text                   ro code     0x2'afa4     0x6d8  peer_database.o [6]
  .text                   ro code     0x2'b67c      0x58  nrf_strerror.o [8]
  .text                   ro code     0x2'b6d4     0x694  peer_data_storage.o [6]
  .text                   ro code     0x2'bd68      0xce  nrf_atflags.o [8]
  .text                   ro code     0x2'be36       0x2  iar_startup_nrf52840.o [4]
  .text                   ro code     0x2'be38      0x20  app_error.o [8]
  .text                   ro code     0x2'be58      0x68  memcmp.o [14]
  .text                   ro code     0x2'bec0     0x184  pm_buffer.o [6]
  .text                   ro code     0x2'c044     0x1d4  peer_id.o [6]
  .text                   ro code     0x2'c218      0x64  app_error_weak.o [8]
  .text                   ro code     0x2'c27c      0x24  app_error_weak.o [8]
  .text                   ro code     0x2'c2a0     0x96c  gatt_cache_manager.o [6]
  .text                   ro code     0x2'cc0c     0x380  gatts_cache_manager.o [6]
  .text                   ro code     0x2'cf8c     0x86a  nrfx_gpiote.o [7]
  .text                   ro code     0x2'd7f6       0x2  iar_startup_nrf52840.o [4]
  .text                   ro code     0x2'd7f8     0x80c  peer_manager.o [6]
  .text                   ro code     0x2'e004     0x768  security_manager.o [6]
  .text                   ro code     0x2'e76c     0x7ec  ble_advdata.o [6]
  .text                   ro code     0x2'ef58     0x790  nrfx_uart.o [7]
  .text                   ro code     0x2'f6e8      0x86  nrfx_prs.o [7]
  .text                   ro code     0x2'f76e       0x2  iar_startup_nrf52840.o [4]
  .text                   ro code     0x2'f770     0x77c  nrfx_uarte.o [7]
  .text                   ro code     0x2'feec     0x714  peer_manager_handler.o [6]
  .text                   ro code     0x3'0600     0x70c  bsp.o [3]
  .text                   ro code     0x3'0d0c     0x26a  boards.o [2]
  .text                   ro code     0x3'0f76       0x2  iar_startup_nrf52840.o [4]
  .text                   ro code     0x3'0f78     0x484  app_timer2.o [8]
  .text                   ro code     0x3'13fc     0x230  I64DivMod.o [14]
  .text                   ro code     0x3'162c     0x394  app_button.o [8]
  .text                   ro code     0x3'19c0     0x41c  drv_rtc.o [8]
  .text                   ro code     0x3'1ddc      0x68  nrf_sortlist.o [8]
  .text                   ro code     0x3'1e44       0x2  I64DivZer.o [14]
  .text                   ro code     0x3'1e46       0x2  iar_startup_nrf52840.o [4]
  .text                   ro code     0x3'1e48      0x22  I64Shl.o [14]
  .text                   ro code     0x3'1e6a       0x2  iar_startup_nrf52840.o [4]
  .text                   ro code     0x3'1e6c     0x6d8  bleapp.o [1]
  .text                   ro code     0x3'2544     0x478  nrf_ble_gatt.o [6]
  .text                   ro code     0x3'29bc     0x34e  nrf_ble_qwr.o [6]
  .text                   ro code     0x3'2d0a       0x2  iar_startup_nrf52840.o [4]
  .text                   ro code     0x3'2d0c     0x622  bleapp_services.o [1]
  .text                   ro code     0x3'332e       0x2  iar_startup_nrf52840.o [4]
  .text                   ro code     0x3'3330     0x4b4  frame.o [1]
  .text                   ro code     0x3'37e4     0x3dc  ble_conn_params.o [6]
  .text                   ro code     0x3'3bc0     0x194  bsp_btn_ble.o [3]
  .text                   ro code     0x3'3d54     0x388  nrf_sdh.o [11]
  .text                   ro code     0x3'40dc     0x338  nrf_sdh_ble.o [11]
  .text                   ro code     0x3'4414     0x5f4  ble_advertising.o [6]
  .text                   ro code     0x3'4a08      0x28  nrf_log_default_backends.o [9]
  .text                   ro code     0x3'4a30      0x34  nrf_pwr_mgmt.o [8]
  .text                   ro code     0x3'4a64     0x300  ble_srv_common.o [6]
  .text                   ro code     0x3'4d64     0x254  storage.o [1]
  .text                   ro code     0x3'4fb8     0x244  ws2812b.o [1]
  .text                   ro code     0x3'51fc      0x9c  rand.o [12]
  .text                   ro code     0x3'5298      0x6e  nrf_section_iter.o [8]
  .text                   ro code     0x3'5306       0x2  iar_startup_nrf52840.o [4]
  .text                   ro code     0x3'5308     0x168  nrf_log_backend_uart.o [9]
  .text                   ro code     0x3'5470     0x560  nrfx_pwm.o [7]
  .text                   ro code     0x3'59d0      0xf0  nrf_drv_uart.o [7]
  .text                   ro code     0x3'5ac0      0xee  nrf_log_backend_serial.o [9]
  .text                   ro code     0x3'5bae       0x2  iar_startup_nrf52840.o [4]
  .text                   ro code     0x3'5bb0     0x25c  nrf_log_str_formatter.o [9]
  .text                   ro code     0x3'5e0c      0x44  nrf_fprintf.o [8]
  .text                   ro code     0x3'5e50      0x28  isprint.o [12]
  .text                   ro code     0x3'5e78     0x488  nrf_fprintf_format.o [8]
  .text                   ro code     0x3'6300      0x14  isalpha.o [12]
  .text                   ro code     0x3'6314      0x14  ispunct.o [12]
  .text                   ro code     0x3'6328      0x36  strlen.o [14]
  .text                   ro code     0x3'635e       0x2  iar_startup_nrf52840.o [4]
  .text                   ro code     0x3'6360      0x48  xlocale_c.o [12]
  .text                   ro code     0x3'63a8     0x45c  nrf_fstorage_sd.o [8]
  .text                   ro code     0x3'6804     0x3f0  system_nrf52840.o [4]
  .text                   ro code     0x3'6bf4     0x1f0  nrfx_clock.o [7]
  .text                   ro code     0x3'6de4     0x1c8  nrf_drv_clock.o [7]
  .rodata                 const       0x3'6fac     0x128  nrf_strerror.o [8]
  log_const_data                      0x3'70d4      0xd0  <Block>
    log_const_data        const       0x3'70d4       0x8  app_button.o [8]
    log_const_data        const       0x3'70dc       0x8  app_timer2.o [8]
    log_const_data        const       0x3'70e4       0x8  gatt_cache_manager.o [6]
    log_const_data        const       0x3'70ec       0x8  gatts_cache_manager.o [6]
    log_const_data        const       0x3'70f4       0x8  id_manager.o [6]
    log_const_data        const       0x3'70fc       0x8  nrf_ble_gatt.o [6]
    log_const_data        const       0x3'7104       0x8  nrf_drv_clock.o [7]
    log_const_data        const       0x3'710c       0x8  nrf_fstorage.o [8]
    log_const_data        const       0x3'7114       0x8  nrf_log_frontend.o [9]
    log_const_data        const       0x3'711c       0x8  nrf_pwr_mgmt.o [8]
    log_const_data        const       0x3'7124       0x8  nrf_sdh.o [11]
    log_const_data        const       0x3'712c       0x8  nrf_sdh_ble.o [11]
    log_const_data        const       0x3'7134       0x8  nrf_sdh_soc.o [11]
    log_const_data        const       0x3'713c       0x8  nrf_sortlist.o [8]
    log_const_data        const       0x3'7144       0x8  nrfx_clock.o [7]
    log_const_data        const       0x3'714c       0x8  nrfx_gpiote.o [7]
    log_const_data        const       0x3'7154       0x8  nrfx_prs.o [7]
    log_const_data        const       0x3'715c       0x8  nrfx_pwm.o [7]
    log_const_data        const       0x3'7164       0x8  nrfx_uart.o [7]
    log_const_data        const       0x3'716c       0x8  nrfx_uarte.o [7]
    log_const_data        const       0x3'7174       0x8  peer_data_storage.o [6]
    log_const_data        const       0x3'717c       0x8  peer_database.o [6]
    log_const_data        const       0x3'7184       0x8  peer_manager.o [6]
    log_const_data        const       0x3'718c       0x8  peer_manager_handler.o [6]
    log_const_data        const       0x3'7194       0x8  security_dispatcher.o [6]
    log_const_data        const       0x3'719c       0x8  security_manager.o [6]
  .rodata                 const       0x3'71a4      0xb8  security_manager.o [6]
  .rodata                 const       0x3'725c      0x80  gatt_cache_manager.o [6]
  .rodata                 const       0x3'72dc      0x80  gatts_cache_manager.o [6]
  .rodata                 const       0x3'735c      0x78  gatts_cache_manager.o [6]
  .text                   ro code     0x3'73d4      0x78  main.o [1]
  .rodata                 const       0x3'744c      0x74  peer_database.o [6]
  .rodata                 const       0x3'74c0      0x74  peer_manager_handler.o [6]
  .rodata                 const       0x3'7534      0x70  gatt_cache_manager.o [6]
  .rodata                 const       0x3'75a4      0x70  security_dispatcher.o [6]
  .rodata                 const       0x3'7614      0x70  security_dispatcher.o [6]
  .rodata                 const       0x3'7684      0x70  security_dispatcher.o [6]
  .rodata                 const       0x3'76f4      0x70  security_manager.o [6]
  .rodata                 const       0x3'7764      0x6c  security_dispatcher.o [6]
  .rodata                 const       0x3'77d0      0x6c  security_manager.o [6]
  .rodata                 const       0x3'783c      0x64  security_dispatcher.o [6]
  .rodata                 const       0x3'78a0      0x60  gatt_cache_manager.o [6]
  .rodata                 const       0x3'7900      0x60  peer_database.o [6]
  .rodata                 const       0x3'7960      0x60  peer_manager_handler.o [6]
  .rodata                 const       0x3'79c0      0x5c  security_dispatcher.o [6]
  .rodata                 const       0x3'7a1c      0x58  gatts_cache_manager.o [6]
  .rodata                 const       0x3'7a74      0x58  nrf_ble_gatt.o [6]
  .rodata                 const       0x3'7acc      0x58  peer_data_storage.o [6]
  .rodata                 const       0x3'7b24      0x58  peer_database.o [6]
  .rodata                 const       0x3'7b7c      0x58  security_dispatcher.o [6]
  .rodata                 const       0x3'7bd4      0x58  security_manager.o [6]
  .rodata                 const       0x3'7c2c      0x54  gatt_cache_manager.o [6]
  .rodata                 const       0x3'7c80      0x54  nrf_sdh_ble.o [11]
  .rodata                 const       0x3'7cd4      0x54  nrf_sdh_ble.o [11]
  .rodata                 const       0x3'7d28      0x54  peer_database.o [6]
  .rodata                 const       0x3'7d7c      0x54  peer_manager_handler.o [6]
  .text                   ro code     0x3'7dd0      0x54  nrf_sdh_soc.o [11]
  .rodata                 const       0x3'7e24      0x50  nrf_fstorage.o [8]
  .rodata                 const       0x3'7e74      0x50  security_dispatcher.o [6]
  .rodata                 const       0x3'7ec4      0x4c  gatts_cache_manager.o [6]
  .rodata                 const       0x3'7f10      0x4c  nrf_ble_gatt.o [6]
  .rodata                 const       0x3'7f5c      0x4c  nrf_sdh_ble.o [11]
  .rodata                 const       0x3'7fa8      0x4c  nrf_sdh_ble.o [11]
  .rodata                 const       0x3'7ff4      0x4c  peer_data_storage.o [6]
  .rodata                 const       0x3'8040      0x4c  peer_manager_handler.o [6]
  .rodata                 const       0x3'808c      0x4c  peer_manager_handler.o [6]
  .rodata                 const       0x3'80d8      0x48  nrf_sdh_ble.o [11]
  .rodata                 const       0x3'8120      0x48  nrf_sdh_ble.o [11]
  .rodata                 const       0x3'8168      0x48  peer_manager.o [6]
  .rodata                 const       0x3'81b0      0x48  peer_manager.o [6]
  .rodata                 const       0x3'81f8      0x44  peer_data_storage.o [6]
  .rodata                 const       0x3'823c      0x44  peer_manager_handler.o [6]
  .rodata                 const       0x3'8280      0x40  gatt_cache_manager.o [6]
  .rodata                 const       0x3'82c0      0x40  gatt_cache_manager.o [6]
  .rodata                 const       0x3'8300      0x40  nrf_ble_gatt.o [6]
  .rodata                 const       0x3'8340      0x40  peer_data_storage.o [6]
  .rodata                 const       0x3'8380      0x40  peer_database.o [6]
  .rodata                 const       0x3'83c0      0x40  peer_manager.o [6]
  .rodata                 const       0x3'8400      0x40  peer_manager_handler.o [6]
  .rodata                 const       0x3'8440      0x40  peer_manager_handler.o [6]
  .rodata                 const       0x3'8480      0x3c  gatt_cache_manager.o [6]
  .rodata                 const       0x3'84bc      0x3c  gatt_cache_manager.o [6]
  .rodata                 const       0x3'84f8      0x3c  gatt_cache_manager.o [6]
  .rodata                 const       0x3'8534      0x3c  peer_manager_handler.o [6]
  .rodata                 const       0x3'8570      0x3c  peer_manager_handler.o [6]
  .rodata                 const       0x3'85ac      0x38  gatt_cache_manager.o [6]
  .rodata                 const       0x3'85e4      0x38  peer_manager_handler.o [6]
  .text                   ro code     0x3'861c      0x38  zero_init3.o [14]
  .rodata                 const       0x3'8654      0x34  nrf_ble_gatt.o [6]
  .rodata                 const       0x3'8688      0x34  nrf_sdh_ble.o [11]
  .rodata                 const       0x3'86bc      0x34  security_dispatcher.o [6]
  .rodata                 const       0x3'86f0      0x34  security_dispatcher.o [6]
  .rodata                 const       0x3'8724      0x30  nrf_ble_gatt.o [6]
  .rodata                 const       0x3'8754      0x30  nrf_sdh_ble.o [11]
  .rodata                 const       0x3'8784      0x30  peer_database.o [6]
  .rodata                 const       0x3'87b4      0x30  peer_manager_handler.o [6]
  .rodata                 const       0x3'87e4      0x30  peer_manager_handler.o [6]
  .rodata                 const       0x3'8814      0x2c  nrf_fstorage.o [8]
  .rodata                 const       0x3'8840      0x2c  nrf_fstorage.o [8]
  .rodata                 const       0x3'886c      0x2c  nrf_sdh_ble.o [11]
  .rodata                 const       0x3'8898      0x2c  nrf_strerror.o [8]
  .rodata                 const       0x3'88c4      0x2c  peer_manager.o [6]
  .rodata                 const       0x3'88f0      0x2c  peer_manager.o [6]
  .rodata                 const       0x3'891c      0x2c  peer_manager.o [6]
  .rodata                 const       0x3'8948      0x2c  peer_manager.o [6]
  .rodata                 const       0x3'8974      0x2c  peer_manager.o [6]
  .rodata                 const       0x3'89a0      0x2c  peer_manager.o [6]
  .rodata                 const       0x3'89cc      0x2c  peer_manager_handler.o [6]
  .rodata                 const       0x3'89f8      0x2c  peer_manager_handler.o [6]
  .rodata                 const       0x3'8a24      0x28  nrf_fstorage.o [8]
  .rodata                 const       0x3'8a4c      0x28  nrf_fstorage.o [8]
  .rodata                 const       0x3'8a74      0x28  nrf_strerror.o [8]
  .rodata                 const       0x3'8a9c      0x28  nrf_strerror.o [8]
  .rodata                 const       0x3'8ac4      0x28  peer_manager_handler.o [6]
  .text                   ro code     0x3'8aec      0x28  data_init.o [14]
  sdh_ble_observers1                  0x3'8b14      0x28  <Block>
    sdh_ble_observers1    const       0x3'8b14       0x8  ble_conn_params.o [6]
    sdh_ble_observers1    const       0x3'8b1c       0x8  bleapp.o [1]
    sdh_ble_observers1    const       0x3'8b24       0x8  bleapp.o [1]
    sdh_ble_observers1    const       0x3'8b2c       0x8  bsp_btn_ble.o [3]
    sdh_ble_observers1    const       0x3'8b34       0x8  peer_manager.o [6]
  .rodata                 const       0x3'8b3c      0x24  drv_rtc.o [8]
  .rodata                 const       0x3'8b60      0x24  nrf_fstorage.o [8]
  .rodata                 const       0x3'8b84      0x24  nrf_strerror.o [8]
  .rodata                 const       0x3'8ba8      0x24  nrf_strerror.o [8]
  .rodata                 const       0x3'8bcc      0x24  nrf_strerror.o [8]
  .rodata                 const       0x3'8bf0      0x24  nrf_strerror.o [8]
  .rodata                 const       0x3'8c14      0x24  nrf_strerror.o [8]
  .rodata                 const       0x3'8c38      0x24  peer_manager_handler.o [6]
  .text                   ro code     0x3'8c5c      0x22  fpinit_M.o [13]
  .iar.init_table         const       0x3'8c80      0x20  - Linker created -
  .text                   ro code     0x3'8ca0       0x2  iar_startup_nrf52840.o [4]
  .rodata                 const       0x3'8ca4      0x20  bsp.o [3]
  .rodata                 const       0x3'8cc4      0x20  nrf_fstorage_sd.o [8]
  .rodata                 const       0x3'8ce4      0x20  nrf_log_backend_uart.o [9]
  .rodata                 const       0x3'8d04      0x20  nrf_sdh_ble.o [11]
  .rodata                 const       0x3'8d24      0x20  nrf_sdh_ble.o [11]
  .rodata                 const       0x3'8d44      0x20  nrf_strerror.o [8]
  .rodata                 const       0x3'8d64      0x20  nrf_strerror.o [8]
  .rodata                 const       0x3'8d84      0x20  nrf_strerror.o [8]
  .rodata                 const       0x3'8da4      0x20  nrf_strerror.o [8]
  .rodata                 const       0x3'8dc4      0x20  nrf_strerror.o [8]
  .rodata                 const       0x3'8de4      0x20  peer_database.o [6]
  .rodata                 const       0x3'8e04      0x20  peer_manager_handler.o [6]
  .rodata                 const       0x3'8e24      0x20  peer_manager_handler.o [6]
  .rodata                 const       0x3'8e44      0x20  peer_manager_handler.o [6]
  .text                   ro code     0x3'8e64      0x1e  cmain.o [14]
  .text                   ro code     0x3'8e82       0x4  exit.o [12]
  .text                   ro code     0x3'8e86       0x2  iar_startup_nrf52840.o [4]
  .text                   ro code     0x3'8e88       0xa  cexit.o [14]
  .text                   ro code     0x3'8e92       0x2  iar_startup_nrf52840.o [4]
  .text                   ro code     0x3'8e94       0xc  XXexit.o [14]
  .rodata                 const       0x3'8ea0      0x1c  bleapp.o [1]
  .rodata                 const       0x3'8ebc      0x1c  nrf_strerror.o [8]
  .rodata                 const       0x3'8ed8      0x1c  nrf_strerror.o [8]
  .rodata                 const       0x3'8ef4      0x1c  nrf_strerror.o [8]
  .rodata                 const       0x3'8f10      0x1c  nrf_strerror.o [8]
  .rodata                 const       0x3'8f2c      0x1c  nrf_strerror.o [8]
  .rodata                 const       0x3'8f48      0x1c  peer_manager_handler.o [6]
  .rodata                 const       0x3'8f64      0x1c  peer_manager_handler.o [6]
  .text                   ro code     0x3'8f80      0x1c  cstartup_M.o [14]
  .rodata                 const       0x3'8f9c      0x18  nrf_fstorage.o [8]
  .rodata                 const       0x3'8fb4      0x18  nrf_log_str_formatter.o [9]
  .rodata                 const       0x3'8fcc      0x18  nrf_pwr_mgmt.o [8]
  .rodata                 const       0x3'8fe4      0x18  nrf_strerror.o [8]
  .rodata                 const       0x3'8ffc      0x18  nrf_strerror.o [8]
  .rodata                 const       0x3'9014      0x18  nrf_strerror.o [8]
  .rodata                 const       0x3'902c      0x18  nrf_strerror.o [8]
  .rodata                 const       0x3'9044      0x18  nrf_strerror.o [8]
  .rodata                 const       0x3'905c      0x18  nrf_strerror.o [8]
  .rodata                 const       0x3'9074      0x18  nrf_strerror.o [8]
  .rodata                 const       0x3'908c      0x18  nrf_strerror.o [8]
  .rodata                 const       0x3'90a4      0x18  nrf_strerror.o [8]
  .rodata                 const       0x3'90bc      0x18  peer_manager_handler.o [6]
  .rodata                 const       0x3'90d4      0x18  peer_manager_handler.o [6]
  .rodata                 const       0x3'90ec      0x14  bleapp.o [1]
  .rodata                 const       0x3'9100      0x14  drv_rtc.o [8]
  .rodata                 const       0x3'9114      0x14  gatt_cache_manager.o [6]
  .rodata                 const       0x3'9128      0x14  gatt_cache_manager.o [6]
  .rodata                 const       0x3'913c      0x14  gatt_cache_manager.o [6]
  .rodata                 const       0x3'9150      0x14  gatt_cache_manager.o [6]
  .rodata                 const       0x3'9164      0x14  gatt_cache_manager.o [6]
  .rodata                 const       0x3'9178      0x14  gatts_cache_manager.o [6]
  .rodata                 const       0x3'918c      0x14  nrf_fstorage.o [8]
  .rodata                 const       0x3'91a0      0x14  nrf_fstorage.o [8]
  .rodata                 const       0x3'91b4      0x14  nrf_fstorage.o [8]
  .rodata                 const       0x3'91c8      0x14  nrf_log_default_backends.o [9]
  .rodata                 const       0x3'91dc      0x14  nrf_log_frontend.o [9]
  .rodata                 const       0x3'91f0      0x14  nrf_strerror.o [8]
  .rodata                 const       0x3'9204      0x14  nrf_strerror.o [8]
  .rodata                 const       0x3'9218      0x14  nrf_strerror.o [8]
  .rodata                 const       0x3'922c      0x14  nrf_strerror.o [8]
  .rodata                 const       0x3'9240      0x14  nrf_strerror.o [8]
  .rodata                 const       0x3'9254      0x14  nrf_strerror.o [8]
  .rodata                 const       0x3'9268      0x14  nrf_strerror.o [8]
  .rodata                 const       0x3'927c      0x14  nrf_strerror.o [8]
  .rodata                 const       0x3'9290      0x14  peer_data_storage.o [6]
  .rodata                 const       0x3'92a4      0x14  peer_data_storage.o [6]
  .rodata                 const       0x3'92b8      0x14  peer_database.o [6]
  .rodata                 const       0x3'92cc      0x14  peer_manager_handler.o [6]
  .rodata                 const       0x3'92e0      0x14  peer_manager_handler.o [6]
  .rodata                 const       0x3'92f4      0x14  peer_manager_handler.o [6]
  .rodata                 const       0x3'9308      0x14  security_dispatcher.o [6]
  .rodata                 const       0x3'931c      0x14  security_dispatcher.o [6]
  .rodata                 const       0x3'9330      0x14  security_dispatcher.o [6]
  .rodata                 const       0x3'9344      0x14  security_dispatcher.o [6]
  .rodata                 const       0x3'9358      0x14  security_dispatcher.o [6]
  .rodata                 const       0x3'936c      0x14  security_dispatcher.o [6]
  nrf_balloc              const       0x3'9380      0x14  nrf_log_frontend.o [9]
  .rodata                 const       0x3'9394      0x10  app_error_weak.o [8]
  .rodata                 const       0x3'93a4      0x10  bleapp.o [1]
  .rodata                 const       0x3'93b4      0x10  bleapp.o [1]
  .rodata                 const       0x3'93c4      0x10  bleapp.o [1]
  .rodata                 const       0x3'93d4      0x10  bleapp_services.o [1]
  .rodata                 const       0x3'93e4      0x10  id_manager.o [6]
  .rodata                 const       0x3'93f4      0x10  nrf_ble_gatt.o [6]
  .rodata                 const       0x3'9404      0x10  nrf_fprintf_format.o [8]
  .rodata                 const       0x3'9414      0x10  nrf_fstorage.o [8]
  .rodata                 const       0x3'9424      0x10  nrf_sdh.o [11]
  .rodata                 const       0x3'9434      0x10  nrf_sdh.o [11]
  .rodata                 const       0x3'9444      0x10  nrf_sdh.o [11]
  .rodata                 const       0x3'9454      0x10  nrf_sdh_soc.o [11]
  .rodata                 const       0x3'9464      0x10  nrf_strerror.o [8]
  .rodata                 const       0x3'9474      0x10  nrf_strerror.o [8]
  .rodata                 const       0x3'9484      0x10  peer_database.o [6]
  .rodata                 const       0x3'9494      0x10  peer_manager.o [6]
  .rodata                 const       0x3'94a4      0x10  peer_manager.o [6]
  .rodata                 const       0x3'94b4      0x10  peer_manager_handler.o [6]
  .rodata                 const       0x3'94c4      0x10  peer_manager_handler.o [6]
  .rodata                 const       0x3'94d4      0x10  peer_manager_handler.o [6]
  .rodata                 const       0x3'94e4      0x10  peer_manager_handler.o [6]
  .rodata                 const       0x3'94f4      0x10  peer_manager_handler.o [6]
  .rodata                 const       0x3'9504      0x10  peer_manager_handler.o [6]
  .rodata                 const       0x3'9514      0x10  peer_manager_handler.o [6]
  .rodata                 const       0x3'9524      0x10  security_dispatcher.o [6]
  .rodata                 const       0x3'9534      0x10  security_manager.o [6]
  .rodata                 const       0x3'9544      0x10  ws2812b.o [1]
  .text                   ro code     0x3'9554      0x10  iar_startup_nrf52840.o [4]
  log_backends            const       0x3'9564      0x10  nrf_log_default_backends.o [9]
  sdh_ble_observers2                  0x3'9574      0x10  <Block>
    sdh_ble_observers2    const       0x3'9574       0x8  bleapp.o [1]
    sdh_ble_observers2    const       0x3'957c       0x8  bleapp.o [1]
  sdh_soc_observers0                  0x3'9584      0x10  <Block>
    sdh_soc_observers0    const       0x3'9584       0x8  nrf_drv_clock.o [7]
    sdh_soc_observers0    const       0x3'958c       0x8  nrf_fstorage_sd.o [8]
  sdh_stack_observers0                0x3'9594      0x10  <Block>
    sdh_stack_observers0  const       0x3'9594       0x8  nrf_sdh_ble.o [11]
    sdh_stack_observers0  const       0x3'959c       0x8  nrf_sdh_soc.o [11]
  sdh_state_observers0                0x3'95a4      0x10  <Block>
    sdh_state_observers0  const       0x3'95a4       0x8  nrf_drv_clock.o [7]
    sdh_state_observers0  const       0x3'95ac       0x8  nrf_fstorage_sd.o [8]
  .rodata                 const       0x3'95b4       0xc  app_button.o [8]
  .rodata                 const       0x3'95c0       0xc  app_error_weak.o [8]
  .rodata                 const       0x3'95cc       0xc  app_timer2.o [8]
  .rodata                 const       0x3'95d8       0xc  app_timer2.o [8]
  .rodata                 const       0x3'95e4       0xc  bleapp.o [1]
  .rodata                 const       0x3'95f0       0xc  nrf_fstorage.o [8]
  .rodata                 const       0x3'95fc       0xc  nrf_fstorage_sd.o [8]
  .rodata                 const       0x3'9608       0xc  nrf_log_backend_uart.o [9]
  .rodata                 const       0x3'9614       0xc  nrf_log_frontend.o [9]
  .rodata                 const       0x3'9620       0xc  nrf_log_str_formatter.o [9]
  .rodata                 const       0x3'962c       0xc  nrf_pwr_mgmt.o [8]
  .rodata                 const       0x3'9638       0xc  nrf_pwr_mgmt.o [8]
  .rodata                 const       0x3'9644       0xc  nrf_sdh.o [11]
  .rodata                 const       0x3'9650       0xc  nrf_sdh.o [11]
  .rodata                 const       0x3'965c       0xc  nrf_sdh.o [11]
  .rodata                 const       0x3'9668       0xc  nrf_sdh_ble.o [11]
  .rodata                 const       0x3'9674       0xc  nrf_sdh_ble.o [11]
  .rodata                 const       0x3'9680       0xc  nrf_sdh_soc.o [11]
  .rodata                 const       0x3'968c       0xc  nrf_sdh_soc.o [11]
  .rodata                 const       0x3'9698       0xc  nrf_sortlist.o [8]
  .rodata                 const       0x3'96a4       0xc  nrf_strerror.o [8]
  .rodata                 const       0x3'96b0       0xc  peer_manager_handler.o [6]
  .rodata                 const       0x3'96bc       0xc  peer_manager_handler.o [6]
  .rodata                 const       0x3'96c8       0xc  peer_manager_handler.o [6]
  .rodata                 const       0x3'96d4       0xc  peer_manager_handler.o [6]
  .rodata                 const       0x3'96e0       0xc  peer_manager_handler.o [6]
  .rodata                 const       0x3'96ec       0xc  storage.o [1]
  .rodata                 const       0x3'96f8       0xc  ws2812b.o [1]
  .rodata                 const       0x3'9710       0x8  drv_rtc.o [8]
  .rodata                 const       0x3'9718       0x8  fds.o [8]
  .rodata                 const       0x3'9720       0x8  fds.o [8]
  .rodata                 const       0x3'9730       0x8  frame.o [1]
  .rodata                 const       0x3'9738       0x8  gatt_cache_manager.o [6]
  .rodata                 const       0x3'9740       0x8  gatt_cache_manager.o [6]
  .rodata                 const       0x3'9748       0x8  gatts_cache_manager.o [6]
  .rodata                 const       0x3'9750       0x8  gatts_cache_manager.o [6]
  .rodata                 const       0x3'9758       0x8  id_manager.o [6]
  .rodata                 const       0x3'9760       0x8  main.o [1]
  .rodata                 const       0x3'9768       0x8  nrf_ble_gatt.o [6]
  .rodata                 const       0x3'9770       0x8  nrf_ble_gatt.o [6]
  .rodata                 const       0x3'9778       0x8  nrf_ble_gatt.o [6]
  .rodata                 const       0x3'9780       0x8  nrf_ble_gatt.o [6]
  .rodata                 const       0x3'9788       0x8  nrf_drv_clock.o [7]
  .rodata                 const       0x3'9790       0x8  nrf_fstorage.o [8]
  .rodata                 const       0x3'9798       0x8  nrf_fstorage.o [8]
  .rodata                 const       0x3'97a0       0x8  nrf_fstorage.o [8]
  .rodata                 const       0x3'97a8       0x8  nrf_log_str_formatter.o [9]
  .rodata                 const       0x3'97b0       0x8  nrf_log_str_formatter.o [9]
  .rodata                 const       0x3'97b8       0x8  nrf_log_str_formatter.o [9]
  .rodata                 const       0x3'97c0       0x8  nrf_log_str_formatter.o [9]
  .rodata                 const       0x3'97c8       0x8  nrf_log_str_formatter.o [9]
  .rodata                 const       0x3'97d0       0x8  nrf_log_str_formatter.o [9]
  .rodata                 const       0x3'97d8       0x8  nrf_log_str_formatter.o [9]
  .rodata                 const       0x3'97e0       0x8  nrf_log_str_formatter.o [9]
  .rodata                 const       0x3'97e8       0x8  nrf_log_str_formatter.o [9]
  .rodata                 const       0x3'97f0       0x8  nrf_log_str_formatter.o [9]
  .rodata                 const       0x3'97f8       0x8  nrf_log_str_formatter.o [9]
  .rodata                 const       0x3'9800       0x8  nrf_log_str_formatter.o [9]
  .rodata                 const       0x3'9808       0x8  nrf_log_str_formatter.o [9]
  .rodata                 const       0x3'9810       0x8  nrf_log_str_formatter.o [9]
  .rodata                 const       0x3'9818       0x8  nrf_sdh.o [11]
  .rodata                 const       0x3'9820       0x8  nrfx_clock.o [7]
  .rodata                 const       0x3'9828       0x8  nrfx_gpiote.o [7]
  .rodata                 const       0x3'9830       0x8  nrfx_gpiote.o [7]
  .rodata                 const       0x3'9838       0x8  nrfx_uart.o [7]
  .rodata                 const       0x3'9840       0x8  nrfx_uarte.o [7]
  .rodata                 const       0x3'9848       0x8  peer_database.o [6]
  .rodata                 const       0x3'9850       0x8  peer_manager.o [6]
  .rodata                 const       0x3'9858       0x8  peer_manager.o [6]
  .rodata                 const       0x3'9860       0x8  peer_manager.o [6]
  .rodata                 const       0x3'9868       0x8  peer_manager_handler.o [6]
  .rodata                 const       0x3'9870       0x8  peer_manager_handler.o [6]
  .rodata                 const       0x3'9878       0x8  peer_manager_handler.o [6]
  .rodata                 const       0x3'9880       0x8  peer_manager_handler.o [6]
  .rodata                 const       0x3'9888       0x8  peer_manager_handler.o [6]
  .rodata                 const       0x3'9890       0x8  storage.o [1]
  .rodata                 const       0x3'9898       0x8  storage.o [1]
  .rodata                 const       0x3'98a0       0x8  storage.o [1]
  .rodata                 const       0x3'98a8       0x8  storage.o [1]
  sdh_ble_observers0                  0x3'98b0       0x8  <Block>
    sdh_ble_observers0    const       0x3'98b0       0x8  ble_conn_state.o [6]
  sdh_ble_observers3                  0x3'98b8       0x8  <Block>
    sdh_ble_observers3    const       0x3'98b8       0x8  bleapp.o [1]
  sdh_req_observers0                  0x3'98c0       0x8  <Block>
    sdh_req_observers0    const       0x3'98c0       0x8  nrf_fstorage_sd.o [8]
  .rodata                 const       0x3'98c8       0x4  app_button.o [8]
  .rodata                 const       0x3'98cc       0x4  app_button.o [8]
  .rodata                 const       0x3'98d0       0x4  app_timer2.o [8]
  .rodata                 const       0x3'98d4       0x4  app_timer2.o [8]
  .rodata                 const       0x3'98d8       0x4  boards.o [2]
  .rodata                 const       0x3'98dc       0x4  boards.o [2]
  .rodata                 const       0x3'98e0       0x4  bsp.o [3]
  .rodata                 const       0x3'98e4       0x4  bsp.o [3]
  .rodata                 const       0x3'98e8       0x4  bsp.o [3]
  .rodata                 const       0x3'98ec       0x4  fds.o [8]
  .rodata                 const       0x3'98f0       0x4  fds.o [8]
  .rodata                 const       0x3'98f4       0x4  gatt_cache_manager.o [6]
  .rodata                 const       0x3'98f8       0x4  gatt_cache_manager.o [6]
  .rodata                 const       0x3'98fc       0x4  gatt_cache_manager.o [6]
  .rodata                 const       0x3'9900       0x4  gatts_cache_manager.o [6]
  .rodata                 const       0x3'9904       0x4  gatts_cache_manager.o [6]
  .rodata                 const       0x3'9908       0x4  nrf_fprintf.o [8]
  .rodata                 const       0x3'990c       0x4  nrf_fstorage_sd.o [8]
  .rodata                 const       0x3'9910       0x4  nrf_log_frontend.o [9]
  .rodata                 const       0x3'9914       0x4  nrf_sdh.o [11]
  .rodata                 const       0x3'9918       0x4  nrf_sdh_ble.o [11]
  .rodata                 const       0x3'991c       0x4  nrfx_prs.o [7]
  .rodata                 const       0x3'9920       0x4  nrfx_pwm.o [7]
  .rodata                 const       0x3'9924       0x4  nrfx_uart.o [7]
  .rodata                 const       0x3'9928       0x4  nrfx_uarte.o [7]
  .rodata                 const       0x3'992c       0x4  peer_data_storage.o [6]
  .rodata                 const       0x3'9930       0x4  security_dispatcher.o [6]
  .rodata                 const       0x3'9934       0x4  security_manager.o [6]
  .text                   ro code     0x3'9938       0x2  iar_startup_nrf52840.o [4]
  .text                   ro code     0x3'993a       0x2  iar_startup_nrf52840.o [4]
  .text                   ro code     0x3'993c       0x2  iar_startup_nrf52840.o [4]
  .text                   ro code     0x3'993e       0x2  iar_startup_nrf52840.o [4]
  .text                   ro code     0x3'9940       0x2  iar_startup_nrf52840.o [4]
  .text                   ro code     0x3'9942       0x2  iar_startup_nrf52840.o [4]
  .text                   ro code     0x3'9944       0x2  iar_startup_nrf52840.o [4]
  .text                   ro code     0x3'9946       0x2  iar_startup_nrf52840.o [4]
  .text                   ro code     0x3'9948       0x2  iar_startup_nrf52840.o [4]
  .text                   ro code     0x3'994a       0x2  iar_startup_nrf52840.o [4]
  .text                   ro code     0x3'994c       0x2  iar_startup_nrf52840.o [4]
  .text                   ro code     0x3'994e       0x2  iar_startup_nrf52840.o [4]
  .text                   ro code     0x3'9950       0x2  iar_startup_nrf52840.o [4]
  .text                   ro code     0x3'9952       0x2  iar_startup_nrf52840.o [4]
  .text                   ro code     0x3'9954       0x2  iar_startup_nrf52840.o [4]
  .text                   ro code     0x3'9956       0x2  iar_startup_nrf52840.o [4]
  .text                   ro code     0x3'9958       0x2  iar_startup_nrf52840.o [4]
  .text                   ro code     0x3'995a       0x2  iar_startup_nrf52840.o [4]
  .text                   ro code     0x3'995c       0x2  iar_startup_nrf52840.o [4]
  .text                   ro code     0x3'995e       0x2  iar_startup_nrf52840.o [4]
  .text                   ro code     0x3'9960       0x2  iar_startup_nrf52840.o [4]
  .text                   ro code     0x3'9962       0x2  iar_startup_nrf52840.o [4]
  .text                   ro code     0x3'9964       0x2  iar_startup_nrf52840.o [4]
  .text                   ro code     0x3'9966       0x2  iar_startup_nrf52840.o [4]
  .text                   ro code     0x3'9968       0x2  iar_startup_nrf52840.o [4]
  .text                   ro code     0x3'996a       0x2  iar_startup_nrf52840.o [4]
  .text                   ro code     0x3'996c       0x2  iar_startup_nrf52840.o [4]
  .text                   ro code     0x3'996e       0x2  iar_startup_nrf52840.o [4]
  .rodata                 const       0x3'9970       0x1  security_manager.o [6]
  .rodata                 const       0x3'9971       0x1  security_manager.o [6]
  .rodata                 const       0x3'9972       0x0  zero_init3.o [14]
  .rodata                 const       0x3'9972       0x0  lz77_init_single.o [14]
  Initializer bytes       const       0x3'9972      0xce  <for P2-1>
                                    - 0x3'9a40  0x1'2840

"P2", part 1 of 3:                                 0x1c3
  P2-1                             0x2002'2300     0x1c3  <Init block>
    .data                 inited   0x2002'2300       0x8  app_timer2.o [8]
    .data                 inited   0x2002'2308       0x4  bleapp.o [1]
    .data                 inited   0x2002'230c       0x4  gatt_cache_manager.o [6]
    .data                 inited   0x2002'2310       0x4  gatts_cache_manager.o [6]
    .data                 inited   0x2002'2314      0x14  nrf_log_backend_uart.o [9]
    .data                 inited   0x2002'2328       0x8  nrf_log_default_backends.o [9]
    .data                 inited   0x2002'2330       0x4  nrf_log_frontend.o [9]
    .data                 inited   0x2002'2334      0x14  nrf_log_str_formatter.o [9]
    .data                 inited   0x2002'2348      0x24  nrf_log_str_formatter.o [9]
    .data                 inited   0x2002'236c       0xc  peer_manager_handler.o [6]
    .data                 inited   0x2002'2378       0xc  peer_manager_handler.o [6]
    .data                 inited   0x2002'2384      0x28  peer_manager_handler.o [6]
    .data                 inited   0x2002'23ac       0x8  peer_manager_handler.o [6]
    .data                 inited   0x2002'23b4      0x10  peer_manager_handler.o [6]
    .data                 inited   0x2002'23c4       0x4  system_nrf52840.o [4]
    .data                 inited   0x2002'23c8       0x8  ws2812b.o [1]
    .data                 inited   0x2002'23d0      0x8c  rand.o [12]
    .data                 inited   0x2002'245c      0x48  xlocale_c.o [12]
    fs_data               inited   0x2002'24a4      0x14  fds.o [8]
    .data                 inited   0x2002'24b8       0x2  bleapp.o [1]
    .data                 inited   0x2002'24ba       0x1  peer_manager_handler.o [6]
    .data                 inited   0x2002'24bb       0x1  security_dispatcher.o [6]
    .data                 inited   0x2002'24bc       0x1  security_dispatcher.o [6]
    .data                 inited   0x2002'24bd       0x1  security_dispatcher.o [6]
    .data                 inited   0x2002'24be       0x1  security_dispatcher.o [6]
    .data                 inited   0x2002'24bf       0x1  security_manager.o [6]
    .data                 inited   0x2002'24c0       0x1  security_manager.o [6]
    .data                 inited   0x2002'24c1       0x1  security_manager.o [6]
    .data                 inited   0x2002'24c2       0x1  security_manager.o [6]
                                 - 0x2002'24c3     0x1c3

"P2", part 2 of 3:                                0xe464
  .bss                    zero     0x2002'24c4    0xc05c  ws2812b.o [1]
  .bss                    zero     0x2002'e520     0xe10  fds.o [8]
  .bss                    zero     0x2002'f330     0x434  bleapp.o [1]
  .bss                    zero     0x2002'f764     0x420  nrf_log_frontend.o [9]
  .bss                    zero     0x2002'fb84     0x2a8  storage.o [1]
  .bss                    zero     0x2002'fe2c     0x140  peer_database.o [6]
  .bss                    zero     0x2002'ff6c      0xc8  id_manager.o [6]
  .bss                    zero     0x2003'0034      0xc0  fds.o [8]
  .bss                    zero     0x2003'00f4      0xc0  nrf_log_frontend.o [9]
  .bss                    zero     0x2003'01b4      0x8c  fds.o [8]
  .bss                    zero     0x2003'0240      0x8c  nrf_fstorage_sd.o [8]
  .bss                    zero     0x2003'02cc      0x80  nrf_log_frontend.o [9]
  .bss                    zero     0x2003'034c      0x7c  ble_conn_state.o [6]
  .bss                    zero     0x2003'03c8      0x6c  nrfx_gpiote.o [7]
  .bss                    zero     0x2003'0434      0x58  app_timer2.o [8]
  .bss                    zero     0x2003'048c      0x40  nrf_log_backend_uart.o [9]
  .bss                    zero     0x2003'04cc      0x40  peer_id.o [6]
  .bss                    zero     0x2003'050c      0x40  security_dispatcher.o [6]
  .bss                    zero     0x2003'054c      0x3c  bleapp.o [1]
  .bss                    zero     0x2003'0588      0x30  peer_database.o [6]
  .bss                    zero     0x2003'05b8      0x2c  nrfx_uart.o [7]
  .bss                    zero     0x2003'05e4      0x28  bleapp.o [1]
  .bss                    zero     0x2003'060c      0x24  nrfx_uarte.o [7]
  .bss                    zero     0x2003'0630      0x1c  ble_conn_params.o [6]
  .bss                    zero     0x2003'0650      0x20  app_button.o [8]
  .bss                    zero     0x2003'0670      0x20  app_button.o [8]
  .bss                    zero     0x2003'0690      0x20  ble_conn_params.o [6]
  .bss                    zero     0x2003'06b0      0x20  bsp.o [3]
  .bss                    zero     0x2003'06d0      0x20  bsp.o [3]
  .bss                    zero     0x2003'06f0      0x20  bsp.o [3]
  .bss                    zero     0x2003'0710      0x18  nrf_log_frontend.o [9]
  .bss                    zero     0x2003'0728      0x14  ble_conn_params.o [6]
  .bss                    zero     0x2003'073c      0x14  bleapp.o [1]
  .bss                    zero     0x2003'0750      0x14  nrf_drv_clock.o [7]
  .bss                    zero     0x2003'0764      0x14  nrf_fstorage_sd.o [8]
  .bss                    zero     0x2003'0778      0x10  app_timer2.o [8]
  .bss                    zero     0x2003'0788      0x10  fds.o [8]
  .bss                    zero     0x2003'0798      0x10  fds.o [8]
  .bss                    zero     0x2003'07a8      0x10  nrf_fstorage_sd.o [8]
  .bss                    zero     0x2003'07b8      0x10  peer_database.o [6]
  .bss                    zero     0x2003'07c8       0xc  app_util_platform.o [8]
  .bss                    zero     0x2003'07d4       0xc  bsp.o [3]
  .bss                    zero     0x2003'07e0       0xc  fds.o [8]
  .bss                    zero     0x2003'07ec       0xc  nrf_pwr_mgmt.o [8]
  .bss                    zero     0x2003'07f8       0xc  peer_manager.o [6]
  .bss                    zero     0x2003'0804       0x4  app_button.o [8]
  .bss                    zero     0x2003'0808       0x8  app_button.o [8]
  .bss                    zero     0x2003'0810       0x8  app_timer2.o [8]
  .bss                    zero     0x2003'0818       0x8  app_timer2.o [8]
  .bss                    zero     0x2003'0820       0x8  ble_conn_params.o [6]
  .bss                    zero     0x2003'0828       0x8  drv_rtc.o [8]
  .bss                    zero     0x2003'0830       0x8  fds.o [8]
  .bss                    zero     0x2003'0838       0x8  fds.o [8]
  .bss                    zero     0x2003'0840       0x8  fds.o [8]
  .bss                    zero     0x2003'0848       0x8  nrf_drv_uart.o [7]
  .bss                    zero     0x2003'0850       0x8  nrf_drv_uart.o [7]
  .bss                    zero     0x2003'0858       0x8  nrf_log_frontend.o [9]
  .bss                    zero     0x2003'0860       0x8  nrf_log_frontend.o [9]
  .bss                    zero     0x2003'0868       0x8  nrfx_clock.o [7]
  .bss                    zero     0x2003'0870       0x8  nrfx_prs.o [7]
  .bss                    zero     0x2003'0878       0x8  nrfx_pwm.o [7]
  .bss                    zero     0x2003'0880       0x8  peer_data_storage.o [6]
  .bss                    zero     0x2003'0888       0x8  security_manager.o [6]
  .bss                    zero     0x2003'0890       0x4  app_button.o [8]
  .bss                    zero     0x2003'0894       0x4  app_timer2.o [8]
  .bss                    zero     0x2003'0898       0x4  app_timer2.o [8]
  .bss                    zero     0x2003'089c       0x4  bsp.o [3]
  .bss                    zero     0x2003'08a0       0x4  bsp.o [3]
  .bss                    zero     0x2003'08a4       0x4  bsp.o [3]
  .bss                    zero     0x2003'08a8       0x4  bsp_btn_ble.o [3]
  .bss                    zero     0x2003'08ac       0x4  bsp_btn_ble.o [3]
  .bss                    zero     0x2003'08b0       0x4  drv_rtc.o [8]
  .bss                    zero     0x2003'08b4       0x4  fds.o [8]
  .bss                    zero     0x2003'08b8       0x4  fds.o [8]
  .bss                    zero     0x2003'08bc       0x4  fds.o [8]
  .bss                    zero     0x2003'08c0       0x4  fds.o [8]
  .bss                    zero     0x2003'08c4       0x4  fds.o [8]
  .bss                    zero     0x2003'08c8       0x4  frame.o [1]
  .bss                    zero     0x2003'08cc       0x4  gatt_cache_manager.o [6]
  .bss                    zero     0x2003'08d0       0x4  nrf_fstorage_sd.o [8]
  .bss                    zero     0x2003'08d4       0x4  nrf_fstorage_sd.o [8]
  .bss                    zero     0x2003'08d8       0x4  nrf_pwr_mgmt.o [8]
  .bss                    zero     0x2003'08dc       0x4  peer_database.o [6]
  .bss                    zero     0x2003'08e0       0x4  peer_manager.o [6]
  .bss                    zero     0x2003'08e4       0x4  peer_manager.o [6]
  .bss                    zero     0x2003'08e8       0x4  peer_manager_handler.o [6]
  .bss                    zero     0x2003'08ec       0x4  security_manager.o [6]
  .bss                    zero     0x2003'08f0       0x4  security_manager.o [6]
  .bss                    zero     0x2003'08f4       0x4  ws2812b.o [1]
  .bss                    zero     0x2003'08f8       0x2  fds.o [8]
  .bss                    zero     0x2003'08fa       0x2  gatts_cache_manager.o [6]
  .bss                    zero     0x2003'08fc       0x2  gatts_cache_manager.o [6]
  .bss                    zero     0x2003'08fe       0x2  nrf_drv_uart.o [7]
  .bss                    zero     0x2003'0900       0x2  peer_manager.o [6]
  .bss                    zero     0x2003'0902       0x2  storage.o [1]
  .bss                    zero     0x2003'0904       0x1  app_button.o [8]
  .bss                    zero     0x2003'0905       0x1  app_timer2.o [8]
  .bss                    zero     0x2003'0906       0x1  bsp.o [3]
  .bss                    zero     0x2003'0907       0x1  bsp.o [3]
  .bss                    zero     0x2003'0908       0x1  bsp.o [3]
  .bss                    zero     0x2003'0909       0x1  bsp.o [3]
  .bss                    zero     0x2003'090a       0x1  gatt_cache_manager.o [6]
  .bss                    zero     0x2003'090b       0x1  gatt_cache_manager.o [6]
  .bss                    zero     0x2003'090c       0x1  gatt_cache_manager.o [6]
  .bss                    zero     0x2003'090d       0x1  gatt_cache_manager.o [6]
  .bss                    zero     0x2003'090e       0x1  gatt_cache_manager.o [6]
  .bss                    zero     0x2003'090f       0x1  gatt_cache_manager.o [6]
  .bss                    zero     0x2003'0910       0x1  gatt_cache_manager.o [6]
  .bss                    zero     0x2003'0911       0x1  gatt_cache_manager.o [6]
  .bss                    zero     0x2003'0912       0x1  gatts_cache_manager.o [6]
  .bss                    zero     0x2003'0913       0x1  nrf_log_backend_uart.o [9]
  .bss                    zero     0x2003'0914       0x1  nrf_log_backend_uart.o [9]
  .bss                    zero     0x2003'0915       0x1  nrf_pwr_mgmt.o [8]
  .bss                    zero     0x2003'0916       0x1  nrf_sdh.o [11]
  .bss                    zero     0x2003'0917       0x1  nrf_sdh.o [11]
  .bss                    zero     0x2003'0918       0x1  nrf_sdh.o [11]
  .bss                    zero     0x2003'0919       0x1  nrf_sdh_ble.o [11]
  .bss                    zero     0x2003'091a       0x1  peer_data_storage.o [6]
  .bss                    zero     0x2003'091b       0x1  peer_data_storage.o [6]
  .bss                    zero     0x2003'091c       0x1  peer_database.o [6]
  .bss                    zero     0x2003'091d       0x1  peer_database.o [6]
  .bss                    zero     0x2003'091e       0x1  peer_manager.o [6]
  .bss                    zero     0x2003'091f       0x1  peer_manager.o [6]
  .bss                    zero     0x2003'0920       0x1  peer_manager.o [6]
  .bss                    zero     0x2003'0921       0x1  peer_manager.o [6]
  .bss                    zero     0x2003'0922       0x1  peer_manager_handler.o [6]
  .bss                    zero     0x2003'0923       0x1  security_dispatcher.o [6]
  .bss                    zero     0x2003'0924       0x1  security_manager.o [6]
  .bss                    zero     0x2003'0925       0x1  security_manager.o [6]
  .bss                    zero     0x2003'0926       0x1  storage.o [1]
                                 - 0x2003'0927    0xe463

"P2", part 3 of 3:                                0x2000
  CSTACK                           0x2003'0928    0x2000  <Block>
    CSTACK                uninit   0x2003'0928    0x2000  <Block tail>
                                 - 0x2003'2928    0x2000

Unused ranges:

         From           To      Size
         ----           --      ----
     0x3'9a40     0xf'ffff  0xc'65c0
  0x2002'24c3  0x2002'24c3       0x1
  0x2003'2928  0x2004'02a2    0xd97b


*******************************************************************************
*** INIT TABLE
***

          Address      Size
          -------      ----
Zero (__iar_zero_init3)
    1 destination range, total size 0xe463:
          0x2002'24c4  0xe463

Copy/lz77 (__iar_lz77_init_single3)
    1 source range, total size 0xce (45% of destination):
             0x3'9972    0xce
    1 destination range, total size 0x1c3:
          0x2002'2300   0x1c3



*******************************************************************************
*** MODULE SUMMARY
***

    Module                      ro code  ro data  rw data
    ------                      -------  -------  -------
command line/config:
    -----------------------------------------------------
    Total:

D:\GitHub\NRF52840_WS2812B_BLE\nRF5_SDK_17.0.2_d674dde\examples\ble_peripheral\ble_app_ws2812b\pca10056\s140\iar\_build\Application\Src: [1]
    bleapp.o                      1'752      153    1'202
    bleapp_services.o             1'570       16
    frame.o                       1'204        8        4
    main.o                          120        8
    storage.o                       596       44      683
    ws2812b.o                       580       32   49'256
    -----------------------------------------------------
    Total:                        5'822      261   51'145

D:\GitHub\NRF52840_WS2812B_BLE\nRF5_SDK_17.0.2_d674dde\examples\ble_peripheral\ble_app_ws2812b\pca10056\s140\iar\_build\Board Definition: [2]
    boards.o                        618        8
    -----------------------------------------------------
    Total:                          618        8

D:\GitHub\NRF52840_WS2812B_BLE\nRF5_SDK_17.0.2_d674dde\examples\ble_peripheral\ble_app_ws2812b\pca10056\s140\iar\_build\Board Support: [3]
    bsp.o                         1'804       44      124
    bsp_btn_ble.o                   404        8        8
    -----------------------------------------------------
    Total:                        2'208       52      132

D:\GitHub\NRF52840_WS2812B_BLE\nRF5_SDK_17.0.2_d674dde\examples\ble_peripheral\ble_app_ws2812b\pca10056\s140\iar\_build\None: [4]
    iar_startup_nrf52840.o          620
    system_nrf52840.o             1'008        2        4
    -----------------------------------------------------
    Total:                        1'628        2        4

D:\GitHub\NRF52840_WS2812B_BLE\nRF5_SDK_17.0.2_d674dde\examples\ble_peripheral\ble_app_ws2812b\pca10056\s140\iar\_build\UTF8\UTF16 converter: [5]
    -----------------------------------------------------
    Total:

D:\GitHub\NRF52840_WS2812B_BLE\nRF5_SDK_17.0.2_d674dde\examples\ble_peripheral\ble_app_ws2812b\pca10056\s140\iar\_build\nRF_BLE: [6]
    ble_advdata.o                 2'028
    ble_advertising.o             1'524
    ble_conn_params.o               988        8       88
    ble_conn_state.o                972        8      124
    ble_srv_common.o                768
    gatt_cache_manager.o          2'412      922       16
    gatts_cache_manager.o           896      466        9
    id_manager.o                  1'280       32      200
    nrf_ble_gatt.o                1'144      384
    nrf_ble_qwr.o                   846
    peer_data_storage.o           1'684      348       10
    peer_database.o               1'752      580      390
    peer_id.o                       468                64
    peer_manager.o                2'060      544       26
    peer_manager_handler.o        1'812    1'601       94
    pm_buffer.o                     388
    security_dispatcher.o         2'530    1'058       69
    security_manager.o            1'896      524       22
    -----------------------------------------------------
    Total:                       25'448    6'475    1'112

D:\GitHub\NRF52840_WS2812B_BLE\nRF5_SDK_17.0.2_d674dde\examples\ble_peripheral\ble_app_ws2812b\pca10056\s140\iar\_build\nRF_Drivers: [7]
    nrf_drv_clock.o                 456       32       20
    nrf_drv_uart.o                  240                18
    nrfx_clock.o                    496       16        8
    nrfx_gpiote.o                 2'154       24      108
    nrfx_prs.o                      134       12        8
    nrfx_pwm.o                    1'376       12        8
    nrfx_uart.o                   1'936       20       44
    nrfx_uarte.o                  1'916       20       36
    -----------------------------------------------------
    Total:                        8'708      136      250

D:\GitHub\NRF52840_WS2812B_BLE\nRF5_SDK_17.0.2_d674dde\examples\ble_peripheral\ble_app_ws2812b\pca10056\s140\iar\_build\nRF_Libraries: [8]
    app_button.o                    916       28       81
    app_error.o                      32
    app_error_weak.o                136       28
    app_timer2.o                  1'156       43      137
    app_util_platform.o             202                12
    drv_rtc.o                     1'052       64       12
    fds.o                         5'720       33    4'042
    nrf_atfifo.o                    442
    nrf_atflags.o                   206
    nrf_atomic.o                    260
    nrf_balloc.o                    226
    nrf_fprintf.o                    68        4
    nrf_fprintf_format.o          1'160       16
    nrf_fstorage.o                  846      428
    nrf_fstorage_sd.o             1'116       72      184
    nrf_memobj.o                    550
    nrf_pwr_mgmt.o                   52       56       17
    nrf_ringbuf.o                    38
    nrf_section_iter.o              110
    nrf_sortlist.o                  104       20
    nrf_strerror.o                   88    1'320
    -----------------------------------------------------
    Total:                       14'480    2'112    4'485

D:\GitHub\NRF52840_WS2812B_BLE\nRF5_SDK_17.0.2_d674dde\examples\ble_peripheral\ble_app_ws2812b\pca10056\s140\iar\_build\nRF_Log: [9]
    nrf_log_backend_serial.o        238
    nrf_log_backend_uart.o          360       53       86
    nrf_log_default_backends.o       40       39        8
    nrf_log_frontend.o            2'260       66    1'420
    nrf_log_str_formatter.o         604      174       56
    -----------------------------------------------------
    Total:                        3'502      332    1'570

D:\GitHub\NRF52840_WS2812B_BLE\nRF5_SDK_17.0.2_d674dde\examples\ble_peripheral\ble_app_ws2812b\pca10056\s140\iar\_build\nRF_Segger_RTT: [10]
    -----------------------------------------------------
    Total:

D:\GitHub\NRF52840_WS2812B_BLE\nRF5_SDK_17.0.2_d674dde\examples\ble_peripheral\ble_app_ws2812b\pca10056\s140\iar\_build\nRF_SoftDevice: [11]
    nrf_sdh.o                       904      104        3
    nrf_sdh_ble.o                   824      716        1
    nrf_sdh_soc.o                    84       56
    -----------------------------------------------------
    Total:                        1'812      876        4

dl7M_tlf.a: [12]
    exit.o                            4
    isalpha.o                        20
    isprint.o                        40
    ispunct.o                        20
    rand.o                          156       63      140
    xlocale_c.o                      72       35       72
    -----------------------------------------------------
    Total:                          312       98      212

m7M_tls.a: [13]
    fpinit_M.o                       34
    -----------------------------------------------------
    Total:                           34

rt7M_tl.a: [14]
    ABImemclr4.o                      6
    ABImemcpy.o                     166
    ABImemset.o                     102
    ABImemset48.o                    50
    I64DivMod.o                     560
    I64DivZer.o                       2
    I64Shl.o                         34
    XXexit.o                         12
    cexit.o                          10
    cmain.o                          30
    cstartup_M.o                     28
    data_init.o                      40
    lz77_init_single.o              118
    memcmp.o                        104
    strlen.o                         54
    zero_init3.o                     56
    -----------------------------------------------------
    Total:                        1'372

    Gaps                                      24        4
    Linker created                            32    8'192
---------------------------------------------------------
    Grand Total:                 65'944   10'408   67'110


*******************************************************************************
*** ENTRY LIST
***

Entry                       Address    Size  Type      Object
-----                       -------    ----  ----      ------
.iar.init_table$$Base      0x3'8c80           --   Gb  - Linker created -
.iar.init_table$$Limit     0x3'8ca0           --   Gb  - Linker created -
?main                      0x3'8e65          Code  Gb  cmain.o [14]
CSTACK$$Base            0x2003'0928           --   Gb  - Linker created -
CSTACK$$Limit           0x2003'2928           --   Gb  - Linker created -
GPIOTE_IRQHandler          0x2'd741    0xb6  Code  Gb  nrfx_gpiote.o [7]
POWER_CLOCK_IRQHandler     0x3'6d73    0x56  Code  Gb  nrfx_clock.o [7]
PWM0_IRQHandler            0x3'59ab     0xc  Code  Gb  nrfx_pwm.o [7]
RTC1_IRQHandler            0x3'1da1     0xe  Code  Gb  drv_rtc.o [8]
Region$$Table$$Base        0x3'8c80           --   Gb  - Linker created -
Region$$Table$$Limit       0x3'8ca0           --   Gb  - Linker created -
SWI2_EGU2_IRQHandler       0x3'40d5     0x8  Code  Gb  nrf_sdh.o [11]
SystemCoreClock         0x2002'23c4     0x4  Data  Gb  system_nrf52840.o [4]
SystemCoreClockUpdate      0x3'699b     0x8  Code  Gb  system_nrf52840.o [4]
SystemInit                 0x3'69a3   0x174  Code  Gb  system_nrf52840.o [4]
UARTE0_UART0_IRQHandler
                           0x2'f6e9     0xa  Code  Gb  nrfx_prs.o [7]
WS2812B_Buffer          0x2002'24c4  0xc05c  Data  Lc  ws2812b.o [1]
WS2812B_StatePWM        0x2003'08f4     0x4  Data  Lc  ws2812b.o [1]
WS2812B_init               0x3'5067    0x74  Code  Gb  ws2812b.o [1]
WS2812B_pwmhandler         0x3'5055    0x12  Code  Gb  ws2812b.o [1]
WS2812B_sendBuffer         0x3'50db    0x1c  Code  Gb  ws2812b.o [1]
WS2812B_setPixel           0x3'50f7    0xe8  Code  Gb  ws2812b.o [1]
_LocaleC_isalpha           0x3'6367     0xc  Code  Gb  xlocale_c.o [12]
_LocaleC_islower           0x3'6361     0x4  Code  Gb  xlocale_c.o [12]
_LocaleC_ispunct           0x3'637d    0x22  Code  Gb  xlocale_c.o [12]
_LocaleC_isupper           0x3'6365     0x2  Code  Gb  xlocale_c.o [12]
_NRFX_IRQ_DISABLE          0x2'eff9     0xe  Code  Lc  nrfx_uart.o [7]
_NRFX_IRQ_DISABLE          0x2'f825     0xe  Code  Lc  nrfx_uarte.o [7]
_NRFX_IRQ_ENABLE           0x3'1a45     0xe  Code  Lc  drv_rtc.o [8]
_NRFX_IRQ_ENABLE           0x3'6c59     0xe  Code  Lc  nrfx_clock.o [7]
_NRFX_IRQ_ENABLE           0x2'cff7     0xe  Code  Lc  nrfx_gpiote.o [7]
_NRFX_IRQ_ENABLE           0x3'54db     0xe  Code  Lc  nrfx_pwm.o [7]
_NRFX_IRQ_ENABLE           0x2'efeb     0xe  Code  Lc  nrfx_uart.o [7]
_NRFX_IRQ_ENABLE           0x2'f817     0xe  Code  Lc  nrfx_uarte.o [7]
_NRFX_IRQ_IS_ENABLED       0x3'6c67    0x26  Code  Lc  nrfx_clock.o [7]
_NRFX_IRQ_PRIORITY_SET     0x3'1a31    0x14  Code  Lc  drv_rtc.o [8]
_NRFX_IRQ_PRIORITY_SET     0x3'6c45    0x14  Code  Lc  nrfx_clock.o [7]
_NRFX_IRQ_PRIORITY_SET     0x2'cfe3    0x14  Code  Lc  nrfx_gpiote.o [7]
_NRFX_IRQ_PRIORITY_SET     0x3'54c7    0x14  Code  Lc  nrfx_pwm.o [7]
_NRFX_IRQ_PRIORITY_SET     0x2'efd7    0x14  Code  Lc  nrfx_uart.o [7]
_NRFX_IRQ_PRIORITY_SET     0x2'f803    0x14  Code  Lc  nrfx_uarte.o [7]
_Rand_idx               0x2002'2458     0x4  Data  Lc  rand.o [12]
_Rand_rv                0x2002'23d0    0x80  Data  Lc  rand.o [12]
_Randinit               0x2002'2450     0x1  Data  Gb  rand.o [12]
_Randseed               0x2002'2454     0x4  Data  Gb  rand.o [12]
__ICFEDIT_region_RAM_end__ {Abs}
                        0x2004'02a2          Data  Gb  <internal module>
__ICFEDIT_region_RAM_start__ {Abs}
                        0x2002'2300          Data  Gb  <internal module>
__NVIC_DisableIRQ          0x3'6de5    0x28  Code  Lc  nrf_drv_clock.o [7]
__NVIC_DisableIRQ          0x3'3d75    0x28  Code  Lc  nrf_sdh.o [11]
__NVIC_DisableIRQ          0x2'ef79    0x28  Code  Lc  nrfx_uart.o [7]
__NVIC_DisableIRQ          0x2'f791    0x28  Code  Lc  nrfx_uarte.o [7]
__NVIC_EnableIRQ           0x3'19c1    0x20  Code  Lc  drv_rtc.o [8]
[...]
prs_box_get                0x2'f6f3    0x10  Code  Lc  nrfx_prs.o [7]
pwr_mgmt_data              0x3'9638     0xc  Data  Lc  nrf_pwr_mgmt.o [8]
pwr_mgmt_data0$$Base            0x0           --   Gb  - Linker created -
pwr_mgmt_data0$$Limit           0x0           --   Gb  - Linker created -
pwr_mgmt_data1$$Base            0x0           --   Gb  - Linker created -
pwr_mgmt_data1$$Limit           0x0           --   Gb  - Linker created -
pwr_mgmt_data2$$Base            0x0           --   Gb  - Linker created -
pwr_mgmt_data2$$Limit           0x0           --   Gb  - Linker created -
pwr_mgmt_data_array        0x3'8fcc    0x18  Data  Lc  nrf_pwr_mgmt.o [8]
queue_buf_get              0x2'7807    0x2a  Code  Lc  fds.o [8]
queue_buf_store            0x2'7831    0x12  Code  Lc  fds.o [8]
queue_free                 0x2'7855    0x12  Code  Lc  fds.o [8]
queue_free                 0x3'6463    0x12  Code  Lc  nrf_fstorage_sd.o [8]
queue_has_next             0x2'7867    0x1a  Code  Lc  fds.o [8]
queue_init                 0x2'843d    0x14  Code  Lc  fds.o [8]
queue_load                 0x2'7843    0x12  Code  Lc  fds.o [8]
queue_load_next            0x3'6475    0x2a  Code  Lc  nrf_fstorage_sd.o [8]
queue_process              0x2'81a3    0xcc  Code  Lc  fds.o [8]
queue_process              0x3'649f    0x98  Code  Lc  nrf_fstorage_sd.o [8]
queue_process::m_iget_ctx
                        0x2003'08c4     0x4  Data  Lc  fds.o [8]
queue_process::m_p_cur_op
                        0x2003'08c0     0x4  Data  Lc  fds.o [8]
queue_start                0x2'826f    0x16  Code  Lc  fds.o [8]
queue_start                0x3'6537    0x1a  Code  Lc  nrf_fstorage_sd.o [8]
ram_end_address_get        0x3'42cd    0x10  Code  Lc  nrf_sdh_ble.o [11]
rand                       0x3'51fd    0x90  Code  Gb  rand.o [12]
rank_highest               0x3'008b    0x1c  Code  Lc  peer_manager_handler.o [6]
rank_init                  0x2'dead     0x8  Code  Lc  peer_manager.o [6]
rank_vars_update           0x2'd81b    0x44  Code  Lc  peer_manager.o [6]
read                       0x3'667f    0x22  Code  Lc  nrf_fstorage_sd.o [8]
reattempt_previous_operations
                           0x2'b2d3    0x66  Code  Lc  peer_database.o [6]
record_activate            0x2'a71d    0x2c  Code  Lc  ble_conn_state.o [6]
record_find                0x2'76d5    0x8a  Code  Lc  fds.o [8]
record_find_and_delete     0x2'7b21    0x40  Code  Lc  fds.o [8]
record_find_by_desc        0x2'7659    0x7c  Code  Lc  fds.o [8]
record_find_next           0x2'75d9    0x80  Code  Lc  fds.o [8]
record_header_flag_dirty
                           0x2'7ae3    0x3e  Code  Lc  fds.o [8]
record_header_flag_dirty::dirty_header
                           0x3'98f0     0x4  Data  Lc  fds.o [8]
record_header_write_begin
                           0x2'7a4b    0x2a  Code  Lc  fds.o [8]
record_header_write_finalize
                           0x2'7aad    0x36  Code  Lc  fds.o [8]
record_header_write_id     0x2'7a75    0x38  Code  Lc  fds.o [8]
record_id_new              0x2'75cb     0xe  Code  Lc  fds.o [8]
record_invalidate          0x2'a749    0x22  Code  Lc  ble_conn_state.o [6]
record_key_to_peer_data_id
                           0x2'b711     0x4  Code  Lc  peer_data_storage.o [6]
record_key_within_pm_range
                           0x2'b733    0x1e  Code  Lc  peer_data_storage.o [6]
record_purge_disconnected
                           0x2'a77d    0x3e  Code  Lc  ble_conn_state.o [6]
record_set_disconnected
                           0x2'a76b    0x12  Code  Lc  ble_conn_state.o [6]
record_write_data          0x2'7ba5    0x2c  Code  Lc  fds.o [8]
records_stat               0x2'775f    0xa8  Code  Lc  fds.o [8]
release                    0x2'c0cb    0x1c  Code  Lc  peer_id.o [6]
rmap                       0x3'66ff     0x6  Code  Lc  nrf_fstorage_sd.o [8]
rtc_irq                    0x3'126d    0x44  Code  Lc  app_timer2.o [8]
rtc_schedule               0x3'104d    0x82  Code  Lc  app_timer2.o [8]
rtc_update                 0x3'114d    0x9c  Code  Lc  app_timer2.o [8]
rx_byte                    0x2'f4cd    0x3c  Code  Lc  nrfx_uart.o [7]
rx_done_event              0x2'f509    0x1c  Code  Lc  nrfx_uart.o [7]
rx_done_event              0x2'fd3b    0x1c  Code  Lc  nrfx_uarte.o [7]
sc_send_pending_handle     0x2'c6a5    0x22  Code  Lc  gatt_cache_manager.o [6]
sd_nvic_DisableIRQ         0x3'3e79    0x4e  Code  Lc  nrf_sdh.o [11]
sd_nvic_EnableIRQ          0x3'3e15    0x64  Code  Lc  nrf_sdh.o [11]
sd_nvic_critical_region_enter
                           0x2'9aad    0x50  Code  Lc  app_util_platform.o [8]
sd_nvic_critical_region_exit
                           0x2'9afd    0x3c  Code  Lc  app_util_platform.o [8]
sd_state_evt_handler       0x3'6f3b    0x5e  Code  Lc  nrf_drv_clock.o [7]
sdh_ble_observers          0x3'9674     0xc  Data  Lc  nrf_sdh_ble.o [11]
sdh_ble_observers0$$Base
                           0x3'98b0           --   Gb  - Linker created -
sdh_ble_observers0$$Limit
                           0x3'98b8           --   Gb  - Linker created -
sdh_ble_observers1$$Base
                           0x3'8b14           --   Gb  - Linker created -
sdh_ble_observers1$$Limit
                           0x3'8b3c           --   Gb  - Linker created -
sdh_ble_observers2$$Base
                           0x3'9574           --   Gb  - Linker created -
sdh_ble_observers2$$Limit
                           0x3'9584           --   Gb  - Linker created -
sdh_ble_observers3$$Base
                           0x3'98b8           --   Gb  - Linker created -
sdh_ble_observers3$$Limit
                           0x3'98c0           --   Gb  - Linker created -
sdh_ble_observers_array
                           0x3'8d24    0x20  Data  Lc  nrf_sdh_ble.o [11]
sdh_req_observers          0x3'9644     0xc  Data  Lc  nrf_sdh.o [11]
sdh_req_observers0$$Base
                           0x3'98c0           --   Gb  - Linker created -
sdh_req_observers0$$Limit
                           0x3'98c8           --   Gb  - Linker created -
sdh_req_observers1$$Base
                                0x0           --   Gb  - Linker created -
sdh_req_observers1$$Limit
                                0x0           --   Gb  - Linker created -
sdh_req_observers_array
                           0x3'9424    0x10  Data  Lc  nrf_sdh.o [11]
sdh_request_observer_notify
                           0x3'3ec7    0x3e  Code  Lc  nrf_sdh.o [11]
sdh_soc_observers          0x3'968c     0xc  Data  Lc  nrf_sdh_soc.o [11]
sdh_soc_observers0$$Base
                           0x3'9584           --   Gb  - Linker created -
sdh_soc_observers0$$Limit
                           0x3'9594           --   Gb  - Linker created -
sdh_soc_observers1$$Base
                                0x0           --   Gb  - Linker created -
sdh_soc_observers1$$Limit
                                0x0           --   Gb  - Linker created -
sdh_soc_observers_array
                           0x3'9454    0x10  Data  Lc  nrf_sdh_soc.o [11]
sdh_stack_observers        0x3'965c     0xc  Data  Lc  nrf_sdh.o [11]
sdh_stack_observers0$$Base
                           0x3'9594           --   Gb  - Linker created -
sdh_stack_observers0$$Limit
                           0x3'95a4           --   Gb  - Linker created -
sdh_stack_observers1$$Base
                                0x0           --   Gb  - Linker created -
sdh_stack_observers1$$Limit
                                0x0           --   Gb  - Linker created -
sdh_stack_observers_array
                           0x3'9444    0x10  Data  Lc  nrf_sdh.o [11]
sdh_state_observer_notify
                           0x3'3f05    0x32  Code  Lc  nrf_sdh.o [11]
sdh_state_observers        0x3'9650     0xc  Data  Lc  nrf_sdh.o [11]
sdh_state_observers0$$Base
                           0x3'95a4           --   Gb  - Linker created -
sdh_state_observers0$$Limit
                           0x3'95b4           --   Gb  - Linker created -
sdh_state_observers1$$Base
                                0x0           --   Gb  - Linker created -
sdh_state_observers1$$Limit
                                0x0           --   Gb  - Linker created -
sdh_state_observers_array
                           0x3'9434    0x10  Data  Lc  nrf_sdh.o [11]
sec_info_request_process
                           0x2'9f61   0x108  Code  Lc  security_dispatcher.o [6]
sec_keyset_fill            0x2'a407    0xdc  Code  Lc  security_dispatcher.o [6]
sec_keyset_fill::__func__
                           0x3'9524    0x10  Data  Lc  security_dispatcher.o [6]
sec_params_request_process
                           0x2'a0d9    0x32  Code  Lc  security_dispatcher.o [6]
sec_params_verify          0x2'e5f5    0xd0  Code  Lc  security_manager.o [6]
sec_proc_start             0x2'9ef5    0x6c  Code  Lc  security_dispatcher.o [6]
sec_procedure              0x2'9cf5    0x14  Code  Lc  security_dispatcher.o [6]
sec_req_process            0x2'e43d    0x82  Code  Lc  security_manager.o [6]
sec_start_send             0x2'9d69    0x26  Code  Lc  security_dispatcher.o [6]
send_config_req            0x2'a069    0x2a  Code  Lc  security_dispatcher.o [6]
send_error_evt             0x3'38b9    0x1a  Code  Lc  ble_conn_params.o [6]
send_params_req            0x2'a0b5    0x24  Code  Lc  security_dispatcher.o [6]
send_storage_full_evt      0x2'9db3    0x20  Code  Lc  security_dispatcher.o [6]
send_unexpected_error      0x2'c321    0x24  Code  Lc  gatt_cache_manager.o [6]
send_unexpected_error      0x2'b791    0x24  Code  Lc  peer_data_storage.o [6]
send_unexpected_error      0x2'9d8f    0x24  Code  Lc  security_dispatcher.o [6]
send_unexpected_error      0x2'e0a9    0x2a  Code  Lc  security_manager.o [6]
send_update_request        0x3'38d3    0x2c  Code  Lc  ble_conn_params.o [6]
seq                        0x3'9544    0x10  Data  Gb  ws2812b.o [1]
serial_tx                  0x3'53e3    0x40  Code  Lc  nrf_log_backend_uart.o [9]
service_changed_cccd       0x2'c4e1    0x8a  Code  Lc  gatt_cache_manager.o [6]
service_changed_needed     0x2'c6db    0x22  Code  Lc  gatt_cache_manager.o [6]
service_changed_pending_flags_check
                           0x2'c6c7    0x14  Code  Lc  gatt_cache_manager.o [6]
service_changed_pending_set
                           0x2'cc45    0x96  Code  Lc  gatts_cache_manager.o [6]
service_changed_pending_set::service_changed_pending
                           0x3'9900     0x4  Data  Lc  gatts_cache_manager.o [6]
service_changed_send_in_evt
                           0x2'c56b    0xee  Code  Lc  gatt_cache_manager.o [6]
service_data_encode        0x2'ec67    0xb4  Code  Lc  ble_advdata.o [6]
services_init              0x3'1f47    0x6a  Code  Lc  bleapp.o [1]
set_adv_mode_directed      0x3'4557    0x32  Code  Lc  ble_advertising.o [6]
set_adv_mode_directed_high_duty
                           0x3'4533    0x24  Code  Lc  ble_advertising.o [6]
set_adv_mode_fast          0x3'45db    0x5c  Code  Lc  ble_advertising.o [6]
set_adv_mode_slow          0x3'4637    0x5c  Code  Lc  ble_advertising.o [6]
set_security_req           0x3'4a83    0xbe  Code  Lc  ble_srv_common.o [6]
severity_names          0x2002'2334    0x14  Data  Lc  nrf_log_str_formatter.o [9]
sleep_mode_enter           0x3'203d    0x3a  Code  Lc  bleapp.o [1]
sm_ble_evt_handler         0x2'e5c5    0x30  Code  Gb  security_manager.o [6]
sm_conn_sec_status_get     0x2'e347    0xbe  Code  Gb  security_manager.o [6]
sm_init                    0x2'e577    0x4e  Code  Gb  security_manager.o [6]
sm_link_secure             0x2'e755    0x18  Code  Gb  security_manager.o [6]
sm_pdb_evt_handler         0x2'e539    0x2c  Code  Gb  security_manager.o [6]
sm_sec_is_sufficient       0x2'e405    0x38  Code  Gb  security_manager.o [6]
sm_sec_params_set          0x2'e6c5    0x40  Code  Gb  security_manager.o [6]
sm_smd_evt_handler         0x2'e4cb    0x26  Code  Gb  security_manager.o [6]
smd_ble_evt_handler        0x2'a693    0x44  Code  Gb  security_dispatcher.o [6]
smd_init                   0x2'a3a1    0x66  Code  Gb  security_dispatcher.o [6]
smd_link_secure            0x2'a667    0x2c  Code  Gb  security_dispatcher.o [6]
smd_params_reply           0x2'a4e3    0xf2  Code  Gb  security_dispatcher.o [6]
smd_params_reply_perform
                           0x2'e2f3    0x46  Code  Lc  security_manager.o [6]
soc_evt_handler            0x3'6f23    0x18  Code  Lc  nrf_drv_clock.o [7]
softdevice_evt_irq_disable
                           0x3'3f4f    0x18  Code  Lc  nrf_sdh.o [11]
softdevices_evt_irq_enable
                           0x3'3f37    0x18  Code  Lc  nrf_sdh.o [11]
sorted_list_stop_all       0x3'10f3    0x16  Code  Lc  app_timer2.o [8]
sortlist_peek              0x3'10e1    0x12  Code  Lc  app_timer2.o [8]
sortlist_pop               0x3'10cf    0x12  Code  Lc  app_timer2.o [8]
start_playback             0x3'5807    0x66  Code  Lc  nrfx_pwm.o [7]
startup_event_extract      0x3'3c5d    0x2a  Code  Lc  bsp_btn_ble.o [3]
state_get                  0x3'162d    0x22  Code  Lc  app_button.o [8]
state_set                  0x3'164f    0x4e  Code  Lc  app_button.o [8]
std_header_set             0x2'919b    0x78  Code  Lc  nrf_log_frontend.o [9]
std_n                      0x2'92f5    0x74  Code  Lc  nrf_log_frontend.o [9]
storage_init               0x3'4d99    0x20  Code  Gb  storage.o [1]
storage_loadPicture        0x3'4db9    0xd2  Code  Gb  storage.o [1]
storage_storePicture       0x3'4e8b   0x108  Code  Gb  storage.o [1]
store_car_value            0x2'c93b    0x64  Code  Gb  gatt_cache_manager.o [6]
store_car_value::car_value_false
                           0x3'98fc     0x4  Data  Lc  gatt_cache_manager.o [6]
store_car_value::car_value_true
                           0x3'98f8     0x4  Data  Lc  gatt_cache_manager.o [6]
string_print               0x3'5ea9    0x8a  Code  Lc  nrf_fprintf_format.o [8]
strlen                     0x3'6329          Code  Gb  strlen.o [14]
ticks_sub                  0x3'1c2f     0x8  Code  Lc  drv_rtc.o [8]
timer_expire               0x3'0fd1    0x7c  Code  Lc  app_timer2.o [8]
timer_req_process          0x3'11e9    0x84  Code  Lc  app_timer2.o [8]
timer_req_schedule         0x3'12bb    0x36  Code  Lc  app_timer2.o [8]
timer_request_proc_trigger
                           0x3'12b1     0xa  Code  Lc  app_timer2.o [8]
timer_start                0x3'180b    0x16  Code  Lc  app_button.o [8]
timers_init                0x3'1e8d    0x16  Code  Lc  bleapp.o [1]
timestamp_print            0x3'5bb1     0x2  Code  Lc  nrf_log_str_formatter.o [9]
tx_blocking                0x2'f3ef    0x36  Code  Lc  nrfx_uart.o [7]
tx_byte                    0x2'f3c7    0x28  Code  Lc  nrfx_uart.o [7]
tx_done_event              0x2'f525    0x24  Code  Lc  nrfx_uart.o [7]
tx_done_event              0x2'fd57    0x24  Code  Lc  nrfx_uarte.o [7]
tx_power_level_encode      0x2'e971    0x3c  Code  Lc  ble_advdata.o [6]
uart_evt_handler           0x3'59ff    0x2e  Code  Lc  nrf_drv_uart.o [7]
uart_evt_handler           0x3'5375     0x8  Code  Lc  nrf_log_backend_uart.o [9]
uart_init                  0x3'537d    0x58  Code  Lc  nrf_log_backend_uart.o [9]
uart_irq_handler           0x2'f549   0x168  Code  Lc  nrfx_uart.o [7]
uart_log_backend           0x3'9564    0x10  Data  Lc  nrf_log_default_backends.o [9]
uarte_evt_handler          0x3'59d1    0x2e  Code  Lc  nrf_drv_uart.o [7]
uarte_irq_handler          0x2'fd7b   0x142  Code  Lc  nrfx_uarte.o [7]
uint16_decode              0x3'4a65     0xe  Code  Lc  ble_srv_common.o [6]
uint16_encode              0x2'e76d    0x10  Code  Lc  ble_advdata.o [6]
uninit                     0x3'65f9    0x28  Code  Lc  nrf_fstorage_sd.o [8]
unsigned_print             0x3'5f33    0xbe  Code  Lc  nrf_fprintf_format.o [8]
unsigned_print::_aV2C      0x3'9404    0x10  Data  Lc  nrf_fprintf_format.o [8]
update_pending_flags_check
                           0x2'c77f    0x2c  Code  Lc  gatt_cache_manager.o [6]
update_timeout_handler     0x3'38ff    0x80  Code  Lc  ble_conn_params.o [6]
use_whitelist              0x3'4589    0x26  Code  Lc  ble_advertising.o [6]
user_flag_is_acquired      0x2'a7bb    0x12  Code  Lc  ble_conn_state.o [6]
user_mem_reply             0x3'2a3b    0x30  Code  Lc  nrf_ble_qwr.o [6]
usr_event                  0x3'16cb    0x28  Code  Lc  app_button.o [8]
uuid_list_encode           0x2'eaa7    0x58  Code  Lc  ble_advdata.o [6]
uuid_list_sized_encode     0x2'e9ad    0xfa  Code  Lc  ble_advdata.o [6]
wait_for_fds_ready         0x3'4d8f     0xa  Code  Lc  storage.o [1]
wakeup_button_cfg          0x3'0cd1    0x2e  Code  Lc  bsp.o [3]
whitelist_has_entries      0x3'4415     0x6  Code  Lc  ble_advertising.o [6]
wmap                       0x3'6705     0x6  Code  Lc  nrf_fstorage_sd.o [8]
write                      0x3'6621    0x5e  Code  Lc  nrf_fstorage_sd.o [8]
write_buf_length_words_set
                           0x2'b145    0x34  Code  Lc  peer_database.o [6]
write_buf_store            0x2'b179    0xf2  Code  Gb  peer_database.o [6]
write_buf_store_in_event
                           0x2'b26b    0x68  Code  Lc  peer_database.o [6]
write_buffer_record_acquire
                           0x2'b0b3    0x22  Code  Lc  peer_database.o [6]
write_buffer_record_find
                           0x2'b005    0x4a  Code  Lc  peer_database.o [6]
write_buffer_record_find_next
                           0x2'afcd    0x38  Code  Lc  peer_database.o [6]
write_buffer_record_find_stored
                           0x2'b04f    0x30  Code  Lc  peer_database.o [6]
write_buffer_record_find_unused
                           0x2'b07f     0xe  Code  Lc  peer_database.o [6]
write_buffer_record_invalidate
                           0x2'afa5    0x28  Code  Lc  peer_database.o [6]
write_buffer_record_release
                           0x2'b08d    0x26  Code  Lc  peer_database.o [6]
write_enqueue              0x2'829d   0x10c  Code  Lc  fds.o [8]
write_execute              0x2'8005    0xd2  Code  Lc  fds.o [8]
write_execute              0x3'640b    0x4c  Code  Lc  nrf_fstorage_sd.o [8]
write_execute::desc     0x2003'07e0     0xc  Data  Lc  fds.o [8]
write_execute::page     0x2003'08f8     0x2  Data  Lc  fds.o [8]
write_space_free           0x2'759d    0x2e  Code  Lc  fds.o [8]
write_space_reserve        0x2'7509    0x94  Code  Lc  fds.o [8]


[1] = D:\GitHub\NRF52840_WS2812B_BLE\nRF5_SDK_17.0.2_d674dde\examples\ble_peripheral\ble_app_ws2812b\pca10056\s140\iar\_build\Application\Src
[2] = D:\GitHub\NRF52840_WS2812B_BLE\nRF5_SDK_17.0.2_d674dde\examples\ble_peripheral\ble_app_ws2812b\pca10056\s140\iar\_build\Board Definition
[3] = D:\GitHub\NRF52840_WS2812B_BLE\nRF5_SDK_17.0.2_d674dde\examples\ble_peripheral\ble_app_ws2812b\pca10056\s140\iar\_build\Board Support
[4] = D:\GitHub\NRF52840_WS2812B_BLE\nRF5_SDK_17.0.2_d674dde\examples\ble_peripheral\ble_app_ws2812b\pca10056\s140\iar\_build\None
[5] = D:\GitHub\NRF52840_WS2812B_BLE\nRF5_SDK_17.0.2_d674dde\examples\ble_peripheral\ble_app_ws2812b\pca10056\s140\iar\_build\UTF8\UTF16 converter
[6] = D:\GitHub\NRF52840_WS2812B_BLE\nRF5_SDK_17.0.2_d674dde\examples\ble_peripheral\ble_app_ws2812b\pca10056\s140\iar\_build\nRF_BLE
[7] = D:\GitHub\NRF52840_WS2812B_BLE\nRF5_SDK_17.0.2_d674dde\examples\ble_peripheral\ble_app_ws2812b\pca10056\s140\iar\_build\nRF_Drivers
[8] = D:\GitHub\NRF52840_WS2812B_BLE\nRF5_SDK_17.0.2_d674dde\examples\ble_peripheral\ble_app_ws2812b\pca10056\s140\iar\_build\nRF_Libraries
[9] = D:\GitHub\NRF52840_WS2812B_BLE\nRF5_SDK_17.0.2_d674dde\examples\ble_peripheral\ble_app_ws2812b\pca10056\s140\iar\_build\nRF_Log
[10] = D:\GitHub\NRF52840_WS2812B_BLE\nRF5_SDK_17.0.2_d674dde\examples\ble_peripheral\ble_app_ws2812b\pca10056\s140\iar\_build\nRF_Segger_RTT
[11] = D:\GitHub\NRF52840_WS2812B_BLE\nRF5_SDK_17.0.2_d674dde\examples\ble_peripheral\ble_app_ws2812b\pca10056\s140\iar\_build\nRF_SoftDevice
[12] = dl7M_tlf.a
[13] = m7M_tls.a
[14] = rt7M_tl.a

  65'944 bytes of readonly  code memory
  10'408 bytes of readonly  data memory
  67'110 bytes of readwrite data memory

Errors: none
Warnings: none
