###############################################################################
#
# IAR ELF Linker V9.10.1.308/W64 for ARM                  10/May/2021  19:32:43
# Copyright 2007-2021 IAR Systems AB.
#
#    Output file  =
#        D:\GitHub\NRF52840_WS2812B_BLE\nRF5_SDK_17.0.2_d674dde\examples\ble_peripheral\ble_app_template\pca10056\s140\iar\_build\ble_app_template_pca10056_s140.out
#    Map file     =
#        D:\GitHub\NRF52840_WS2812B_BLE\nRF5_SDK_17.0.2_d674dde\examples\ble_peripheral\ble_app_template\pca10056\s140\iar\_build\ble_app_template_pca10056_s140.map
#    Command line =
#        -f
#        D:\GitHub\NRF52840_WS2812B_BLE\nRF5_SDK_17.0.2_d674dde\examples\ble_peripheral\ble_app_template\pca10056\s140\iar\_build\ble_app_template_pca10056_s140.out.rsp
#        (D:\GitHub\NRF52840_WS2812B_BLE\nRF5_SDK_17.0.2_d674dde\examples\ble_peripheral\ble_app_template\pca10056\s140\iar\_build\nRF_Libraries\app_button.o
#        D:\GitHub\NRF52840_WS2812B_BLE\nRF5_SDK_17.0.2_d674dde\examples\ble_peripheral\ble_app_template\pca10056\s140\iar\_build\nRF_Libraries\app_error.o
#        D:\GitHub\NRF52840_WS2812B_BLE\nRF5_SDK_17.0.2_d674dde\examples\ble_peripheral\ble_app_template\pca10056\s140\iar\_build\nRF_Libraries\app_error_handler_iar.o
#        D:\GitHub\NRF52840_WS2812B_BLE\nRF5_SDK_17.0.2_d674dde\examples\ble_peripheral\ble_app_template\pca10056\s140\iar\_build\nRF_Libraries\app_error_weak.o
#        D:\GitHub\NRF52840_WS2812B_BLE\nRF5_SDK_17.0.2_d674dde\examples\ble_peripheral\ble_app_template\pca10056\s140\iar\_build\nRF_Libraries\app_scheduler.o
#        D:\GitHub\NRF52840_WS2812B_BLE\nRF5_SDK_17.0.2_d674dde\examples\ble_peripheral\ble_app_template\pca10056\s140\iar\_build\nRF_Libraries\app_timer2.o
#        D:\GitHub\NRF52840_WS2812B_BLE\nRF5_SDK_17.0.2_d674dde\examples\ble_peripheral\ble_app_template\pca10056\s140\iar\_build\nRF_Libraries\app_util_platform.o
#        D:\GitHub\NRF52840_WS2812B_BLE\nRF5_SDK_17.0.2_d674dde\examples\ble_peripheral\ble_app_template\pca10056\s140\iar\_build\nRF_BLE\auth_status_tracker.o
#        D:\GitHub\NRF52840_WS2812B_BLE\nRF5_SDK_17.0.2_d674dde\examples\ble_peripheral\ble_app_template\pca10056\s140\iar\_build\nRF_BLE\ble_advdata.o
#        D:\GitHub\NRF52840_WS2812B_BLE\nRF5_SDK_17.0.2_d674dde\examples\ble_peripheral\ble_app_template\pca10056\s140\iar\_build\nRF_BLE\ble_advertising.o
#        D:\GitHub\NRF52840_WS2812B_BLE\nRF5_SDK_17.0.2_d674dde\examples\ble_peripheral\ble_app_template\pca10056\s140\iar\_build\nRF_BLE\ble_conn_params.o
#        D:\GitHub\NRF52840_WS2812B_BLE\nRF5_SDK_17.0.2_d674dde\examples\ble_peripheral\ble_app_template\pca10056\s140\iar\_build\nRF_BLE\ble_conn_state.o
#        D:\GitHub\NRF52840_WS2812B_BLE\nRF5_SDK_17.0.2_d674dde\examples\ble_peripheral\ble_app_template\pca10056\s140\iar\_build\nRF_BLE\ble_srv_common.o
#        "D:\GitHub\NRF52840_WS2812B_BLE\nRF5_SDK_17.0.2_d674dde\examples\ble_peripheral\ble_app_template\pca10056\s140\iar\_build\Board
#        Definition\boards.o"
#        "D:\GitHub\NRF52840_WS2812B_BLE\nRF5_SDK_17.0.2_d674dde\examples\ble_peripheral\ble_app_template\pca10056\s140\iar\_build\Board
#        Support\bsp.o"
#        "D:\GitHub\NRF52840_WS2812B_BLE\nRF5_SDK_17.0.2_d674dde\examples\ble_peripheral\ble_app_template\pca10056\s140\iar\_build\Board
#        Support\bsp_btn_ble.o"
#        D:\GitHub\NRF52840_WS2812B_BLE\nRF5_SDK_17.0.2_d674dde\examples\ble_peripheral\ble_app_template\pca10056\s140\iar\_build\nRF_Libraries\crc16.o
#        D:\GitHub\NRF52840_WS2812B_BLE\nRF5_SDK_17.0.2_d674dde\examples\ble_peripheral\ble_app_template\pca10056\s140\iar\_build\nRF_Libraries\drv_rtc.o
#        D:\GitHub\NRF52840_WS2812B_BLE\nRF5_SDK_17.0.2_d674dde\examples\ble_peripheral\ble_app_template\pca10056\s140\iar\_build\nRF_Libraries\fds.o
#        D:\GitHub\NRF52840_WS2812B_BLE\nRF5_SDK_17.0.2_d674dde\examples\ble_peripheral\ble_app_template\pca10056\s140\iar\_build\nRF_BLE\gatt_cache_manager.o
#        D:\GitHub\NRF52840_WS2812B_BLE\nRF5_SDK_17.0.2_d674dde\examples\ble_peripheral\ble_app_template\pca10056\s140\iar\_build\nRF_BLE\gatts_cache_manager.o
#        D:\GitHub\NRF52840_WS2812B_BLE\nRF5_SDK_17.0.2_d674dde\examples\ble_peripheral\ble_app_template\pca10056\s140\iar\_build\nRF_Libraries\hardfault_implementation.o
#        D:\GitHub\NRF52840_WS2812B_BLE\nRF5_SDK_17.0.2_d674dde\examples\ble_peripheral\ble_app_template\pca10056\s140\iar\_build\None\iar_startup_nrf52840.o
#        D:\GitHub\NRF52840_WS2812B_BLE\nRF5_SDK_17.0.2_d674dde\examples\ble_peripheral\ble_app_template\pca10056\s140\iar\_build\nRF_BLE\id_manager.o
#        D:\GitHub\NRF52840_WS2812B_BLE\nRF5_SDK_17.0.2_d674dde\examples\ble_peripheral\ble_app_template\pca10056\s140\iar\_build\Application\main.o
#        D:\GitHub\NRF52840_WS2812B_BLE\nRF5_SDK_17.0.2_d674dde\examples\ble_peripheral\ble_app_template\pca10056\s140\iar\_build\nRF_Libraries\nrf_assert.o
#        D:\GitHub\NRF52840_WS2812B_BLE\nRF5_SDK_17.0.2_d674dde\examples\ble_peripheral\ble_app_template\pca10056\s140\iar\_build\nRF_Libraries\nrf_atfifo.o
#        D:\GitHub\NRF52840_WS2812B_BLE\nRF5_SDK_17.0.2_d674dde\examples\ble_peripheral\ble_app_template\pca10056\s140\iar\_build\nRF_Libraries\nrf_atflags.o
#        D:\GitHub\NRF52840_WS2812B_BLE\nRF5_SDK_17.0.2_d674dde\examples\ble_peripheral\ble_app_template\pca10056\s140\iar\_build\nRF_Libraries\nrf_atomic.o
#        D:\GitHub\NRF52840_WS2812B_BLE\nRF5_SDK_17.0.2_d674dde\examples\ble_peripheral\ble_app_template\pca10056\s140\iar\_build\nRF_Libraries\nrf_balloc.o
#        D:\GitHub\NRF52840_WS2812B_BLE\nRF5_SDK_17.0.2_d674dde\examples\ble_peripheral\ble_app_template\pca10056\s140\iar\_build\nRF_BLE\nrf_ble_gatt.o
#        D:\GitHub\NRF52840_WS2812B_BLE\nRF5_SDK_17.0.2_d674dde\examples\ble_peripheral\ble_app_template\pca10056\s140\iar\_build\nRF_BLE\nrf_ble_qwr.o
#        D:\GitHub\NRF52840_WS2812B_BLE\nRF5_SDK_17.0.2_d674dde\examples\ble_peripheral\ble_app_template\pca10056\s140\iar\_build\nRF_Drivers\nrf_drv_clock.o
#        D:\GitHub\NRF52840_WS2812B_BLE\nRF5_SDK_17.0.2_d674dde\examples\ble_peripheral\ble_app_template\pca10056\s140\iar\_build\nRF_Drivers\nrf_drv_uart.o
#        D:\GitHub\NRF52840_WS2812B_BLE\nRF5_SDK_17.0.2_d674dde\examples\ble_peripheral\ble_app_template\pca10056\s140\iar\_build\nRF_Libraries\nrf_fprintf.o
#        D:\GitHub\NRF52840_WS2812B_BLE\nRF5_SDK_17.0.2_d674dde\examples\ble_peripheral\ble_app_template\pca10056\s140\iar\_build\nRF_Libraries\nrf_fprintf_format.o
#        D:\GitHub\NRF52840_WS2812B_BLE\nRF5_SDK_17.0.2_d674dde\examples\ble_peripheral\ble_app_template\pca10056\s140\iar\_build\nRF_Libraries\nrf_fstorage.o
#        D:\GitHub\NRF52840_WS2812B_BLE\nRF5_SDK_17.0.2_d674dde\examples\ble_peripheral\ble_app_template\pca10056\s140\iar\_build\nRF_Libraries\nrf_fstorage_sd.o
#        D:\GitHub\NRF52840_WS2812B_BLE\nRF5_SDK_17.0.2_d674dde\examples\ble_peripheral\ble_app_template\pca10056\s140\iar\_build\nRF_Log\nrf_log_backend_rtt.o
#        D:\GitHub\NRF52840_WS2812B_BLE\nRF5_SDK_17.0.2_d674dde\examples\ble_peripheral\ble_app_template\pca10056\s140\iar\_build\nRF_Log\nrf_log_backend_serial.o
#        D:\GitHub\NRF52840_WS2812B_BLE\nRF5_SDK_17.0.2_d674dde\examples\ble_peripheral\ble_app_template\pca10056\s140\iar\_build\nRF_Log\nrf_log_backend_uart.o
#        D:\GitHub\NRF52840_WS2812B_BLE\nRF5_SDK_17.0.2_d674dde\examples\ble_peripheral\ble_app_template\pca10056\s140\iar\_build\nRF_Log\nrf_log_default_backends.o
#        D:\GitHub\NRF52840_WS2812B_BLE\nRF5_SDK_17.0.2_d674dde\examples\ble_peripheral\ble_app_template\pca10056\s140\iar\_build\nRF_Log\nrf_log_frontend.o
#        D:\GitHub\NRF52840_WS2812B_BLE\nRF5_SDK_17.0.2_d674dde\examples\ble_peripheral\ble_app_template\pca10056\s140\iar\_build\nRF_Log\nrf_log_str_formatter.o
#        D:\GitHub\NRF52840_WS2812B_BLE\nRF5_SDK_17.0.2_d674dde\examples\ble_peripheral\ble_app_template\pca10056\s140\iar\_build\nRF_Libraries\nrf_memobj.o
#        D:\GitHub\NRF52840_WS2812B_BLE\nRF5_SDK_17.0.2_d674dde\examples\ble_peripheral\ble_app_template\pca10056\s140\iar\_build\nRF_Libraries\nrf_pwr_mgmt.o
#        D:\GitHub\NRF52840_WS2812B_BLE\nRF5_SDK_17.0.2_d674dde\examples\ble_peripheral\ble_app_template\pca10056\s140\iar\_build\nRF_Libraries\nrf_ringbuf.o
#        D:\GitHub\NRF52840_WS2812B_BLE\nRF5_SDK_17.0.2_d674dde\examples\ble_peripheral\ble_app_template\pca10056\s140\iar\_build\nRF_SoftDevice\nrf_sdh.o
#        D:\GitHub\NRF52840_WS2812B_BLE\nRF5_SDK_17.0.2_d674dde\examples\ble_peripheral\ble_app_template\pca10056\s140\iar\_build\nRF_SoftDevice\nrf_sdh_ble.o
#        D:\GitHub\NRF52840_WS2812B_BLE\nRF5_SDK_17.0.2_d674dde\examples\ble_peripheral\ble_app_template\pca10056\s140\iar\_build\nRF_SoftDevice\nrf_sdh_soc.o
#        D:\GitHub\NRF52840_WS2812B_BLE\nRF5_SDK_17.0.2_d674dde\examples\ble_peripheral\ble_app_template\pca10056\s140\iar\_build\nRF_Libraries\nrf_section_iter.o
#        D:\GitHub\NRF52840_WS2812B_BLE\nRF5_SDK_17.0.2_d674dde\examples\ble_peripheral\ble_app_template\pca10056\s140\iar\_build\nRF_Libraries\nrf_sortlist.o
#        D:\GitHub\NRF52840_WS2812B_BLE\nRF5_SDK_17.0.2_d674dde\examples\ble_peripheral\ble_app_template\pca10056\s140\iar\_build\nRF_Libraries\nrf_strerror.o
#        D:\GitHub\NRF52840_WS2812B_BLE\nRF5_SDK_17.0.2_d674dde\examples\ble_peripheral\ble_app_template\pca10056\s140\iar\_build\nRF_Drivers\nrfx_atomic.o
#        D:\GitHub\NRF52840_WS2812B_BLE\nRF5_SDK_17.0.2_d674dde\examples\ble_peripheral\ble_app_template\pca10056\s140\iar\_build\nRF_Drivers\nrfx_clock.o
#        D:\GitHub\NRF52840_WS2812B_BLE\nRF5_SDK_17.0.2_d674dde\examples\ble_peripheral\ble_app_template\pca10056\s140\iar\_build\nRF_Drivers\nrfx_gpiote.o
#        D:\GitHub\NRF52840_WS2812B_BLE\nRF5_SDK_17.0.2_d674dde\examples\ble_peripheral\ble_app_template\pca10056\s140\iar\_build\nRF_Drivers\nrfx_prs.o
#        D:\GitHub\NRF52840_WS2812B_BLE\nRF5_SDK_17.0.2_d674dde\examples\ble_peripheral\ble_app_template\pca10056\s140\iar\_build\nRF_Drivers\nrfx_uart.o
#        D:\GitHub\NRF52840_WS2812B_BLE\nRF5_SDK_17.0.2_d674dde\examples\ble_peripheral\ble_app_template\pca10056\s140\iar\_build\nRF_Drivers\nrfx_uarte.o
#        D:\GitHub\NRF52840_WS2812B_BLE\nRF5_SDK_17.0.2_d674dde\examples\ble_peripheral\ble_app_template\pca10056\s140\iar\_build\nRF_BLE\peer_data_storage.o
#        D:\GitHub\NRF52840_WS2812B_BLE\nRF5_SDK_17.0.2_d674dde\examples\ble_peripheral\ble_app_template\pca10056\s140\iar\_build\nRF_BLE\peer_database.o
#        D:\GitHub\NRF52840_WS2812B_BLE\nRF5_SDK_17.0.2_d674dde\examples\ble_peripheral\ble_app_template\pca10056\s140\iar\_build\nRF_BLE\peer_id.o
#        D:\GitHub\NRF52840_WS2812B_BLE\nRF5_SDK_17.0.2_d674dde\examples\ble_peripheral\ble_app_template\pca10056\s140\iar\_build\nRF_BLE\peer_manager.o
#        D:\GitHub\NRF52840_WS2812B_BLE\nRF5_SDK_17.0.2_d674dde\examples\ble_peripheral\ble_app_template\pca10056\s140\iar\_build\nRF_BLE\peer_manager_handler.o
#        D:\GitHub\NRF52840_WS2812B_BLE\nRF5_SDK_17.0.2_d674dde\examples\ble_peripheral\ble_app_template\pca10056\s140\iar\_build\nRF_BLE\pm_buffer.o
#        D:\GitHub\NRF52840_WS2812B_BLE\nRF5_SDK_17.0.2_d674dde\examples\ble_peripheral\ble_app_template\pca10056\s140\iar\_build\nRF_BLE\security_dispatcher.o
#        D:\GitHub\NRF52840_WS2812B_BLE\nRF5_SDK_17.0.2_d674dde\examples\ble_peripheral\ble_app_template\pca10056\s140\iar\_build\nRF_BLE\security_manager.o
#        D:\GitHub\NRF52840_WS2812B_BLE\nRF5_SDK_17.0.2_d674dde\examples\ble_peripheral\ble_app_template\pca10056\s140\iar\_build\nRF_Segger_RTT\SEGGER_RTT.o
#        D:\GitHub\NRF52840_WS2812B_BLE\nRF5_SDK_17.0.2_d674dde\examples\ble_peripheral\ble_app_template\pca10056\s140\iar\_build\nRF_Segger_RTT\SEGGER_RTT_printf.o
#        D:\GitHub\NRF52840_WS2812B_BLE\nRF5_SDK_17.0.2_d674dde\examples\ble_peripheral\ble_app_template\pca10056\s140\iar\_build\nRF_Segger_RTT\SEGGER_RTT_Syscalls_IAR.o
#        D:\GitHub\NRF52840_WS2812B_BLE\nRF5_SDK_17.0.2_d674dde\examples\ble_peripheral\ble_app_template\pca10056\s140\iar\_build\nRF_Libraries\sensorsim.o
#        D:\GitHub\NRF52840_WS2812B_BLE\nRF5_SDK_17.0.2_d674dde\examples\ble_peripheral\ble_app_template\pca10056\s140\iar\_build\None\system_nrf52840.o
#        "D:\GitHub\NRF52840_WS2812B_BLE\nRF5_SDK_17.0.2_d674dde\examples\ble_peripheral\ble_app_template\pca10056\s140\iar\_build\UTF8\UTF16
#        converter\utf.o" --redirect _Printf=_PrintfFull --redirect
#        _Scanf=_ScanfFull --no_out_extension -o
#        D:\GitHub\NRF52840_WS2812B_BLE\nRF5_SDK_17.0.2_d674dde\examples\ble_peripheral\ble_app_template\pca10056\s140\iar\_build\ble_app_template_pca10056_s140.out
#        --map
#        D:\GitHub\NRF52840_WS2812B_BLE\nRF5_SDK_17.0.2_d674dde\examples\ble_peripheral\ble_app_template\pca10056\s140\iar\_build\ble_app_template_pca10056_s140.map
#        --config
#        D:\GitHub\NRF52840_WS2812B_BLE\nRF5_SDK_17.0.2_d674dde\examples\ble_peripheral\ble_app_template\pca10056\s140\iar\ble_app_template_iar_nRF5x.icf
#        --warnings_are_errors --entry __iar_program_start --inline --vfe
#        --text_out locale)
#
###############################################################################

*******************************************************************************
*** RUNTIME MODEL ATTRIBUTES
***

CppFlavor       = *
__SystemLibrary = DLib
__dlib_version  = 6


*******************************************************************************
*** HEAP SELECTION
***

The basic heap was selected because no calls to memory allocation
functions were found in the application outside of system library
functions, and there are calls to deallocation functions in the
application.


*******************************************************************************
*** PLACEMENT SUMMARY
***

"A0":  place at address 0x2'7000 { ro section .intvec };
define block RO_END with size = 0, alignment = 8 { };
"P1":  place in [from 0x2'7000 to 0xf'ffff] { ro, block RO_END };
define block CSTACK with size = 8K, alignment = 8 { };
define block HEAP with size = 8K, alignment = 8 { };
"P2":  place in [from 0x2000'2260 to 0x2003'ffff] {
          rw, block CSTACK, block HEAP };
initialize by copy { rw };
keep { section .intvec };

  Section                 Kind         Address    Size  Object
  -------                 ----         -------    ----  ------
"A0":                                            0x200
  .intvec                 ro code     0x2'7000   0x200  iar_startup_nrf52840.o [4]
                                    - 0x2'7200   0x200

"P1":                                           0xb7bf
  .text                   ro code     0x2'7200   0xdf4  fds.o [8]
  .text                   ro code     0x2'7ff4   0x148  nrf_atfifo.o [8]
  .text                   ro code     0x2'813c     0x6  ABImemclr.o [14]
  .text                   ro code     0x2'8142    0x76  lz77_init_single.o [14]
  .text                   ro code     0x2'81b8   0x2a0  nrf_fstorage.o [8]
  .text                   ro code     0x2'8458    0xcc  nrf_atomic.o [8]
  .text                   ro code     0x2'8524    0x18  ABImemcpy_small.o [14]
  .text                   ro code     0x2'853c    0x5e  ABImemset.o [14]
  .rodata                 const       0x2'859a     0x2  xlocale_c.o [12]
  .text                   ro code     0x2'859c   0x5bc  nrf_log_frontend.o [9]
  .text                   ro code     0x2'8b58   0x158  nrf_memobj.o [8]
  .text                   ro code     0x2'8cb0    0x12  nrf_ringbuf.o [8]
  .text                   ro code     0x2'8cc2     0x2  iar_startup_nrf52840.o [4]
  .text                   ro code     0x2'8cc4    0x70  app_util_platform.o [8]
  .text                   ro code     0x2'8d34    0xa4  nrf_balloc.o [8]
  .text                   ro code     0x2'8dd8   0x6a8  gatt_cache_manager.o [6]
  .text                   ro code     0x2'9480   0x356  id_manager.o [6]
  .text                   ro code     0x2'97d6     0x2  iar_startup_nrf52840.o [4]
  .text                   ro code     0x2'97d8   0x50c  peer_manager.o [6]
  .text                   ro code     0x2'9ce4     0x6  ABImemclr4.o [14]
  .text                   ro code     0x2'9cea     0x2  iar_startup_nrf52840.o [4]
  .text                   ro code     0x2'9cec   0x284  gatts_cache_manager.o [6]
  .text                   ro code     0x2'9f70    0x5c  nrf_strerror.o [8]
  .text                   ro code     0x2'9fcc   0x2b4  ble_conn_state.o [6]
  .text                   ro code     0x2'a280   0x440  peer_data_storage.o [6]
  .text                   ro code     0x2'a6c0   0x4d0  peer_database.o [6]
  .text                   ro code     0x2'ab90    0x1e  memcmp_small.o [14]
  .text                   ro code     0x2'abae     0x2  iar_startup_nrf52840.o [4]
  .text                   ro code     0x2'abb0   0x521  security_manager.o [6]
  .text                   ro code     0x2'b0d2     0x2  iar_startup_nrf52840.o [4]
  .text                   ro code     0x2'b0d4   0x670  security_dispatcher.o [6]
  .text                   ro code     0x2'b744    0x32  ABImemset48.o [14]
  .text                   ro code     0x2'b776    0xac  nrf_atflags.o [8]
  .text                   ro code     0x2'b822     0x2  iar_startup_nrf52840.o [4]
  .text                   ro code     0x2'b824    0x1e  app_error.o [8]
  .text                   ro code     0x2'b842     0x2  iar_startup_nrf52840.o [4]
  .text                   ro code     0x2'b844   0x114  peer_id.o [6]
  .text                   ro code     0x2'b958    0xfc  pm_buffer.o [6]
  .text                   ro code     0x2'ba54    0x68  app_error_weak.o [8]
  .text                   ro code     0x2'babc   0x528  nrfx_gpiote.o [7]
  .text                   ro code     0x2'bfe4   0x528  nrfx_uart.o [7]
  .text                   ro code     0x2'c50c    0x58  nrfx_prs.o [7]
  .text                   ro code     0x2'c564   0x4f0  nrfx_uarte.o [7]
  .text                   ro code     0x2'ca54   0x4ec  peer_manager_handler.o [6]
  .text                   ro code     0x2'cf40   0x47c  ble_advdata.o [6]
  .text                   ro code     0x2'd3bc   0x428  ble_advertising.o [6]
  .text                   ro code     0x2'd7e4   0x3fc  bsp.o [3]
  .text                   ro code     0x2'dbe0   0x194  boards.o [2]
  .text                   ro code     0x2'dd74   0x2fc  app_timer2.o [8]
  .text                   ro code     0x2'e070   0x106  I64DivMod_small.o [14]
  .text                   ro code     0x2'e176     0x2  iar_startup_nrf52840.o [4]
  .text                   ro code     0x2'e178   0x250  app_button.o [8]
  .text                   ro code     0x2'e3d0   0x2c8  drv_rtc.o [8]
  .text                   ro code     0x2'e698    0x4a  nrf_sortlist.o [8]
  .text                   ro code     0x2'e6e2     0x2  iar_startup_nrf52840.o [4]
  .text                   ro code     0x2'e6e4     0x2  I64DivZer.o [14]
  .text                   ro code     0x2'e6e6     0x2  iar_startup_nrf52840.o [4]
  .text                   ro code     0x2'e6e8    0x22  I64Shl.o [14]
  .text                   ro code     0x2'e70a     0x2  iar_startup_nrf52840.o [4]
  .text                   ro code     0x2'e70c   0x3ee  main.o [1]
  .text                   ro code     0x2'eafa     0x2  iar_startup_nrf52840.o [4]
  .text                   ro code     0x2'eafc   0x104  bsp_btn_ble.o [3]
  .text                   ro code     0x2'ec00   0x100  nrf_ble_qwr.o [6]
  .text                   ro code     0x2'ed00    0x20  nrf_log_default_backends.o [9]
  .text                   ro code     0x2'ed20    0x6c  nrf_pwr_mgmt.o [8]
  .text                   ro code     0x2'ed8c   0x22c  nrf_sdh.o [11]
  .text                   ro code     0x2'efb8   0x1fc  nrf_sdh_ble.o [11]
  .text                   ro code     0x2'f1b4   0x288  nrf_ble_gatt.o [6]
  .text                   ro code     0x2'f43c   0x24c  ble_conn_params.o [6]
  .text                   ro code     0x2'f688    0xf0  nrf_log_backend_uart.o [9]
  .text                   ro code     0x2'f778    0x46  nrf_section_iter.o [8]
  .text                   ro code     0x2'f7be     0x2  iar_startup_nrf52840.o [4]
  .text                   ro code     0x2'f7c0    0x1a  ble_srv_common.o [6]
  .text                   ro code     0x2'f7da     0x2  iar_startup_nrf52840.o [4]
  .text                   ro code     0x2'f7dc    0x8c  nrf_drv_uart.o [7]
  .text                   ro code     0x2'f868    0xcc  nrf_log_backend_serial.o [9]
  .text                   ro code     0x2'f934   0x224  nrf_log_str_formatter.o [9]
  .text                   ro code     0x2'fb58    0x40  nrf_fprintf.o [8]
  .text                   ro code     0x2'fb98    0x14  isalpha.o [12]
  .text                   ro code     0x2'fbac    0x14  ispunct.o [12]
  .text                   ro code     0x2'fbc0   0x31c  nrf_fprintf_format.o [8]
  .text                   ro code     0x2'fedc    0x48  xlocale_c.o [12]
  .text                   ro code     0x2'ff24    0x14  strlen_small.o [14]
  .text                   ro code     0x2'ff38   0x2d8  nrf_fstorage_sd.o [8]
  .rodata                 const       0x3'0210   0x238  peer_manager_handler.o [6]
  .rodata                 const       0x3'0448   0x1c8  security_dispatcher.o [6]
  .rodata                 const       0x3'0610   0x194  peer_manager_handler.o [6]
  .text                   ro code     0x3'07a4   0x194  system_nrf52840.o [4]
  .rodata                 const       0x3'0938   0x188  nrf_sdh_ble.o [11]
  .rodata                 const       0x3'0ac0   0x144  nrf_fstorage.o [8]
  .rodata                 const       0x3'0c04   0x128  nrf_strerror.o [8]
  .rodata                 const       0x3'0d2c   0x124  security_manager.o [6]
  .text                   ro code     0x3'0e50   0x118  nrf_drv_clock.o [7]
  .text                   ro code     0x3'0f68    0xbc  nrfx_clock.o [7]
  .rodata                 const       0x3'1024   0x108  peer_manager.o [6]
  .rodata                 const       0x3'112c    0xe4  nrf_ble_gatt.o [6]
  .rodata                 const       0x3'1210    0xd4  gatt_cache_manager.o [6]
  log_const_data                      0x3'12e4    0xc8  <Block>
    log_const_data        const       0x3'12e4     0x8  app_button.o [8]
    log_const_data        const       0x3'12ec     0x8  app_timer2.o [8]
    log_const_data        const       0x3'12f4     0x8  gatt_cache_manager.o [6]
    log_const_data        const       0x3'12fc     0x8  gatts_cache_manager.o [6]
    log_const_data        const       0x3'1304     0x8  id_manager.o [6]
    log_const_data        const       0x3'130c     0x8  nrf_ble_gatt.o [6]
    log_const_data        const       0x3'1314     0x8  nrf_drv_clock.o [7]
    log_const_data        const       0x3'131c     0x8  nrf_fstorage.o [8]
    log_const_data        const       0x3'1324     0x8  nrf_log_frontend.o [9]
    log_const_data        const       0x3'132c     0x8  nrf_pwr_mgmt.o [8]
    log_const_data        const       0x3'1334     0x8  nrf_sdh.o [11]
    log_const_data        const       0x3'133c     0x8  nrf_sdh_ble.o [11]
    log_const_data        const       0x3'1344     0x8  nrf_sdh_soc.o [11]
    log_const_data        const       0x3'134c     0x8  nrf_sortlist.o [8]
    log_const_data        const       0x3'1354     0x8  nrfx_clock.o [7]
    log_const_data        const       0x3'135c     0x8  nrfx_gpiote.o [7]
    log_const_data        const       0x3'1364     0x8  nrfx_prs.o [7]
    log_const_data        const       0x3'136c     0x8  nrfx_uart.o [7]
    log_const_data        const       0x3'1374     0x8  nrfx_uarte.o [7]
    log_const_data        const       0x3'137c     0x8  peer_data_storage.o [6]
    log_const_data        const       0x3'1384     0x8  peer_database.o [6]
    log_const_data        const       0x3'138c     0x8  peer_manager.o [6]
    log_const_data        const       0x3'1394     0x8  peer_manager_handler.o [6]
    log_const_data        const       0x3'139c     0x8  security_dispatcher.o [6]
    log_const_data        const       0x3'13a4     0x8  security_manager.o [6]
  .rodata                 const       0x3'13ac    0xb4  gatt_cache_manager.o [6]
  .rodata                 const       0x3'1460    0xb4  security_dispatcher.o [6]
  .rodata                 const       0x3'1514    0xac  peer_database.o [6]
  .rodata                 const       0x3'15c0    0x90  nrf_sdh_ble.o [11]
  .rodata                 const       0x3'1650    0x84  peer_data_storage.o [6]
  .rodata                 const       0x3'16d4    0x80  gatts_cache_manager.o [6]
  .rodata                 const       0x3'1754    0x78  gatt_cache_manager.o [6]
  .rodata                 const       0x3'17cc    0x78  gatts_cache_manager.o [6]
  .rodata                 const       0x3'1844    0x74  peer_database.o [6]
  .rodata                 const       0x3'18b8    0x70  gatt_cache_manager.o [6]
  .rodata                 const       0x3'1928    0x70  peer_database.o [6]
  .rodata                 const       0x3'1998    0x70  security_dispatcher.o [6]
  .rodata                 const       0x3'1a08    0x70  security_manager.o [6]
  .rodata                 const       0x3'1a78    0x6c  peer_manager_handler.o [6]
  .rodata                 const       0x3'1ae4    0x6c  security_dispatcher.o [6]
  .rodata                 const       0x3'1b50    0x64  nrf_ble_gatt.o [6]
  .rodata                 const       0x3'1bb4    0x60  gatt_cache_manager.o [6]
  .rodata                 const       0x3'1c14    0x60  peer_database.o [6]
  .rodata                 const       0x3'1c74    0x58  gatts_cache_manager.o [6]
  .rodata                 const       0x3'1ccc    0x58  peer_data_storage.o [6]
  .rodata                 const       0x3'1d24    0x58  security_manager.o [6]
  .rodata                 const       0x3'1d7c    0x4c  gatts_cache_manager.o [6]
  .rodata                 const       0x3'1dc8    0x4c  peer_data_storage.o [6]
  .rodata                 const       0x3'1e14    0x48  peer_manager.o [6]
  .rodata                 const       0x3'1e5c    0x48  peer_manager.o [6]
  .text                   ro code     0x3'1ea4    0x44  nrf_sdh_soc.o [11]
  .rodata                 const       0x3'1ee8    0x40  gatt_cache_manager.o [6]
  .rodata                 const       0x3'1f28    0x40  peer_manager.o [6]
  .text                   ro code     0x3'1f68    0x38  zero_init3.o [14]
  .rodata                 const       0x3'1fa0    0x2c  nrf_strerror.o [8]
  .rodata                 const       0x3'1fcc    0x28  nrf_strerror.o [8]
  .rodata                 const       0x3'1ff4    0x28  nrf_strerror.o [8]
  .text                   ro code     0x3'201c    0x28  data_init.o [14]
  sdh_ble_observers1                  0x3'2044    0x28  <Block>
    sdh_ble_observers1    const       0x3'2044     0x8  ble_conn_params.o [6]
    sdh_ble_observers1    const       0x3'204c     0x8  bsp_btn_ble.o [3]
    sdh_ble_observers1    const       0x3'2054     0x8  main.o [1]
    sdh_ble_observers1    const       0x3'205c     0x8  main.o [1]
    sdh_ble_observers1    const       0x3'2064     0x8  peer_manager.o [6]
  .rodata                 const       0x3'206c    0x24  drv_rtc.o [8]
  .rodata                 const       0x3'2090    0x24  nrf_strerror.o [8]
  .rodata                 const       0x3'20b4    0x24  nrf_strerror.o [8]
  .rodata                 const       0x3'20d8    0x24  nrf_strerror.o [8]
  .rodata                 const       0x3'20fc    0x24  nrf_strerror.o [8]
  .rodata                 const       0x3'2120    0x24  nrf_strerror.o [8]
  .text                   ro code     0x3'2144    0x22  fpinit_M.o [13]
  .iar.init_table         const       0x3'2168    0x20  - Linker created -
  .text                   ro code     0x3'2188     0x2  iar_startup_nrf52840.o [4]
  .rodata                 const       0x3'218c    0x20  nrf_fstorage_sd.o [8]
  .rodata                 const       0x3'21ac    0x20  nrf_sdh_ble.o [11]
  .rodata                 const       0x3'21cc    0x20  nrf_strerror.o [8]
  .rodata                 const       0x3'21ec    0x20  nrf_strerror.o [8]
  .rodata                 const       0x3'220c    0x20  nrf_strerror.o [8]
  .rodata                 const       0x3'222c    0x20  nrf_strerror.o [8]
  .rodata                 const       0x3'224c    0x20  nrf_strerror.o [8]
  .rodata                 const       0x3'226c    0x20  peer_manager_handler.o [6]
  .text                   ro code     0x3'228c    0x1e  cmain.o [14]
  .text                   ro code     0x3'22aa     0x4  exit.o [12]
  .text                   ro code     0x3'22ae     0x2  iar_startup_nrf52840.o [4]
  .text                   ro code     0x3'22b0     0xa  cexit.o [14]
  .text                   ro code     0x3'22ba     0x2  iar_startup_nrf52840.o [4]
  .text                   ro code     0x3'22bc     0xc  XXexit.o [14]
  .rodata                 const       0x3'22c8    0x1c  app_error_weak.o [8]
  .rodata                 const       0x3'22e4    0x1c  nrf_strerror.o [8]
  .rodata                 const       0x3'2300    0x1c  nrf_strerror.o [8]
  .rodata                 const       0x3'231c    0x1c  nrf_strerror.o [8]
  .rodata                 const       0x3'2338    0x1c  nrf_strerror.o [8]
  .rodata                 const       0x3'2354    0x1c  nrf_strerror.o [8]
  .rodata                 const       0x3'2370    0x1c  peer_manager_handler.o [6]
  .text                   ro code     0x3'238c    0x1c  cstartup_M.o [14]
  .rodata                 const       0x3'23a8    0x18  nrf_pwr_mgmt.o [8]
  .rodata                 const       0x3'23c0    0x18  nrf_strerror.o [8]
  .rodata                 const       0x3'23d8    0x18  nrf_strerror.o [8]
  .rodata                 const       0x3'23f0    0x18  nrf_strerror.o [8]
  .rodata                 const       0x3'2408    0x18  nrf_strerror.o [8]
  .rodata                 const       0x3'2420    0x18  nrf_strerror.o [8]
  .rodata                 const       0x3'2438    0x18  nrf_strerror.o [8]
  .rodata                 const       0x3'2450    0x18  nrf_strerror.o [8]
  .rodata                 const       0x3'2468    0x18  nrf_strerror.o [8]
  .rodata                 const       0x3'2480    0x18  nrf_strerror.o [8]
  .rodata                 const       0x3'2498    0x18  peer_manager_handler.o [6]
  .rodata                 const       0x3'24b0    0x14  gatt_cache_manager.o [6]
  .rodata                 const       0x3'24c4    0x14  gatts_cache_manager.o [6]
  .rodata                 const       0x3'24d8    0x14  nrf_log_default_backends.o [9]
  .rodata                 const       0x3'24ec    0x14  nrf_strerror.o [8]
  .rodata                 const       0x3'2500    0x14  nrf_strerror.o [8]
  .rodata                 const       0x3'2514    0x14  nrf_strerror.o [8]
  .rodata                 const       0x3'2528    0x14  nrf_strerror.o [8]
  .rodata                 const       0x3'253c    0x14  nrf_strerror.o [8]
  .rodata                 const       0x3'2550    0x14  nrf_strerror.o [8]
  .rodata                 const       0x3'2564    0x14  nrf_strerror.o [8]
  .rodata                 const       0x3'2578    0x14  peer_data_storage.o [6]
  .rodata                 const       0x3'258c    0x14  peer_database.o [6]
  .rodata                 const       0x3'25a0    0x14  peer_manager_handler.o [6]
  .rodata                 const       0x3'25b4    0x14  security_dispatcher.o [6]
  nrf_balloc              const       0x3'25c8    0x14  nrf_log_frontend.o [9]
  .rodata                 const       0x3'25dc    0x10  id_manager.o [6]
  .rodata                 const       0x3'25ec    0x10  nrf_ble_gatt.o [6]
  .rodata                 const       0x3'25fc    0x10  nrf_fstorage.o [8]
  .rodata                 const       0x3'260c    0x10  nrf_sdh.o [11]
  .rodata                 const       0x3'261c    0x10  nrf_sdh.o [11]
  .rodata                 const       0x3'262c    0x10  nrf_sdh.o [11]
  .rodata                 const       0x3'263c    0x10  nrf_sdh_soc.o [11]
  .rodata                 const       0x3'264c    0x10  nrf_strerror.o [8]
  .rodata                 const       0x3'265c    0x10  nrf_strerror.o [8]
  .rodata                 const       0x3'266c    0x10  peer_manager.o [6]
  .rodata                 const       0x3'267c    0x10  peer_manager_handler.o [6]
  .rodata                 const       0x3'268c    0x10  peer_manager_handler.o [6]
  .rodata                 const       0x3'269c    0x10  peer_manager_handler.o [6]
  .rodata                 const       0x3'26ac    0x10  peer_manager_handler.o [6]
  .rodata                 const       0x3'26bc    0x10  peer_manager_handler.o [6]
  .rodata                 const       0x3'26cc    0x10  peer_manager_handler.o [6]
  .rodata                 const       0x3'26dc    0x10  peer_manager_handler.o [6]
  .rodata                 const       0x3'26ec    0x10  security_manager.o [6]
  .text                   ro code     0x3'26fc    0x10  iar_startup_nrf52840.o [4]
  log_backends            const       0x3'270c    0x10  nrf_log_default_backends.o [9]
  sdh_soc_observers0                  0x3'271c    0x10  <Block>
    sdh_soc_observers0    const       0x3'271c     0x8  nrf_drv_clock.o [7]
    sdh_soc_observers0    const       0x3'2724     0x8  nrf_fstorage_sd.o [8]
  sdh_stack_observers0                0x3'272c    0x10  <Block>
    sdh_stack_observers0  const       0x3'272c     0x8  nrf_sdh_ble.o [11]
    sdh_stack_observers0  const       0x3'2734     0x8  nrf_sdh_soc.o [11]
  sdh_state_observers0                0x3'273c    0x10  <Block>
    sdh_state_observers0  const       0x3'273c     0x8  nrf_drv_clock.o [7]
    sdh_state_observers0  const       0x3'2744     0x8  nrf_fstorage_sd.o [8]
  .rodata                 const       0x3'274c     0xc  app_button.o [8]
  .rodata                 const       0x3'2758     0xc  app_timer2.o [8]
  .rodata                 const       0x3'2764     0xc  nrf_log_backend_uart.o [9]
  .rodata                 const       0x3'2770     0xc  nrf_pwr_mgmt.o [8]
  .rodata                 const       0x3'277c     0xc  nrf_sdh_ble.o [11]
  .rodata                 const       0x3'2788     0xc  nrf_sdh_soc.o [11]
  .rodata                 const       0x3'2794     0xc  nrf_sortlist.o [8]
  .rodata                 const       0x3'27a0     0xc  nrf_strerror.o [8]
  .rodata                 const       0x3'27ac     0xc  peer_manager_handler.o [6]
  .rodata                 const       0x3'27b8     0xc  peer_manager_handler.o [6]
  .rodata                 const       0x3'27c4     0xc  peer_manager_handler.o [6]
  .rodata                 const       0x3'27d0     0x8  nrf_drv_clock.o [7]
  .rodata                 const       0x3'27d8     0x8  nrf_log_str_formatter.o [9]
  .rodata                 const       0x3'27e0     0x8  nrf_log_str_formatter.o [9]
  .rodata                 const       0x3'27e8     0x8  nrf_log_str_formatter.o [9]
  .rodata                 const       0x3'27f0     0x8  nrf_log_str_formatter.o [9]
  .rodata                 const       0x3'27f8     0x8  nrf_log_str_formatter.o [9]
  .rodata                 const       0x3'2800     0x8  nrf_log_str_formatter.o [9]
  .rodata                 const       0x3'2808     0x8  nrf_log_str_formatter.o [9]
  .rodata                 const       0x3'2810     0x8  nrf_log_str_formatter.o [9]
  .rodata                 const       0x3'2818     0x8  nrf_log_str_formatter.o [9]
  .rodata                 const       0x3'2820     0x8  nrf_log_str_formatter.o [9]
  .rodata                 const       0x3'2828     0x8  nrf_log_str_formatter.o [9]
  .rodata                 const       0x3'2830     0x8  nrf_sdh.o [11]
  .rodata                 const       0x3'2838     0x8  nrfx_clock.o [7]
  .rodata                 const       0x3'2840     0x8  nrfx_gpiote.o [7]
  .rodata                 const       0x3'2848     0x8  nrfx_uart.o [7]
  .rodata                 const       0x3'2850     0x8  nrfx_uarte.o [7]
  .rodata                 const       0x3'2858     0x8  peer_manager_handler.o [6]
  .rodata                 const       0x3'2860     0x8  peer_manager_handler.o [6]
  .rodata                 const       0x3'2868     0x8  peer_manager_handler.o [6]
  .rodata                 const       0x3'2870     0x8  peer_manager_handler.o [6]
  .rodata                 const       0x3'2878     0x8  peer_manager_handler.o [6]
  sdh_ble_observers0                  0x3'2880     0x8  <Block>
    sdh_ble_observers0    const       0x3'2880     0x8  ble_conn_state.o [6]
  sdh_ble_observers2                  0x3'2888     0x8  <Block>
    sdh_ble_observers2    const       0x3'2888     0x8  main.o [1]
  sdh_ble_observers3                  0x3'2890     0x8  <Block>
    sdh_ble_observers3    const       0x3'2890     0x8  main.o [1]
  sdh_req_observers0                  0x3'2898     0x8  <Block>
    sdh_req_observers0    const       0x3'2898     0x8  nrf_fstorage_sd.o [8]
  .rodata                 const       0x3'28a0     0x4  gatts_cache_manager.o [6]
  .rodata                 const       0x3'28a4     0x4  gatts_cache_manager.o [6]
  .rodata                 const       0x3'28a8     0x4  nrf_log_frontend.o [9]
  .rodata                 const       0x3'28ac     0x4  nrfx_prs.o [7]
  .text                   ro code     0x3'28b0     0x2  iar_startup_nrf52840.o [4]
  .text                   ro code     0x3'28b2     0x2  iar_startup_nrf52840.o [4]
  .text                   ro code     0x3'28b4     0x2  iar_startup_nrf52840.o [4]
  .text                   ro code     0x3'28b6     0x2  iar_startup_nrf52840.o [4]
  .text                   ro code     0x3'28b8     0x2  iar_startup_nrf52840.o [4]
  .text                   ro code     0x3'28ba     0x2  iar_startup_nrf52840.o [4]
  .text                   ro code     0x3'28bc     0x2  iar_startup_nrf52840.o [4]
  .text                   ro code     0x3'28be     0x2  iar_startup_nrf52840.o [4]
  .text                   ro code     0x3'28c0     0x2  iar_startup_nrf52840.o [4]
  .text                   ro code     0x3'28c2     0x2  iar_startup_nrf52840.o [4]
  .text                   ro code     0x3'28c4     0x2  iar_startup_nrf52840.o [4]
  .text                   ro code     0x3'28c6     0x2  iar_startup_nrf52840.o [4]
  .text                   ro code     0x3'28c8     0x2  iar_startup_nrf52840.o [4]
  .text                   ro code     0x3'28ca     0x2  iar_startup_nrf52840.o [4]
  .text                   ro code     0x3'28cc     0x2  iar_startup_nrf52840.o [4]
  .text                   ro code     0x3'28ce     0x2  iar_startup_nrf52840.o [4]
  .text                   ro code     0x3'28d0     0x2  iar_startup_nrf52840.o [4]
  .text                   ro code     0x3'28d2     0x2  iar_startup_nrf52840.o [4]
  .text                   ro code     0x3'28d4     0x2  iar_startup_nrf52840.o [4]
  .text                   ro code     0x3'28d6     0x2  iar_startup_nrf52840.o [4]
  .text                   ro code     0x3'28d8     0x2  iar_startup_nrf52840.o [4]
  .text                   ro code     0x3'28da     0x2  iar_startup_nrf52840.o [4]
  .text                   ro code     0x3'28dc     0x2  iar_startup_nrf52840.o [4]
  .text                   ro code     0x3'28de     0x2  iar_startup_nrf52840.o [4]
  .text                   ro code     0x3'28e0     0x2  iar_startup_nrf52840.o [4]
  .text                   ro code     0x3'28e2     0x2  iar_startup_nrf52840.o [4]
  .text                   ro code     0x3'28e4     0x2  iar_startup_nrf52840.o [4]
  .text                   ro code     0x3'28e6     0x2  iar_startup_nrf52840.o [4]
  .text                   ro code     0x3'28e8     0x2  iar_startup_nrf52840.o [4]
  .text                   ro code     0x3'28ea     0x2  iar_startup_nrf52840.o [4]
  .rodata                 const       0x3'28ec     0x0  zero_init3.o [14]
  .rodata                 const       0x3'28ec     0x0  lz77_init_single.o [14]
  Initializer bytes       const       0x3'28ec    0xd3  <for P2-1>
                                    - 0x3'29bf  0xb7bf

"P2", part 1 of 3:                               0x654
  P2-1                             0x2000'2260   0x654  <Init block>
    .data                 inited   0x2000'2260    0x88  app_timer2.o [8]
    .data                 inited   0x2000'22e8   0x45c  main.o [1]
    .data                 inited   0x2000'2744    0x18  nrf_log_backend_uart.o [9]
    .data                 inited   0x2000'275c     0x8  nrf_log_default_backends.o [9]
    .data                 inited   0x2000'2764    0x38  nrf_log_str_formatter.o [9]
    .data                 inited   0x2000'279c    0x48  peer_manager_handler.o [6]
    .data                 inited   0x2000'27e4    0x18  peer_manager_handler.o [6]
    .data                 inited   0x2000'27fc    0x44  security_dispatcher.o [6]
    .data                 inited   0x2000'2840    0x14  security_manager.o [6]
    .data                 inited   0x2000'2854     0x4  system_nrf52840.o [4]
    .data                 inited   0x2000'2858    0x48  xlocale_c.o [12]
    fs_data               inited   0x2000'28a0    0x14  fds.o [8]
                                 - 0x2000'28b4   0x654

"P2", part 2 of 3:                               0xd50
  .bss                    zero     0x2000'28b4   0x420  nrf_log_frontend.o [9]
  .bss                    zero     0x2000'2cd4   0x188  peer_database.o [6]
  .bss                    zero     0x2000'2e5c   0x10c  fds.o [8]
  .bss                    zero     0x2000'2f68    0xc8  id_manager.o [6]
  .bss                    zero     0x2000'3030    0xc0  nrf_log_frontend.o [9]
  .bss                    zero     0x2000'30f0    0xb8  nrf_fstorage_sd.o [8]
  .bss                    zero     0x2000'31a8    0x7c  ble_conn_state.o [6]
  .bss                    zero     0x2000'3228    0x80  bsp.o [3]
  .bss                    zero     0x2000'32a8    0x80  nrf_log_frontend.o [9]
  .bss                    zero     0x2000'3328    0x6c  nrfx_gpiote.o [7]
  .bss                    zero     0x2000'3394    0x2c  nrfx_uart.o [7]
  .bss                    zero     0x2000'33c0    0x58  app_button.o [8]
  .bss                    zero     0x2000'3418    0x40  ble_conn_params.o [6]
  .bss                    zero     0x2000'3458    0x40  nrf_log_backend_uart.o [9]
  .bss                    zero     0x2000'3498    0x40  peer_id.o [6]
  .bss                    zero     0x2000'34d8    0x24  nrfx_uarte.o [7]
  .bss                    zero     0x2000'34fc    0x1c  ble_conn_params.o [6]
  .bss                    zero     0x2000'3518    0x1c  peer_manager.o [6]
  .bss                    zero     0x2000'3534    0x18  nrf_log_frontend.o [9]
  .bss                    zero     0x2000'354c    0x14  fds.o [8]
  .bss                    zero     0x2000'3560    0x14  nrf_drv_clock.o [7]
  .bss                    zero     0x2000'3574    0x14  nrf_drv_uart.o [7]
  .bss                    zero     0x2000'3588    0x14  nrf_pwr_mgmt.o [8]
  .bss                    zero     0x2000'359c     0xc  app_util_platform.o [8]
  .bss                    zero     0x2000'35a8     0xc  drv_rtc.o [8]
  .bss                    zero     0x2000'35b4     0xc  gatt_cache_manager.o [6]
  .bss                    zero     0x2000'35c0     0x8  bsp_btn_ble.o [3]
  .bss                    zero     0x2000'35c8     0x8  nrf_log_frontend.o [9]
  .bss                    zero     0x2000'35d0     0x8  nrf_log_frontend.o [9]
  .bss                    zero     0x2000'35d8     0x8  nrfx_clock.o [7]
  .bss                    zero     0x2000'35e0     0x8  nrfx_prs.o [7]
  .bss                    zero     0x2000'35e8     0x8  peer_data_storage.o [6]
  .bss                    zero     0x2000'35f0     0x4  app_timer2.o [8]
  .bss                    zero     0x2000'35f4     0x4  security_manager.o [6]
  .bss                    zero     0x2000'35f8     0x3  nrf_sdh.o [11]
  .bss                    zero     0x2000'35fb     0x1  nrf_sdh_ble.o [11]
  .bss                    zero     0x2000'35fc     0x2  gatts_cache_manager.o [6]
  .bss                    zero     0x2000'35fe     0x2  gatts_cache_manager.o [6]
  .bss                    zero     0x2000'3600     0x1  peer_data_storage.o [6]
                                 - 0x2000'3601   0xd4d

"P2", part 3 of 3:                              0x2000
  CSTACK                           0x2000'3608  0x2000  <Block>
    CSTACK                uninit   0x2000'3608  0x2000  <Block tail>
                                 - 0x2000'5608  0x2000

Unused ranges:

         From           To      Size
         ----           --      ----
     0x3'29bf     0xf'ffff  0xc'd641
  0x2000'3604  0x2000'3607       0x4
  0x2000'5608  0x2003'ffff  0x3'a9f8


*******************************************************************************
*** INIT TABLE
***

          Address      Size
          -------      ----
Zero (__iar_zero_init3)
    1 destination range, total size 0xd4d:
          0x2000'28b4  0xd4d

Copy/lz77 (__iar_lz77_init_single3)
    1 source range, total size 0xd3 (13% of destination):
             0x3'28ec   0xd3
    1 destination range, total size 0x654:
          0x2000'2260  0x654



*******************************************************************************
*** MODULE SUMMARY
***

    Module                      ro code  ro data  rw data
    ------                      -------  -------  -------
command line/config:
    -----------------------------------------------------
    Total:

D:\GitHub\NRF52840_WS2812B_BLE\nRF5_SDK_17.0.2_d674dde\examples\ble_peripheral\ble_app_template\pca10056\s140\iar\_build\Application: [1]
    main.o                        1'006      178    1'116
    -----------------------------------------------------
    Total:                        1'006      178    1'116

D:\GitHub\NRF52840_WS2812B_BLE\nRF5_SDK_17.0.2_d674dde\examples\ble_peripheral\ble_app_template\pca10056\s140\iar\_build\Board Definition: [2]
    boards.o                        404
    -----------------------------------------------------
    Total:                          404

D:\GitHub\NRF52840_WS2812B_BLE\nRF5_SDK_17.0.2_d674dde\examples\ble_peripheral\ble_app_template\pca10056\s140\iar\_build\Board Support: [3]
    bsp.o                         1'020               128
    bsp_btn_ble.o                   260        8        8
    -----------------------------------------------------
    Total:                        1'280        8      136

D:\GitHub\NRF52840_WS2812B_BLE\nRF5_SDK_17.0.2_d674dde\examples\ble_peripheral\ble_app_template\pca10056\s140\iar\_build\None: [4]
    iar_startup_nrf52840.o          622
    system_nrf52840.o               404        1        4
    -----------------------------------------------------
    Total:                        1'026        1        4

D:\GitHub\NRF52840_WS2812B_BLE\nRF5_SDK_17.0.2_d674dde\examples\ble_peripheral\ble_app_template\pca10056\s140\iar\_build\UTF8\UTF16 converter: [5]
    -----------------------------------------------------
    Total:

D:\GitHub\NRF52840_WS2812B_BLE\nRF5_SDK_17.0.2_d674dde\examples\ble_peripheral\ble_app_template\pca10056\s140\iar\_build\nRF_BLE: [6]
    ble_advdata.o                 1'148
    ble_advertising.o             1'064
    ble_conn_params.o               588        8       92
    ble_conn_state.o                692        8      124
    ble_srv_common.o                 26
    gatt_cache_manager.o          1'704      812       12
    gatts_cache_manager.o           644      448        4
    id_manager.o                    854       24      200
    nrf_ble_gatt.o                  648      352
    nrf_ble_qwr.o                   256
    peer_data_storage.o           1'088      324        9
    peer_database.o               1'232      524      392
    peer_id.o                       276                64
    peer_manager.o                1'292      504       28
    peer_manager_handler.o        1'260    1'393       96
    pm_buffer.o                     252
    security_dispatcher.o         1'648      892       68
    security_manager.o            1'313      519       24
    -----------------------------------------------------
    Total:                       15'985    5'808    1'113

D:\GitHub\NRF52840_WS2812B_BLE\nRF5_SDK_17.0.2_d674dde\examples\ble_peripheral\ble_app_template\pca10056\s140\iar\_build\nRF_Drivers: [7]
    nrf_drv_clock.o                 280       32       20
    nrf_drv_uart.o                  140                20
    nrfx_clock.o                    188       16        8
    nrfx_gpiote.o                 1'320       16      108
    nrfx_prs.o                       88       12        8
    nrfx_uart.o                   1'320       16       44
    nrfx_uarte.o                  1'264       16       36
    -----------------------------------------------------
    Total:                        4'600      108      244

D:\GitHub\NRF52840_WS2812B_BLE\nRF5_SDK_17.0.2_d674dde\examples\ble_peripheral\ble_app_template\pca10056\s140\iar\_build\nRF_Libraries: [8]
    app_button.o                    592       20       88
    app_error.o                      30
    app_error_weak.o                104       28
    app_timer2.o                    764       37      140
    app_util_platform.o             112                12
    drv_rtc.o                       712       36       12
    fds.o                         3'572        3      308
    nrf_atfifo.o                    328
    nrf_atflags.o                   172
    nrf_atomic.o                    204
    nrf_balloc.o                    164
    nrf_fprintf.o                    64
    nrf_fprintf_format.o            796
    nrf_fstorage.o                  672      348
    nrf_fstorage_sd.o               728       56      184
    nrf_memobj.o                    344
    nrf_pwr_mgmt.o                  108       44       20
    nrf_ringbuf.o                    18
    nrf_section_iter.o               70
    nrf_sortlist.o                   74       20
    nrf_strerror.o                   92    1'300
    -----------------------------------------------------
    Total:                        9'720    1'892      764

D:\GitHub\NRF52840_WS2812B_BLE\nRF5_SDK_17.0.2_d674dde\examples\ble_peripheral\ble_app_template\pca10056\s140\iar\_build\nRF_Log: [9]
    nrf_log_backend_serial.o        204
    nrf_log_backend_uart.o          240       15       88
    nrf_log_default_backends.o       32       37        8
    nrf_log_frontend.o            1'468       32    1'416
    nrf_log_str_formatter.o         548       95       56
    -----------------------------------------------------
    Total:                        2'492      179    1'568

D:\GitHub\NRF52840_WS2812B_BLE\nRF5_SDK_17.0.2_d674dde\examples\ble_peripheral\ble_app_template\pca10056\s140\iar\_build\nRF_Segger_RTT: [10]
    -----------------------------------------------------
    Total:

D:\GitHub\NRF52840_WS2812B_BLE\nRF5_SDK_17.0.2_d674dde\examples\ble_peripheral\ble_app_template\pca10056\s140\iar\_build\nRF_SoftDevice: [11]
    nrf_sdh.o                       556       64        3
    nrf_sdh_ble.o                   508      596        1
    nrf_sdh_soc.o                    68       44
    -----------------------------------------------------
    Total:                        1'132      704        4

dl7M_tlf.a: [12]
    exit.o                            4
    isalpha.o                        20
    ispunct.o                        20
    xlocale_c.o                      72       11       72
    -----------------------------------------------------
    Total:                          116       11       72

m7M_tls.a: [13]
    fpinit_M.o                       34
    -----------------------------------------------------
    Total:                           34

rt7M_tl.a: [14]
    ABImemclr.o                       6
    ABImemclr4.o                      6
    ABImemcpy_small.o                24
    ABImemset.o                      94
    ABImemset48.o                    50
    I64DivMod_small.o               262
    I64DivZer.o                       2
    I64Shl.o                         34
    XXexit.o                         12
    cexit.o                          10
    cmain.o                          30
    cstartup_M.o                     28
    data_init.o                      40
    lz77_init_single.o              118
    memcmp_small.o                   30
    strlen_small.o                   20
    zero_init3.o                     56
    -----------------------------------------------------
    Total:                          822

    Gaps                              9        4        4
    Linker created                            32    8'192
---------------------------------------------------------
    Grand Total:                 38'626    8'925   13'217


*******************************************************************************
*** ENTRY LIST
***

Entry                       Address   Size  Type      Object
-----                       -------   ----  ----      ------
.iar.init_table$$Base      0x3'2168          --   Gb  - Linker created -
.iar.init_table$$Limit     0x3'2188          --   Gb  - Linker created -
?main                      0x3'228d         Code  Gb  cmain.o [14]
CSTACK$$Base            0x2000'3608          --   Gb  - Linker created -
CSTACK$$Limit           0x2000'5608          --   Gb  - Linker created -
GPIOTE_IRQHandler          0x2'be79  0x144  Code  Gb  nrfx_gpiote.o [7]
POWER_CLOCK_IRQHandler     0x3'0fd7   0x38  Code  Gb  nrfx_clock.o [7]
RTC1_IRQHandler            0x2'e651    0x8  Code  Gb  drv_rtc.o [8]
Region$$Table$$Base        0x3'2168          --   Gb  - Linker created -
Region$$Table$$Limit       0x3'2188          --   Gb  - Linker created -
SWI2_EGU2_IRQHandler       0x2'ef8f    0x2  Code  Gb  nrf_sdh.o [11]
SystemCoreClock         0x2000'2854    0x4  Data  Gb  system_nrf52840.o [4]
SystemInit                 0x3'07a5  0x158  Code  Gb  system_nrf52840.o [4]
UARTE0_UART0_IRQHandler
                           0x2'c50d    0x6  Code  Gb  nrfx_prs.o [7]
_LocaleC_isalpha           0x2'fee3    0xc  Code  Gb  xlocale_c.o [12]
_LocaleC_islower           0x2'fedd    0x4  Code  Gb  xlocale_c.o [12]
_LocaleC_ispunct           0x2'fef9   0x22  Code  Gb  xlocale_c.o [12]
_LocaleC_isupper           0x2'fee1    0x2  Code  Gb  xlocale_c.o [12]
__ICFEDIT_region_RAM_end__ {Abs}
                        0x2003'ffff         Data  Gb  <internal module>
__ICFEDIT_region_RAM_start__ {Abs}
                        0x2000'2260         Data  Gb  <internal module>
__Vectors                  0x2'7000          --   Gb  iar_startup_nrf52840.o [4]
__Vectors_End              0x2'7200         Data  Gb  iar_startup_nrf52840.o [4]
__Vectors_Size {Abs}          0x200          --   Gb  iar_startup_nrf52840.o [4]
__aeabi_ldiv0              0x2'e6e5         Code  Gb  I64DivZer.o [14]
__aeabi_llsl               0x2'e6e9         Code  Gb  I64Shl.o [14]
__aeabi_memclr             0x2'813d         Code  Gb  ABImemclr.o [14]
__aeabi_memclr4            0x2'9ce5         Code  Gb  ABImemclr4.o [14]
__cmain                    0x3'228d         Code  Gb  cmain.o [14]
__exit                     0x3'22bd         Code  Gb  XXexit.o [14]
__iar_Memset4_word         0x2'b745         Code  Gb  ABImemset48.o [14]
__iar_Memset8_word         0x2'b745         Code  Gb  ABImemset48.o [14]
__iar_Memset_word          0x2'853d         Code  Gb  ABImemset.o [14]
__iar_data_init3           0x3'201d   0x28  Code  Gb  data_init.o [14]
__iar_globLocale        0x2000'2858   0x48  Data  Lc  xlocale_c.o [12]
__iar_global_Locale        0x2'ff1b    0x4  Code  Gb  xlocale_c.o [12]
__iar_init_vfp             0x3'2145         Code  Gb  fpinit_M.o [13]
__iar_lz77_init_single3
                           0x2'8143   0x76  Code  Gb  lz77_init_single.o [14]
__iar_program_start        0x3'238d         Code  Gb  cstartup_M.o [14]
__iar_small_Memcpy         0x2'8529         Code  Gb  ABImemcpy_small.o [14]
__iar_small_memcmp         0x2'ab91         Code  Gb  memcmp_small.o [14]
__iar_small_memcpy         0x2'8525         Code  Gb  ABImemcpy_small.o [14]
__iar_small_memcpy4        0x2'8525         Code  Gb  ABImemcpy_small.o [14]
__iar_small_memcpy8        0x2'8525         Code  Gb  ABImemcpy_small.o [14]
__iar_small_strlen         0x2'ff25         Code  Gb  strlen_small.o [14]
__iar_small_uldivmod       0x2'e071         Code  Gb  I64DivMod_small.o [14]
__iar_zero_init3           0x3'1f69   0x38  Code  Gb  zero_init3.o [14]
__sd_nvic_app_accessible_irq
                           0x2'ed91   0x2a  Code  Lc  nrf_sdh.o [11]
__sd_nvic_irq_disable      0x2'8cc5    0x8  Code  Lc  app_util_platform.o [8]
__vector_table             0x2'7000         Data  Gb  iar_startup_nrf52840.o [4]
_call_main                 0x3'2299         Code  Gb  cmain.o [14]
_exit                      0x3'22b1         Code  Gb  cexit.o [14]
addr_compare               0x2'9497   0x2c  Code  Gb  id_manager.o [6]
addr_is_within_bounds      0x2'83c5   0x1a  Code  Lc  nrf_fstorage.o [8]
adv_set_data_size_max_get
                           0x2'd3fd   0x10  Code  Lc  ble_advertising.o [6]
advertising_buttons_configure
                           0x2'eafd   0x2e  Code  Lc  bsp_btn_ble.o [3]
advertising_start          0x2'e849   0x26  Code  Lc  main.o [1]
ah                         0x2'9745   0x50  Code  Gb  id_manager.o [6]
alert_timer_handler        0x2'da87    0x6  Code  Lc  bsp.o [3]
allow_repairing            0x2'b0df    0xa  Code  Lc  security_dispatcher.o [6]
app_button_enable          0x2'e393   0x20  Code  Gb  app_button.o [8]
app_button_init            0x2'e321   0x72  Code  Gb  app_button.o [8]
app_buttons                0x2'dbc0   0x20  Data  Lc  bsp.o [3]
app_error_fault_handler
                           0x2'ba55   0x68  Code  Gb  app_error_weak.o [8]
app_error_handler_bare     0x2'b825   0x1e  Code  Gb  app_error.o [8]
app_timer_create           0x2'e001   0x18  Code  Gb  app_timer2.o [8]
app_timer_init             0x2'dfb5   0x4c  Code  Gb  app_timer2.o [8]
app_timer_start            0x2'e019   0x2e  Code  Gb  app_timer2.o [8]
app_timer_stop             0x2'e047    0xa  Code  Gb  app_timer2.o [8]
app_util_critical_region_enter
                           0x2'8ccd   0x36  Code  Gb  app_util_platform.o [8]
app_util_critical_region_exit
                           0x2'8d03   0x22  Code  Gb  app_util_platform.o [8]
apply_pending_handle       0x2'8ec7    0x2  Code  Lc  gatt_cache_manager.o [6]
ble_advdata_encode         0x2'd015  0x2de  Code  Gb  ble_advdata.o [6]
ble_advdata_parse          0x2'd3a1   0x1c  Code  Gb  ble_advdata.o [6]
ble_advdata_search         0x2'd349   0x58  Code  Gb  ble_advdata.o [6]
ble_advertising_conn_cfg_tag_set
                           0x2'd40d    0x6  Code  Gb  ble_advertising.o [6]
ble_advertising_init       0x2'd413   0xde  Code  Gb  ble_advertising.o [6]
ble_advertising_on_ble_evt
                           0x2'd73b   0x70  Code  Gb  ble_advertising.o [6]
ble_advertising_restart_without_whitelist
                           0x2'd7ab   0x3a  Code  Gb  ble_advertising.o [6]
ble_advertising_start      0x2'd505  0x212  Code  Gb  ble_advertising.o [6]
ble_conn_params_init       0x2'f4ff   0x54  Code  Gb  ble_conn_params.o [6]
ble_conn_state_encrypted
                           0x2'a15b   0x16  Code  Gb  ble_conn_state.o [6]
ble_conn_state_for_each_set_user_flag
                           0x2'a241   0x22  Code  Gb  ble_conn_state.o [6]
ble_conn_state_lesc        0x2'a18b   0x16  Code  Gb  ble_conn_state.o [6]
ble_conn_state_mitm_protected
                           0x2'a171   0x16  Code  Gb  ble_conn_state.o [6]
ble_conn_state_role        0x2'a11f   0x1e  Code  Gb  ble_conn_state.o [6]
ble_conn_state_status      0x2'a13d   0x1e  Code  Gb  ble_conn_state.o [6]
ble_conn_state_user_flag_acquire
                           0x2'a1a1   0x12  Code  Gb  ble_conn_state.o [6]
ble_conn_state_user_flag_get
                           0x2'a1b3   0x2e  Code  Gb  ble_conn_state.o [6]
ble_conn_state_user_flag_set
                           0x2'a1e1   0x2e  Code  Gb  ble_conn_state.o [6]
ble_conn_state_valid       0x2'a10f   0x10  Code  Gb  ble_conn_state.o [6]
ble_evt_handler            0x2'f58f   0xec  Code  Lc  ble_conn_params.o [6]
ble_evt_handler            0x2'a01f   0xf0  Code  Lc  ble_conn_state.o [6]
ble_evt_handler            0x2'eb4b   0x6e  Code  Lc  bsp_btn_ble.o [3]
ble_evt_handler            0x2'e795   0x74  Code  Lc  main.o [1]
ble_evt_handler            0x2'9929   0x20  Code  Lc  peer_manager.o [6]
ble_evt_handler{1}{2}{15}::phys
                           0x2'eaf8    0x2  Data  Lc  main.o [1]
ble_srv_is_notification_enabled
                           0x2'f7cd    0x8  Code  Gb  ble_srv_common.o [6]
ble_stack_init::m_ble_observer
                           0x3'2890    0x8  Data  Lc  main.o [1]
bsp_board_button_idx_to_pin
                           0x2'dd19    0x6  Code  Gb  boards.o [2]
bsp_board_button_state_get
                           0x2'dccd   0x12  Code  Gb  boards.o [2]
bsp_board_init             0x2'dd21   0x4c  Code  Gb  boards.o [2]
bsp_board_led_invert       0x2'dc9d   0x2e  Code  Gb  boards.o [2]
bsp_board_led_off          0x2'dc71    0x8  Code  Gb  boards.o [2]
bsp_board_led_on           0x2'dc69    0x8  Code  Gb  boards.o [2]
bsp_board_led_state_get
                           0x2'dc55   0x14  Code  Gb  boards.o [2]
bsp_board_leds_off         0x2'dc79   0x12  Code  Gb  boards.o [2]
bsp_board_leds_on          0x2'dc8b   0x12  Code  Gb  boards.o [2]
bsp_board_pin_to_button_idx
                           0x2'dcf9   0x20  Code  Gb  boards.o [2]
bsp_btn_ble_init           0x2'ebcb   0x30  Code  Gb  bsp_btn_ble.o [3]
bsp_btn_ble_sleep_mode_prepare
                           0x2'eb2b   0x20  Code  Gb  bsp_btn_ble.o [3]
bsp_button_event_handler
                           0x2'd7f1   0x76  Code  Lc  bsp.o [3]
bsp_button_event_handler::current_long_push_pin_no
                        0x2000'3237    0x1  Data  Lc  bsp.o [3]
bsp_button_event_handler::release_event_at_push
                        0x2000'3240    0x4  Data  Lc  bsp.o [3]
bsp_button_is_pressed      0x2'd7e5    0xc  Code  Gb  bsp.o [3]
bsp_event_handler          0x2'e809   0x38  Code  Lc  main.o [1]
bsp_event_to_button_action_assign
                           0x2'db1f   0x3a  Code  Gb  bsp.o [3]
bsp_indication_set         0x2'da8d   0x16  Code  Gb  bsp.o [3]
bsp_init                   0x2'daa5   0x7a  Code  Gb  bsp.o [3]
bsp_led_indication         0x2'd8b5  0x1b6  Code  Lc  bsp.o [3]
bsp_wakeup_button_enable
                           0x2'dbaf    0x4  Code  Gb  bsp.o [3]
buf_prealloc               0x2'8685  0x10e  Code  Lc  nrf_log_frontend.o [9]
buffer_add                 0x2'fbc1   0x2c  Code  Lc  nrf_fprintf_format.o [8]
buffer_is_empty            0x2'8871   0x12  Code  Gb  nrf_log_frontend.o [9]
button_get                 0x2'e195   0x24  Code  Lc  app_button.o [8]
button_timer_handler       0x2'd867   0x28  Code  Lc  bsp.o [3]
car_update_needed          0x2'90d7   0x26  Code  Lc  gatt_cache_manager.o [6]
car_update_pending_handle
                           0x2'90a5   0x32  Code  Lc  gatt_cache_manager.o [6]
car_update_pending_handle::car_handle_range
                           0x2'9458    0x4  Data  Lc  gatt_cache_manager.o [6]
channel_free               0x2'bc8d   0x18  Code  Lc  nrfx_gpiote.o [7]
channel_port_alloc         0x2'bc4b   0x42  Code  Lc  nrfx_gpiote.o [7]
claim                      0x2'b84d   0x3a  Code  Lc  peer_id.o [6]
clock_clk_started_notify
                           0x3'0ec9   0x24  Code  Lc  nrf_drv_clock.o [7]
clock_irq_handler          0x3'0eed   0x18  Code  Lc  nrf_drv_clock.o [7]
compare_func               0x2'dda3   0x1a  Code  Lc  app_timer2.o [8]
conn_handle_list_get       0x2'9fcd   0x3e  Code  Gb  ble_conn_state.o [6]
conn_params_error_handler
                           0x2'e747    0x4  Code  Lc  main.o [1]
conn_params_negotiation
                           0x2'f553   0x3c  Code  Lc  ble_conn_params.o [6]
conn_sec_failure           0x2'b11f   0x3c  Code  Lc  security_dispatcher.o [6]
conn_secure                0x2'ca55   0xb6  Code  Lc  peer_manager_handler.o [6]
data_length_update         0x2'f1c9   0x80  Code  Lc  nrf_ble_gatt.o [6]
db_update_pending_handle
                           0x2'8ec9   0xb0  Code  Lc  gatt_cache_manager.o [6]
detection_delay_timeout_handler
                           0x2'e2a7   0x48  Code  Lc  app_button.o [8]
dropped_sat16_get          0x2'8673   0x12  Code  Lc  nrf_log_frontend.o [9]
drv_rtc_compare_disable
                           0x2'e61b    0xa  Code  Gb  drv_rtc.o [8]
drv_rtc_compare_pending
                           0x2'e625    0xa  Code  Gb  drv_rtc.o [8]
drv_rtc_compare_set        0x2'e4af   0x44  Code  Gb  drv_rtc.o [8]
drv_rtc_counter_get        0x2'e62f    0x8  Code  Gb  drv_rtc.o [8]
drv_rtc_init               0x2'e40d   0x8e  Code  Gb  drv_rtc.o [8]
drv_rtc_irq_trigger        0x2'e637   0x1a  Code  Gb  drv_rtc.o [8]
drv_rtc_overflow_enable
                           0x2'e60f    0x6  Code  Gb  drv_rtc.o [8]
drv_rtc_overflow_pending
                           0x2'e615    0x6  Code  Gb  drv_rtc.o [8]
drv_rtc_start              0x2'e49d    0x8  Code  Gb  drv_rtc.o [8]
drv_rtc_stop               0x2'e4a5    0xa  Code  Gb  drv_rtc.o [8]
drv_rtc_windowed_compare_set
                           0x2'e537   0xd8  Code  Gb  drv_rtc.o [8]
encryption_failure         0x2'b15b    0x8  Code  Lc  security_dispatcher.o [6]
erase                      0x3'00db   0x40  Code  Lc  nrf_fstorage_sd.o [8]
event_send                 0x2'720d   0x1e  Code  Lc  fds.o [8]
event_send                 0x2'ff39   0x56  Code  Lc  nrf_fstorage_sd.o [8]
events_send_from_err_code
                           0x2'ac11   0x98  Code  Lc  security_manager.o [6]
evt_disable                0x2'e50b   0x16  Code  Lc  drv_rtc.o [8]
evt_enable                 0x2'e4f3   0x18  Code  Lc  drv_rtc.o [8]
evt_handle                 0x2'e1d9   0xbc  Code  Gb  app_button.o [8]
evt_pending                0x2'e521   0x16  Code  Lc  drv_rtc.o [8]
evt_send                   0x2'8de3   0x16  Code  Lc  gatt_cache_manager.o [6]
evt_send                   0x2'9ced   0x16  Code  Lc  gatts_cache_manager.o [6]
evt_send                   0x2'97d9   0x20  Code  Lc  peer_manager.o [6]
evt_send                   0x2'b0e9   0x16  Code  Lc  security_dispatcher.o [6]
evt_send                   0x2'abb1    0x4  Code  Lc  security_manager.o [6]
exit                       0x3'22ab    0x4  Code  Gb  exit.o [12]
fds_evt_handler            0x2'a39b   0xd8  Code  Lc  peer_data_storage.o [6]
fds_file_delete            0x2'7e07   0x2c  Code  Gb  fds.o [8]
fds_gc                     0x2'7e53   0x2c  Code  Gb  fds.o [8]
fds_init                   0x2'7b67  0x1e0  Code  Gb  fds.o [8]
fds_init::evt_success      0x2'7fe0   0x14  Data  Lc  fds.o [8]
fds_record_close           0x2'7d8f   0x42  Code  Gb  fds.o [8]
fds_record_find            0x2'7e89    0xe  Code  Gb  fds.o [8]
fds_record_find_by_key     0x2'7e97    0xc  Code  Gb  fds.o [8]
fds_record_find_in_file
                           0x2'7ea3    0xa  Code  Gb  fds.o [8]
fds_record_id_from_desc
                           0x2'7eb3   0x12  Code  Gb  fds.o [8]
fds_record_open            0x2'7d47   0x48  Code  Gb  fds.o [8]
fds_record_update          0x2'7de3    0x6  Code  Gb  fds.o [8]
fds_record_write           0x2'7dd9    0x4  Code  Gb  fds.o [8]
fds_register               0x2'7b43   0x24  Code  Gb  fds.o [8]
fds_stat                   0x2'7ec5   0xe6  Code  Gb  fds.o [8]
file_find_and_delete::tok
                        0x2000'2ea4    0x8  Data  Lc  fds.o [8]
file_id_to_peer_id         0x2'a28d    0x8  Code  Lc  peer_data_storage.o [6]
file_id_within_pm_range
                           0x2'a29f   0x16  Code  Lc  peer_data_storage.o [6]
flag_id_init               0x2'b28d   0x12  Code  Lc  security_dispatcher.o [6]
flag_id_init               0x2'af83   0x12  Code  Lc  security_manager.o [6]
flag_toggle                0x2'a013    0xc  Code  Lc  ble_conn_state.o [6]
flags_set                  0x2'd3d5   0x28  Code  Lc  ble_advertising.o [6]
flags_set_from_err_code
                           0x2'abb5   0x2a  Code  Lc  security_manager.o [6]
for_each_set_flag          0x2'a20f   0x32  Code  Lc  ble_conn_state.o [6]
fs_event_handler           0x2'7a67    0x4  Code  Lc  fds.o [8]
gc_page_erase              0x2'755b   0x3c  Code  Lc  fds.o [8]
gc_record_copy             0x2'7597   0x2c  Code  Lc  fds.o [8]
gc_record_find_next        0x2'75cb   0x1e  Code  Lc  fds.o [8]
gcm_ble_evt_handler        0x2'929d  0x134  Code  Gb  gatt_cache_manager.o [6]
gcm_im_evt_handler         0x2'911f   0x32  Code  Gb  gatt_cache_manager.o [6]
gcm_init                   0x2'91cd   0x76  Code  Gb  gatt_cache_manager.o [6]
gcm_pdb_evt_handler        0x2'9151   0x7c  Code  Gb  gatt_cache_manager.o [6]
get_now                    0x2'dd75   0x2e  Code  Lc  app_timer2.o [8]
gpiote_event_handler       0x2'e2ef   0x32  Code  Lc  app_button.o [8]
gscm_db_change_notification_done
                           0x2'9f49   0x18  Code  Gb  gatts_cache_manager.o [6]
gscm_db_change_notification_done::service_changed_pending
                           0x3'28a4    0x4  Data  Lc  gatts_cache_manager.o [6]
gscm_init                  0x2'9d97    0xc  Code  Gb  gatts_cache_manager.o [6]
gscm_local_db_cache_apply
                           0x2'9e41   0x82  Code  Gb  gatts_cache_manager.o [6]
gscm_local_db_cache_update
                           0x2'9da3   0x9e  Code  Gb  gatts_cache_manager.o [6]
gscm_pdb_evt_handler       0x2'9d85   0x12  Code  Gb  gatts_cache_manager.o [6]
gscm_service_changed_ind_needed
                           0x2'9ec3   0x1e  Code  Gb  gatts_cache_manager.o [6]
gscm_service_changed_ind_send
                           0x2'9ee1   0x46  Code  Gb  gatts_cache_manager.o [6]
gscm_service_changed_ind_send::start_handle
                        0x2000'35fe    0x2  Data  Lc  gatts_cache_manager.o [6]
header_check               0x2'7249   0x30  Code  Lc  fds.o [8]
header_has_next            0x2'722b   0x14  Code  Lc  fds.o [8]
header_jump                0x2'723f    0xa  Code  Lc  fds.o [8]
im_address_resolve         0x2'9795   0x42  Code  Gb  id_manager.o [6]
im_ble_addr_get            0x2'9629   0x2e  Code  Gb  id_manager.o [6]
im_ble_evt_handler         0x2'94c3   0xac  Code  Gb  id_manager.o [6]
im_conn_handle_get         0x2'96bb   0x36  Code  Gb  id_manager.o [6]
im_find_duplicate_bonding_data
                           0x2'95cf   0x30  Code  Gb  id_manager.o [6]
im_is_duplicate_bonding_data
                           0x2'956f   0x60  Code  Gb  id_manager.o [6]
im_master_id_is_valid      0x2'96f1   0x1c  Code  Gb  id_manager.o [6]
im_master_ids_compare      0x2'9657   0x2a  Code  Gb  id_manager.o [6]
im_new_peer_id             0x2'970d    0xe  Code  Gb  id_manager.o [6]
im_peer_free               0x2'971b   0x24  Code  Gb  id_manager.o [6]
im_peer_id_get_by_conn_handle
                           0x2'9609   0x20  Code  Gb  id_manager.o [6]
im_peer_id_get_by_master_id
                           0x2'9681   0x3a  Code  Gb  id_manager.o [6]
init                       0x3'0045   0x2c  Code  Lc  nrf_fstorage_sd.o [8]
instance_get               0x2'f43d   0x12  Code  Lc  ble_conn_params.o [6]
invalid_packets_omit       0x2'863f   0x34  Code  Lc  nrf_log_frontend.o [9]
is_busy                    0x3'0137    0xa  Code  Lc  nrf_fstorage_sd.o [8]
is_conn_params_ok          0x2'f44f   0x44  Code  Lc  ble_conn_params.o [6]
is_valid_irk               0x2'9481   0x16  Code  Gb  id_manager.o [6]
is_word_aligned            0x2'7201    0xc  Code  Lc  fds.o [8]
isalpha                    0x2'fb99   0x14  Code  Gb  isalpha.o [12]
ispunct                    0x2'fbad   0x14  Code  Gb  ispunct.o [12]
leds_off                   0x2'd88f   0x26  Code  Lc  bsp.o [3]
leds_timer_handler         0x2'da77   0x10  Code  Lc  bsp.o [3]
link_init                  0x2'f1b5   0x14  Code  Lc  nrf_ble_gatt.o [6]
link_secure                0x2'acf9   0xc4  Code  Lc  security_manager.o [6]
link_secure_failure        0x2'b163   0x8c  Code  Lc  security_dispatcher.o [6]
link_secure_pending_handle
                           0x2'af47   0x24  Code  Lc  security_manager.o [6]
local_db_apply_in_evt      0x2'8e19   0xa2  Code  Lc  gatt_cache_manager.o [6]
local_db_update            0x2'8ebb    0xc  Code  Lc  gatt_cache_manager.o [6]
log_backend_cb_uart_log_backend
                        0x2000'275c    0x8  Data  Lc  nrf_log_default_backends.o [9]
log_const_data$$Base       0x3'12e4          --   Gb  - Linker created -
log_const_data$$Limit      0x3'13ac          --   Gb  - Linker created -
log_dynamic_data$$Base          0x0          --   Gb  - Linker created -
log_mempool                0x3'25c8   0x14  Data  Gb  nrf_log_frontend.o [9]
log_mempool_nrf_balloc_cb
                        0x2000'35d0    0x8  Data  Lc  nrf_log_frontend.o [9]
log_mempool_nrf_balloc_pool_mem
                        0x2000'3030   0xc0  Data  Lc  nrf_log_frontend.o [9]
log_mempool_nrf_balloc_pool_stack
                        0x2000'35c8    0x8  Data  Lc  nrf_log_frontend.o [9]
m_adv_uuids             0x2000'2740    0x4  Data  Lc  main.o [1]
m_advertising           0x2000'230c  0x434  Data  Lc  main.o [1]
m_advertising_ble_obs      0x3'205c    0x8  Data  Lc  main.o [1]
m_alert_on              0x2000'3236    0x1  Data  Lc  bsp.o [3]
m_app_timer_sortlist       0x2'e060    0xc  Data  Lc  app_timer2.o [8]
m_app_timer_sortlist_sortlist_cb
                        0x2000'35f0    0x4  Data  Lc  app_timer2.o [8]
m_async_mode            0x2000'2745    0x1  Data  Lc  nrf_log_backend_uart.o [9]
m_base_counter          0x2000'2260    0x8  Data  Lc  app_timer2.o [8]
m_bcs                   0x2000'31a8   0x7c  Data  Lc  ble_conn_state.o [6]
m_ble_evt_observer         0x3'2880    0x8  Data  Lc  ble_conn_state.o [6]
m_ble_evt_observer         0x3'2064    0x8  Data  Lc  peer_manager.o [6]
m_ble_observer             0x3'2044    0x8  Data  Lc  ble_conn_params.o [6]
m_ble_observer             0x3'204c    0x8  Data  Lc  bsp_btn_ble.o [3]
m_board_btn_list           0x2'dd70    0x4  Data  Lc  boards.o [2]
m_board_led_list           0x2'dd6c    0x4  Data  Lc  boards.o [2]
m_bsp_alert_tmr            0x2'dbb8    0x4  Data  Lc  bsp.o [3]
m_bsp_alert_tmr_data    0x2000'3268   0x20  Data  Lc  bsp.o [3]
m_bsp_button_tmr           0x2'dbbc    0x4  Data  Lc  bsp.o [3]
m_bsp_button_tmr_data   0x2000'3288   0x20  Data  Lc  bsp.o [3]
m_bsp_leds_tmr             0x2'dbb4    0x4  Data  Lc  bsp.o [3]
m_bsp_leds_tmr_data     0x2000'3248   0x20  Data  Lc  bsp.o [3]
m_button_count          0x2000'33c8    0x1  Data  Lc  app_button.o [8]
m_cb                    0x2000'35a8    0x8  Data  Lc  drv_rtc.o [8]
m_cb                    0x2000'3328   0x6c  Data  Lc  nrfx_gpiote.o [7]
m_cb                    0x2000'3394   0x2c  Data  Lc  nrfx_uart.o [7]
m_cb                    0x2000'34d8   0x24  Data  Lc  nrfx_uarte.o [7]
m_cb_table              0x2000'3550   0x10  Data  Lc  fds.o [8]
m_clock_cb              0x2000'3560   0x14  Data  Lc  nrf_drv_clock.o [7]
m_clock_cb              0x2000'35d8    0x8  Data  Lc  nrfx_clock.o [7]
m_colors                0x2000'2778   0x24  Data  Lc  nrf_log_str_formatter.o [9]
m_conn_handle           0x2000'22e8    0x2  Data  Lc  main.o [1]
m_conn_params_config    0x2000'34fc   0x1c  Data  Lc  ble_conn_params.o [6]
m_conn_params_instances
                        0x2000'3420   0x14  Data  Lc  ble_conn_params.o [6]
m_connections           0x2000'2f68   0xc8  Data  Lc  id_manager.o [6]
m_contexts              0x2000'3580    0x8  Data  Lc  nrf_drv_uart.o [7]
m_current_highest_peer_rank
                        0x2000'3524    0x4  Data  Lc  peer_manager.o [6]
m_current_sc_store_peer_id
                        0x2000'35fc    0x2  Data  Lc  gatts_cache_manager.o [6]
m_data_action_str       0x2000'27dc    0x8  Data  Lc  peer_manager_handler.o [6]
m_data_id_str           0x2000'27b4   0x28  Data  Lc  peer_manager_handler.o [6]
m_db_update_in_progress_mutex
                        0x2000'35bc    0x4  Data  Lc  gatt_cache_manager.o [6]
m_deleting_all          0x2000'351a    0x1  Data  Lc  peer_manager.o [6]
m_detection_delay       0x2000'33d0    0x4  Data  Lc  app_button.o [8]
m_detection_delay_timer_id
                           0x2'e3c0    0x4  Data  Lc  app_button.o [8]
m_detection_delay_timer_id_data
                        0x2000'33f8   0x20  Data  Lc  app_button.o [8]
m_error_handler         0x2000'35c0    0x4  Data  Lc  bsp_btn_ble.o [3]
m_events_list           0x2000'3228    0xc  Data  Lc  bsp.o [3]
m_evt_handlers             0x2'ab78   0x10  Data  Lc  peer_database.o [6]
m_evt_handlers          0x2000'3528    0xc  Data  Lc  peer_manager.o [6]
m_fds_ftok              0x2000'35e8    0x8  Data  Lc  peer_data_storage.o [6]
m_fifo_data             0x2000'3108   0x8c  Data  Lc  nrf_fstorage_sd.o [8]
m_fifo_inst             0x2000'3194   0x10  Data  Lc  nrf_fstorage_sd.o [8]
m_flag_allow_repairing  0x2000'27ff    0x1  Data  Lc  security_dispatcher.o [6]
m_flag_car_handle_queried
                        0x2000'35b9    0x1  Data  Lc  gatt_cache_manager.o [6]
m_flag_car_update_pending
                        0x2000'35b8    0x1  Data  Lc  gatt_cache_manager.o [6]
m_flag_car_value_queried
                        0x2000'35ba    0x1  Data  Lc  gatt_cache_manager.o [6]
m_flag_link_secure_force_repairing
                        0x2000'284a    0x1  Data  Lc  security_manager.o [6]
m_flag_link_secure_null_params
                        0x2000'284b    0x1  Data  Lc  security_manager.o [6]
m_flag_link_secure_pending_busy
                        0x2000'2849    0x1  Data  Lc  security_manager.o [6]
m_flag_local_db_apply_pending
                        0x2000'35b5    0x1  Data  Lc  gatt_cache_manager.o [6]
m_flag_local_db_update_pending
                        0x2000'35b4    0x1  Data  Lc  gatt_cache_manager.o [6]
m_flag_params_reply_pending_busy
                        0x2000'284c    0x1  Data  Lc  security_manager.o [6]
m_flag_sec_proc         0x2000'27fc    0x1  Data  Lc  security_dispatcher.o [6]
m_flag_sec_proc_bonding
                        0x2000'27fe    0x1  Data  Lc  security_dispatcher.o [6]
m_flag_sec_proc_pairing
                        0x2000'27fd    0x1  Data  Lc  security_dispatcher.o [6]
m_flag_service_changed_pending
                        0x2000'35b6    0x1  Data  Lc  gatt_cache_manager.o [6]
m_flag_service_changed_sent
                        0x2000'35b7    0x1  Data  Lc  gatt_cache_manager.o [6]
m_flags                 0x2000'2e94    0x8  Data  Lc  fds.o [8]
m_flags                 0x2000'30f0   0x14  Data  Lc  nrf_fstorage_sd.o [8]
m_flash_info               0x3'0204    0xc  Data  Lc  nrf_fstorage_sd.o [8]
m_fs                    0x2000'28a0   0x14  Data  Gb  fds.o [8]
m_gatt                  0x2000'22ec   0x14  Data  Lc  main.o [1]
m_gatt_obs                 0x3'2054    0x8  Data  Lc  main.o [1]
m_gc                    0x2000'2e84   0x10  Data  Lc  fds.o [8]
m_global_active         0x2000'2270    0x1  Data  Lc  app_timer2.o [8]
m_handlers              0x2000'35b0    0x4  Data  Lc  drv_rtc.o [8]
m_handlers              0x2000'3578    0x8  Data  Lc  nrf_drv_uart.o [7]
m_handlers_iter         0x2000'3588    0xc  Data  Lc  nrf_pwr_mgmt.o [8]
m_highest_ranked_peer   0x2000'351c    0x2  Data  Lc  peer_manager.o [6]
m_iget_ctx              0x2000'31a4    0x4  Data  Lc  nrf_fstorage_sd.o [8]
m_indication_type       0x2000'3238    0x4  Data  Lc  bsp.o [3]
m_latest_rec_id         0x2000'2ebc    0x4  Data  Lc  fds.o [8]
m_leds_clear            0x2000'3235    0x1  Data  Lc  bsp.o [3]
m_log_data              0x2000'28b4  0x420  Data  Lc  nrf_log_frontend.o [9]
m_log_push_ringbuf         0x2'8b4c    0xc  Data  Lc  nrf_log_frontend.o [9]
m_log_push_ringbuf_buf  0x2000'32a8   0x80  Data  Lc  nrf_log_frontend.o [9]
m_log_push_ringbuf_cb   0x2000'3534   0x18  Data  Lc  nrf_log_frontend.o [9]
m_module_initialized    0x2000'3518    0x1  Data  Lc  peer_manager.o [6]
m_n_registrants         0x2000'351b    0x1  Data  Lc  peer_manager.o [6]
m_nrf_log_CLOCK_logs_data_const
                           0x3'1354    0x8  Data  Gb  nrfx_clock.o [7]
m_nrf_log_GPIOTE_logs_data_const
                           0x3'135c    0x8  Data  Gb  nrfx_gpiote.o [7]
m_nrf_log_PRS_logs_data_const
[...]
page_identify              0x2'7279   0x22  Code  Lc  fds.o [8]
page_offsets_update        0x2'72fb   0x1c  Code  Lc  fds.o [8]
page_scan                  0x2'729b   0x60  Code  Lc  fds.o [8]
page_tag_write_data        0x2'7335    0xe  Code  Lc  fds.o [8]
page_tag_write_data::page_tag_data
                           0x2'7348    0x8  Data  Lc  fds.o [8]
page_tag_write_swap        0x2'7319   0x12  Code  Lc  fds.o [8]
page_tag_write_swap::page_tag_swap
                           0x2'732c    0x8  Data  Lc  fds.o [8]
pairing                    0x2'b0d5    0xa  Code  Lc  security_dispatcher.o [6]
pairing_success_evt_send
                           0x2'b263   0x22  Code  Lc  security_dispatcher.o [6]
params_reply_pending_handle
                           0x2'af43    0x4  Code  Lc  security_manager.o [6]
params_req_send            0x2'aca9   0x24  Code  Lc  security_manager.o [6]
pdb_evt_send               0x2'a761   0x1a  Code  Lc  peer_database.o [6]
pdb_init                   0x2'a955   0x4a  Code  Gb  peer_database.o [6]
pdb_init{1}{2}::buffer_memory
                        0x2000'2d18  0x140  Data  Lc  peer_database.o [6]
pdb_init{1}{2}::mutex_memory
                        0x2000'2e58    0x4  Data  Lc  peer_database.o [6]
pdb_pds_evt_handler        0x2'a875   0xde  Code  Gb  peer_database.o [6]
pdb_peer_data_ptr_get      0x2'aa23    0x6  Code  Gb  peer_database.o [6]
pdb_peer_free              0x2'a99f   0x76  Code  Gb  peer_database.o [6]
pdb_write_buf_get          0x2'aa29   0xb8  Code  Gb  peer_database.o [6]
pdb_write_buf_release      0x2'ab0f   0x14  Code  Gb  peer_database.o [6]
pdb_write_buf_store        0x2'ab23   0x34  Code  Gb  peer_database.o [6]
pds_evt_send               0x2'a281    0xa  Code  Lc  peer_data_storage.o [6]
pds_init                   0x2'a473   0x7e  Code  Gb  peer_data_storage.o [6]
pds_next_deleted_peer_id_get
                           0x2'a6a9    0x4  Code  Gb  peer_data_storage.o [6]
pds_next_peer_id_get       0x2'a6a5    0x4  Code  Gb  peer_data_storage.o [6]
pds_peer_data_iterate      0x2'a56b   0x50  Code  Gb  peer_data_storage.o [6]
pds_peer_data_iterate_prepare
                           0x2'a561    0xa  Code  Gb  peer_data_storage.o [6]
pds_peer_data_read         0x2'a4f1   0x70  Code  Gb  peer_data_storage.o [6]
pds_peer_data_store        0x2'a5bb   0xa4  Code  Gb  peer_data_storage.o [6]
pds_peer_id_allocate       0x2'a681    0x8  Code  Gb  peer_data_storage.o [6]
pds_peer_id_free           0x2'a689   0x18  Code  Gb  peer_data_storage.o [6]
pds_peer_id_is_allocated
                           0x2'a6a1    0x4  Code  Gb  peer_data_storage.o [6]
peer_data_delete_process
                           0x2'a2d7   0x94  Code  Lc  peer_data_storage.o [6]
peer_data_find             0x2'a36b   0x30  Code  Lc  peer_data_storage.o [6]
peer_data_id_is_valid      0x2'a2b5   0x22  Code  Lc  peer_data_storage.o [6]
peer_data_id_to_record_key
                           0x2'a295    0x2  Code  Lc  peer_data_storage.o [6]
peer_data_point_to_buffer
                           0x2'a77b   0x14  Code  Lc  peer_database.o [6]
peer_id_allocate           0x2'b899    0x4  Code  Gb  peer_id.o [6]
peer_id_delete             0x2'b89d   0x1e  Code  Gb  peer_id.o [6]
peer_id_free               0x2'b8bb   0x18  Code  Gb  peer_id.o [6]
peer_id_get_next_deleted
                           0x2'b94d    0x4  Code  Gb  peer_id.o [6]
peer_id_get_next_used      0x2'b927   0x26  Code  Gb  peer_id.o [6]
peer_id_init               0x2'b845    0x8  Code  Gb  peer_id.o [6]
peer_id_is_allocated       0x2'b8d3   0x12  Code  Gb  peer_id.o [6]
peer_id_is_deleted         0x2'b8e5   0x12  Code  Gb  peer_id.o [6]
peer_id_to_file_id         0x2'a28b    0x2  Code  Lc  peer_data_storage.o [6]
phy_is_valid               0x2'd4f1   0x14  Code  Lc  ble_advertising.o [6]
pin_configured_set         0x2'bc23    0xa  Code  Lc  nrfx_gpiote.o [7]
pin_in_use_by_gpiote       0x2'bc13   0x10  Code  Lc  nrfx_gpiote.o [7]
pin_in_use_by_port         0x2'bbfd   0x16  Code  Lc  nrfx_gpiote.o [7]
pin_in_use_by_te           0x2'bbeb   0x12  Code  Lc  nrfx_gpiote.o [7]
pm_buffer_block_acquire
                           0x2'b991   0x68  Code  Gb  pm_buffer.o [6]
pm_buffer_init             0x2'b961   0x30  Code  Gb  pm_buffer.o [6]
pm_buffer_ptr_get          0x2'b9f9   0x2c  Code  Gb  pm_buffer.o [6]
pm_buffer_release          0x2'ba25   0x30  Code  Gb  pm_buffer.o [6]
pm_conn_sec_status_get     0x2'9a4d   0x12  Code  Gb  peer_manager.o [6]
pm_conn_secure             0x2'9a33   0x1a  Code  Gb  peer_manager.o [6]
pm_evt_handler             0x2'e70d   0x1e  Code  Lc  main.o [1]
pm_gcm_evt_handler         0x2'9923    0x2  Code  Gb  peer_manager.o [6]
pm_gscm_evt_handler        0x2'9925    0x2  Code  Gb  peer_manager.o [6]
pm_handler_flash_clean     0x2'cb7d  0x194  Code  Gb  peer_manager_handler.o [6]
pm_handler_flash_clean::flash_cleaning
                        0x2000'27e4    0x1  Data  Lc  peer_manager_handler.o [6]
pm_handler_flash_clean::flash_write_after_gc
                        0x2000'27e5    0x1  Data  Lc  peer_manager_handler.o [6]
pm_handler_flash_clean::rank_queue
                        0x2000'27e8   0x10  Data  Lc  peer_manager_handler.o [6]
pm_handler_flash_clean::rank_queue_wr
                        0x2000'27f8    0x4  Data  Lc  peer_manager_handler.o [6]
pm_handler_flash_clean_on_return
                           0x2'cb45   0x1a  Code  Gb  peer_manager_handler.o [6]
pm_handler_on_pm_evt       0x2'cb0b   0x3a  Code  Gb  peer_manager_handler.o [6]
pm_handler_pm_evt_log      0x2'cd11  0x12e  Code  Gb  peer_manager_handler.o [6]
pm_im_evt_handler          0x2'9927    0x2  Code  Gb  peer_manager.o [6]
pm_init                    0x2'9949   0xb4  Code  Gb  peer_manager.o [6]
pm_init::__func__          0x2'9cbc    0x8  Data  Lc  peer_manager.o [6]
pm_pdb_evt_handler         0x2'9829   0xe2  Code  Gb  peer_manager.o [6]
pm_peer_delete             0x2'9a69   0x10  Code  Gb  peer_manager.o [6]
pm_peer_rank_highest       0x2'9bd5   0xcc  Code  Gb  peer_manager.o [6]
pm_peer_ranks_get          0x2'9b0d   0xb8  Code  Gb  peer_manager.o [6]
pm_peers_delete            0x2'9a7d   0x72  Code  Gb  peer_manager.o [6]
pm_peers_delete::__func__
                           0x2'9cc4   0x10  Data  Lc  peer_manager.o [6]
pm_register                0x2'99fd   0x24  Code  Gb  peer_manager.o [6]
pm_sec_params_set          0x2'9a21   0x12  Code  Gb  peer_manager.o [6]
pm_sm_evt_handler          0x2'9919    0xa  Code  Gb  peer_manager.o [6]
postfix_process            0x2'f995   0x30  Code  Lc  nrf_log_str_formatter.o [9]
prefix_process             0x2'f935   0x60  Code  Lc  nrf_log_str_formatter.o [9]
pwr_mgmt_data              0x2'ed80    0xc  Data  Lc  nrf_pwr_mgmt.o [8]
pwr_mgmt_data0$$Base            0x0          --   Gb  - Linker created -
pwr_mgmt_data0$$Limit           0x0          --   Gb  - Linker created -
pwr_mgmt_data1$$Base            0x0          --   Gb  - Linker created -
pwr_mgmt_data1$$Limit           0x0          --   Gb  - Linker created -
pwr_mgmt_data2$$Base            0x0          --   Gb  - Linker created -
pwr_mgmt_data2$$Limit           0x0          --   Gb  - Linker created -
pwr_mgmt_data_array        0x3'23a8   0x18  Data  Lc  nrf_pwr_mgmt.o [8]
queue_buf_get              0x2'750b   0x18  Code  Lc  fds.o [8]
queue_buf_store            0x2'7523    0xa  Code  Lc  fds.o [8]
queue_free                 0x2'ff8f    0xc  Code  Lc  nrf_fstorage_sd.o [8]
queue_process              0x2'75e9  0x448  Code  Lc  fds.o [8]
queue_process              0x2'ff9b   0x8c  Code  Lc  nrf_fstorage_sd.o [8]
queue_process::m_iget_ctx
                        0x2000'2f64    0x4  Data  Lc  fds.o [8]
queue_process::m_p_cur_op
                        0x2000'2ec0    0x4  Data  Lc  fds.o [8]
queue_start                0x2'7a51   0x16  Code  Lc  fds.o [8]
queue_start                0x3'0027   0x1c  Code  Lc  nrf_fstorage_sd.o [8]
rank_highest               0x2'cb5f   0x1c  Code  Lc  peer_manager_handler.o [6]
rank_vars_update           0x2'97f9   0x30  Code  Lc  peer_manager.o [6]
read                       0x3'00cd    0xe  Code  Lc  nrf_fstorage_sd.o [8]
record_find                0x2'7491   0x7a  Code  Lc  fds.o [8]
record_find_by_desc        0x2'7403   0x8e  Code  Lc  fds.o [8]
record_find_next           0x2'73b7   0x4c  Code  Lc  fds.o [8]
record_header_flag_dirty
                           0x2'752d   0x2e  Code  Lc  fds.o [8]
record_header_flag_dirty::dirty_header
                           0x2'7fc8    0x4  Data  Lc  fds.o [8]
release                    0x2'b887   0x12  Code  Lc  peer_id.o [6]
rmap                       0x3'012f    0x4  Code  Lc  nrf_fstorage_sd.o [8]
rtc_irq                    0x2'de23  0x154  Code  Lc  app_timer2.o [8]
rx_byte                    0x2'c351   0x36  Code  Lc  nrfx_uart.o [7]
rx_done_event              0x2'c387   0x18  Code  Lc  nrfx_uart.o [7]
rx_done_event              0x2'c8f7   0x18  Code  Lc  nrfx_uarte.o [7]
sc_send_pending_handle     0x2'8f7d  0x112  Code  Lc  gatt_cache_manager.o [6]
sd_state_evt_handler       0x3'0f11   0x4a  Code  Lc  nrf_drv_clock.o [7]
sdh_ble_observers          0x2'f1a8    0xc  Data  Lc  nrf_sdh_ble.o [11]
sdh_ble_observers0$$Base
                           0x3'2880          --   Gb  - Linker created -
sdh_ble_observers0$$Limit
                           0x3'2888          --   Gb  - Linker created -
sdh_ble_observers1$$Base
                           0x3'2044          --   Gb  - Linker created -
sdh_ble_observers1$$Limit
                           0x3'206c          --   Gb  - Linker created -
sdh_ble_observers2$$Base
                           0x3'2888          --   Gb  - Linker created -
sdh_ble_observers2$$Limit
                           0x3'2890          --   Gb  - Linker created -
sdh_ble_observers3$$Base
                           0x3'2890          --   Gb  - Linker created -
sdh_ble_observers3$$Limit
                           0x3'2898          --   Gb  - Linker created -
sdh_ble_observers_array
                           0x3'21ac   0x20  Data  Lc  nrf_sdh_ble.o [11]
sdh_req_observers          0x2'ef90    0xc  Data  Lc  nrf_sdh.o [11]
sdh_req_observers0$$Base
                           0x3'2898          --   Gb  - Linker created -
sdh_req_observers0$$Limit
                           0x3'28a0          --   Gb  - Linker created -
sdh_req_observers1$$Base
                                0x0          --   Gb  - Linker created -
sdh_req_observers1$$Limit
                                0x0          --   Gb  - Linker created -
sdh_req_observers_array
                           0x3'260c   0x10  Data  Lc  nrf_sdh.o [11]
sdh_request_observer_notify
                           0x2'edbd   0x32  Code  Lc  nrf_sdh.o [11]
sdh_soc_observers          0x3'1edc    0xc  Data  Lc  nrf_sdh_soc.o [11]
sdh_soc_observers0$$Base
                           0x3'271c          --   Gb  - Linker created -
sdh_soc_observers0$$Limit
                           0x3'272c          --   Gb  - Linker created -
sdh_soc_observers1$$Base
                                0x0          --   Gb  - Linker created -
sdh_soc_observers1$$Limit
                                0x0          --   Gb  - Linker created -
sdh_soc_observers_array
                           0x3'263c   0x10  Data  Lc  nrf_sdh_soc.o [11]
sdh_stack_observers        0x2'efa8    0xc  Data  Lc  nrf_sdh.o [11]
sdh_stack_observers0$$Base
                           0x3'272c          --   Gb  - Linker created -
sdh_stack_observers0$$Limit
                           0x3'273c          --   Gb  - Linker created -
sdh_stack_observers1$$Base
                                0x0          --   Gb  - Linker created -
sdh_stack_observers1$$Limit
                                0x0          --   Gb  - Linker created -
sdh_stack_observers_array
                           0x3'262c   0x10  Data  Lc  nrf_sdh.o [11]
sdh_state_observer_notify
                           0x2'edf1   0x2c  Code  Lc  nrf_sdh.o [11]
sdh_state_observers        0x2'ef9c    0xc  Data  Lc  nrf_sdh.o [11]
sdh_state_observers0$$Base
                           0x3'273c          --   Gb  - Linker created -
sdh_state_observers0$$Limit
                           0x3'274c          --   Gb  - Linker created -
sdh_state_observers1$$Base
                                0x0          --   Gb  - Linker created -
sdh_state_observers1$$Limit
                                0x0          --   Gb  - Linker created -
sdh_state_observers_array
                           0x3'261c   0x10  Data  Lc  nrf_sdh.o [11]
sec_params_verify          0x2'affb   0x74  Code  Lc  security_manager.o [6]
sec_proc_start             0x2'b1ef   0x50  Code  Lc  security_dispatcher.o [6]
send_config_req            0x2'b249   0x1a  Code  Lc  security_dispatcher.o [6]
send_error_evt             0x2'f493    0xc  Code  Lc  ble_conn_params.o [6]
send_unexpected_error      0x2'8df9   0x20  Code  Lc  gatt_cache_manager.o [6]
send_unexpected_error      0x2'b0ff   0x20  Code  Lc  security_dispatcher.o [6]
serial_tx                  0x2'f6d7   0x36  Code  Lc  nrf_log_backend_uart.o [9]
service_changed_pending_flags_check
                           0x2'9095    0xa  Code  Lc  gatt_cache_manager.o [6]
service_changed_pending_set
                           0x2'9d05   0x80  Code  Lc  gatts_cache_manager.o [6]
service_changed_pending_set::service_changed_pending
                           0x3'28a0    0x4  Data  Lc  gatts_cache_manager.o [6]
severity_names          0x2000'2764   0x14  Data  Lc  nrf_log_str_formatter.o [9]
sleep_mode_enter           0x2'e74b   0x20  Code  Lc  main.o [1]
sm_ble_evt_handler         0x2'afdb    0xc  Code  Gb  security_manager.o [6]
sm_conn_sec_status_get     0x2'adf7   0xa6  Code  Gb  security_manager.o [6]
sm_init                    0x2'af95   0x46  Code  Gb  security_manager.o [6]
sm_link_secure             0x2'b0c5    0x8  Code  Gb  security_manager.o [6]
sm_pdb_evt_handler         0x2'af6b   0x18  Code  Gb  security_manager.o [6]
sm_sec_is_sufficient       0x2'ae9d   0x2c  Code  Gb  security_manager.o [6]
sm_sec_params_set          0x2'b06f   0x30  Code  Gb  security_manager.o [6]
sm_smd_evt_handler         0x2'aec9   0x7a  Code  Gb  security_manager.o [6]
smd_ble_evt_handler        0x2'b435  0x282  Code  Gb  security_dispatcher.o [6]
smd_init                   0x2'b29f   0x58  Code  Gb  security_dispatcher.o [6]
smd_link_secure            0x2'b40d   0x26  Code  Gb  security_dispatcher.o [6]
smd_params_reply           0x2'b2f7  0x116  Code  Gb  security_dispatcher.o [6]
smd_params_reply_perform
                           0x2'adbd   0x3a  Code  Lc  security_manager.o [6]
soc_evt_handler            0x3'0f05    0xc  Code  Lc  nrf_drv_clock.o [7]
softdevice_evt_irq_disable
                           0x2'ee69   0x22  Code  Lc  nrf_sdh.o [11]
softdevices_evt_irq_enable
                           0x2'ee21   0x48  Code  Lc  nrf_sdh.o [11]
sortlist_pop               0x2'de1d    0x6  Code  Lc  app_timer2.o [8]
state_set                  0x2'e179   0x1c  Code  Lc  app_button.o [8]
std_n                      0x2'8793   0x80  Code  Lc  nrf_log_frontend.o [9]
store_car_value            0x2'9245   0x56  Code  Gb  gatt_cache_manager.o [6]
store_car_value::car_value_false
                           0x2'9460    0x4  Data  Lc  gatt_cache_manager.o [6]
store_car_value::car_value_true
                           0x2'945c    0x4  Data  Lc  gatt_cache_manager.o [6]
timer_expire               0x2'ddbd   0x60  Code  Lc  app_timer2.o [8]
timer_req_schedule         0x2'df81   0x34  Code  Lc  app_timer2.o [8]
timer_start                0x2'e299    0xe  Code  Lc  app_button.o [8]
tx_byte                    0x2'c285   0x20  Code  Lc  nrfx_uart.o [7]
tx_done_event              0x2'c39f   0x1e  Code  Lc  nrfx_uart.o [7]
tx_done_event              0x2'c90f   0x1e  Code  Lc  nrfx_uarte.o [7]
uart_evt_handler           0x2'f7e1    0x2  Code  Lc  nrf_drv_uart.o [7]
uart_evt_handler           0x2'f689    0x8  Code  Lc  nrf_log_backend_uart.o [9]
uart_init                  0x2'f691   0x42  Code  Lc  nrf_log_backend_uart.o [9]
uart_log_backend           0x3'270c   0x10  Data  Lc  nrf_log_default_backends.o [9]
uarte_evt_handler          0x2'f7dd    0x4  Code  Lc  nrf_drv_uart.o [7]
uint16_decode              0x2'f7c1    0xc  Code  Lc  ble_srv_common.o [6]
uint16_encode              0x2'cf41    0xa  Code  Lc  ble_advdata.o [6]
uninit                     0x3'0071   0x18  Code  Lc  nrf_fstorage_sd.o [8]
unsigned_print             0x2'fbed   0xa2  Code  Lc  nrf_fprintf_format.o [8]
unsigned_print::_aV2C      0x2'fecc   0x10  Data  Lc  nrf_fprintf_format.o [8]
update_pending_flags_check
                           0x2'90fd   0x22  Code  Lc  gatt_cache_manager.o [6]
update_timeout_handler     0x2'f49f   0x60  Code  Lc  ble_conn_params.o [6]
use_whitelist              0x2'd3bd   0x18  Code  Lc  ble_advertising.o [6]
user_flag_is_acquired      0x2'a00b    0x8  Code  Lc  ble_conn_state.o [6]
user_mem_reply             0x2'ec3f   0x1e  Code  Lc  nrf_ble_qwr.o [6]
usr_event                  0x2'e1b9   0x20  Code  Lc  app_button.o [8]
uuid_list_encode           0x2'cfe7   0x2e  Code  Lc  ble_advdata.o [6]
uuid_list_sized_encode     0x2'cf4b   0x9c  Code  Lc  ble_advdata.o [6]
wakeup_button_cfg          0x2'db69   0x46  Code  Lc  bsp.o [3]
wmap                       0x3'0133    0x4  Code  Lc  nrf_fstorage_sd.o [8]
write                      0x3'0089   0x44  Code  Lc  nrf_fstorage_sd.o [8]
write_buf_store            0x2'a78f   0xe6  Code  Gb  peer_database.o [6]
write_buffer_record_find
                           0x2'a701   0x36  Code  Lc  peer_database.o [6]
write_buffer_record_find_next
                           0x2'a6dd   0x24  Code  Lc  peer_database.o [6]
write_buffer_record_invalidate
                           0x2'a6c1   0x1c  Code  Lc  peer_database.o [6]
write_buffer_record_release
                           0x2'a737   0x2a  Code  Lc  peer_database.o [6]
write_enqueue              0x2'7a6b   0xca  Code  Lc  fds.o [8]
write_execute::desc     0x2000'2eac    0xc  Data  Lc  fds.o [8]
write_execute::page     0x2000'2eb8    0x2  Data  Lc  fds.o [8]
write_space_free           0x2'73a1   0x16  Code  Lc  fds.o [8]
write_space_reserve        0x2'7351   0x50  Code  Lc  fds.o [8]


[1] = D:\GitHub\NRF52840_WS2812B_BLE\nRF5_SDK_17.0.2_d674dde\examples\ble_peripheral\ble_app_template\pca10056\s140\iar\_build\Application
[2] = D:\GitHub\NRF52840_WS2812B_BLE\nRF5_SDK_17.0.2_d674dde\examples\ble_peripheral\ble_app_template\pca10056\s140\iar\_build\Board Definition
[3] = D:\GitHub\NRF52840_WS2812B_BLE\nRF5_SDK_17.0.2_d674dde\examples\ble_peripheral\ble_app_template\pca10056\s140\iar\_build\Board Support
[4] = D:\GitHub\NRF52840_WS2812B_BLE\nRF5_SDK_17.0.2_d674dde\examples\ble_peripheral\ble_app_template\pca10056\s140\iar\_build\None
[5] = D:\GitHub\NRF52840_WS2812B_BLE\nRF5_SDK_17.0.2_d674dde\examples\ble_peripheral\ble_app_template\pca10056\s140\iar\_build\UTF8\UTF16 converter
[6] = D:\GitHub\NRF52840_WS2812B_BLE\nRF5_SDK_17.0.2_d674dde\examples\ble_peripheral\ble_app_template\pca10056\s140\iar\_build\nRF_BLE
[7] = D:\GitHub\NRF52840_WS2812B_BLE\nRF5_SDK_17.0.2_d674dde\examples\ble_peripheral\ble_app_template\pca10056\s140\iar\_build\nRF_Drivers
[8] = D:\GitHub\NRF52840_WS2812B_BLE\nRF5_SDK_17.0.2_d674dde\examples\ble_peripheral\ble_app_template\pca10056\s140\iar\_build\nRF_Libraries
[9] = D:\GitHub\NRF52840_WS2812B_BLE\nRF5_SDK_17.0.2_d674dde\examples\ble_peripheral\ble_app_template\pca10056\s140\iar\_build\nRF_Log
[10] = D:\GitHub\NRF52840_WS2812B_BLE\nRF5_SDK_17.0.2_d674dde\examples\ble_peripheral\ble_app_template\pca10056\s140\iar\_build\nRF_Segger_RTT
[11] = D:\GitHub\NRF52840_WS2812B_BLE\nRF5_SDK_17.0.2_d674dde\examples\ble_peripheral\ble_app_template\pca10056\s140\iar\_build\nRF_SoftDevice
[12] = dl7M_tlf.a
[13] = m7M_tls.a
[14] = rt7M_tl.a

  38'626 bytes of readonly  code memory
   8'925 bytes of readonly  data memory
  13'217 bytes of readwrite data memory

Errors: none
Warnings: none
